Archive member included to satisfy reference by file (symbol)

C:\Users\User\e2_studio\workspace\UART\synergy\ssp\src\driver\r_fmi\libs\libfmi_cm4_s7g2_gcc.a(r_fmi.o)
                              ./synergy/ssp/src/driver/r_sci_uart/r_sci_uart.o (g_fmi_on_fmi)
C:\Users\User\e2_studio\workspace\UART\synergy\ssp\src\framework\el\tx\cm4_gcc\libtx.a(txe_event_flags_create.o)
                              ./synergy/ssp/src/framework/sf_uart_comms/sf_uart_comms.o (_txe_event_flags_create)
C:\Users\User\e2_studio\workspace\UART\synergy\ssp\src\framework\el\tx\cm4_gcc\libtx.a(txe_event_flags_delete.o)
                              ./synergy/ssp/src/framework/sf_uart_comms/sf_uart_comms.o (_txe_event_flags_delete)
C:\Users\User\e2_studio\workspace\UART\synergy\ssp\src\framework\el\tx\cm4_gcc\libtx.a(txe_event_flags_get.o)
                              ./synergy/ssp/src/framework/sf_uart_comms/sf_uart_comms.o (_txe_event_flags_get)
C:\Users\User\e2_studio\workspace\UART\synergy\ssp\src\framework\el\tx\cm4_gcc\libtx.a(txe_event_flags_set.o)
                              ./synergy/ssp/src/framework/sf_uart_comms/sf_uart_comms.o (_txe_event_flags_set)
C:\Users\User\e2_studio\workspace\UART\synergy\ssp\src\framework\el\tx\cm4_gcc\libtx.a(txe_mutex_create.o)
                              ./synergy/ssp/src/framework/sf_uart_comms/sf_uart_comms.o (_txe_mutex_create)
C:\Users\User\e2_studio\workspace\UART\synergy\ssp\src\framework\el\tx\cm4_gcc\libtx.a(txe_mutex_delete.o)
                              ./synergy/ssp/src/framework/sf_uart_comms/sf_uart_comms.o (_txe_mutex_delete)
C:\Users\User\e2_studio\workspace\UART\synergy\ssp\src\framework\el\tx\cm4_gcc\libtx.a(txe_mutex_get.o)
                              ./synergy/ssp/src/framework/sf_uart_comms/sf_uart_comms.o (_txe_mutex_get)
C:\Users\User\e2_studio\workspace\UART\synergy\ssp\src\framework\el\tx\cm4_gcc\libtx.a(txe_mutex_put.o)
                              ./synergy/ssp/src/framework/sf_uart_comms/sf_uart_comms.o (_txe_mutex_put)
C:\Users\User\e2_studio\workspace\UART\synergy\ssp\src\framework\el\tx\cm4_gcc\libtx.a(txe_queue_create.o)
                              ./synergy/ssp/src/framework/sf_uart_comms/sf_uart_comms.o (_txe_queue_create)
C:\Users\User\e2_studio\workspace\UART\synergy\ssp\src\framework\el\tx\cm4_gcc\libtx.a(txe_queue_delete.o)
                              ./synergy/ssp/src/framework/sf_uart_comms/sf_uart_comms.o (_txe_queue_delete)
C:\Users\User\e2_studio\workspace\UART\synergy\ssp\src\framework\el\tx\cm4_gcc\libtx.a(txe_queue_receive.o)
                              ./synergy/ssp/src/framework/sf_uart_comms/sf_uart_comms.o (_txe_queue_receive)
C:\Users\User\e2_studio\workspace\UART\synergy\ssp\src\framework\el\tx\cm4_gcc\libtx.a(txe_queue_send.o)
                              ./synergy/ssp/src/framework/sf_uart_comms/sf_uart_comms.o (_txe_queue_send)
C:\Users\User\e2_studio\workspace\UART\synergy\ssp\src\framework\el\tx\cm4_gcc\libtx.a(txe_semaphore_create.o)
                              ./src/synergy_gen/main.o (_txe_semaphore_create)
C:\Users\User\e2_studio\workspace\UART\synergy\ssp\src\framework\el\tx\cm4_gcc\libtx.a(txe_semaphore_get.o)
                              ./src/synergy_gen/main.o (_txe_semaphore_get)
C:\Users\User\e2_studio\workspace\UART\synergy\ssp\src\framework\el\tx\cm4_gcc\libtx.a(txe_semaphore_put.o)
                              ./src/synergy_gen/main.o (_txe_semaphore_put)
C:\Users\User\e2_studio\workspace\UART\synergy\ssp\src\framework\el\tx\cm4_gcc\libtx.a(txe_thread_create.o)
                              ./src/synergy_gen/blinky_thread.o (_txe_thread_create)
C:\Users\User\e2_studio\workspace\UART\synergy\ssp\src\framework\el\tx\cm4_gcc\libtx.a(tx_event_flags_create.o)
                              C:\Users\User\e2_studio\workspace\UART\synergy\ssp\src\framework\el\tx\cm4_gcc\libtx.a(txe_event_flags_create.o) (_tx_event_flags_create)
C:\Users\User\e2_studio\workspace\UART\synergy\ssp\src\framework\el\tx\cm4_gcc\libtx.a(tx_event_flags_delete.o)
                              C:\Users\User\e2_studio\workspace\UART\synergy\ssp\src\framework\el\tx\cm4_gcc\libtx.a(txe_event_flags_delete.o) (_tx_event_flags_delete)
C:\Users\User\e2_studio\workspace\UART\synergy\ssp\src\framework\el\tx\cm4_gcc\libtx.a(tx_event_flags_get.o)
                              C:\Users\User\e2_studio\workspace\UART\synergy\ssp\src\framework\el\tx\cm4_gcc\libtx.a(txe_event_flags_get.o) (_tx_event_flags_get)
C:\Users\User\e2_studio\workspace\UART\synergy\ssp\src\framework\el\tx\cm4_gcc\libtx.a(tx_event_flags_set.o)
                              C:\Users\User\e2_studio\workspace\UART\synergy\ssp\src\framework\el\tx\cm4_gcc\libtx.a(txe_event_flags_set.o) (_tx_event_flags_set)
C:\Users\User\e2_studio\workspace\UART\synergy\ssp\src\framework\el\tx\cm4_gcc\libtx.a(tx_initialize_high_level.o)
                              C:\Users\User\e2_studio\workspace\UART\synergy\ssp\src\framework\el\tx\cm4_gcc\libtx.a(txe_mutex_create.o) (_tx_mutex_created_count)
[...]
Memory Configuration

Name             Origin             Length             Attributes
FLASH            0x00000000         0x00400000         xr
RAM              0x1ffe0000         0x000a0000         xrw
DATA_FLASH       0x40100000         0x00010000         xr
QSPI_FLASH       0x60000000         0x04000000         xr
SDRAM            0x90000000         0x02000000         xrw
ID_CODES         0x40120050         0x00000010         xr
*default*        0x00000000         0xffffffff

Linker script and memory map

LOAD c:/renesas/synergy/e2studio_v2024-01.1_ssp_v2.6.1/toolchains/gcc_arm/gcc-arm-none-eabi-10.3-2021.10/bin/../lib/gcc/arm-none-eabi/10.3.1/thumb/v7e-m+fp/hard/crti.o
LOAD c:/renesas/synergy/e2studio_v2024-01.1_ssp_v2.6.1/toolchains/gcc_arm/gcc-arm-none-eabi-10.3-2021.10/bin/../lib/gcc/arm-none-eabi/10.3.1/thumb/v7e-m+fp/hard/crtbegin.o
LOAD c:/renesas/synergy/e2studio_v2024-01.1_ssp_v2.6.1/toolchains/gcc_arm/gcc-arm-none-eabi-10.3-2021.10/bin/../lib/gcc/arm-none-eabi/10.3.1/../../../../arm-none-eabi/lib/thumb/v7e-m+fp/hard/rdimon-crt0.o
START GROUP
LOAD ./synergy/ssp/src/framework/sf_uart_comms/sf_uart_comms.o
LOAD ./synergy/ssp/src/driver/r_sci_uart/r_sci_uart.o
LOAD ./synergy/ssp/src/driver/r_ioport/r_ioport.o
LOAD ./synergy/ssp/src/driver/r_elc/r_elc.o
LOAD ./synergy/ssp/src/driver/r_dtc/r_dtc.o
LOAD ./synergy/ssp/src/driver/r_cgc/r_cgc.o
LOAD ./synergy/ssp/src/bsp/mcu/s7g2/bsp_cache.o
LOAD ./synergy/ssp/src/bsp/mcu/s7g2/bsp_clocks.o
LOAD ./synergy/ssp/src/bsp/mcu/s7g2/bsp_feature.o
LOAD ./synergy/ssp/src/bsp/mcu/s7g2/bsp_group_irq.o
LOAD ./synergy/ssp/src/bsp/mcu/s7g2/bsp_hw_locks.o
LOAD ./synergy/ssp/src/bsp/mcu/s7g2/bsp_module_stop.o
LOAD ./synergy/ssp/src/bsp/mcu/s7g2/bsp_rom_registers.o
LOAD ./synergy/ssp/src/bsp/mcu/all/bsp_common.o
LOAD ./synergy/ssp/src/bsp/mcu/all/bsp_common_leds.o
LOAD ./synergy/ssp/src/bsp/mcu/all/bsp_delay.o
LOAD ./synergy/ssp/src/bsp/mcu/all/bsp_irq.o
LOAD ./synergy/ssp/src/bsp/mcu/all/bsp_locking.o
LOAD ./synergy/ssp/src/bsp/mcu/all/bsp_register_protection.o
LOAD ./synergy/ssp/src/bsp/mcu/all/bsp_sbrk.o
LOAD ./synergy/ssp/src/bsp/cmsis/Device/RENESAS/S7G2/Source/startup_S7G2.o
LOAD ./synergy/ssp/src/bsp/cmsis/Device/RENESAS/S7G2/Source/system_S7G2.o
LOAD ./synergy/board/s7g2_sk/bsp_init.o
LOAD ./synergy/board/s7g2_sk/bsp_leds.o
LOAD ./synergy/board/s7g2_sk/bsp_qspi.o
LOAD ./src/synergy_gen/blinky_thread.o
LOAD ./src/synergy_gen/common_data.o
LOAD ./src/synergy_gen/hal_data.o
LOAD ./src/synergy_gen/main.o
LOAD ./src/synergy_gen/pin_data.o
LOAD ./src/blinky_thread_entry.o
LOAD ./src/hal_entry.o
LOAD C:\Users\User\e2_studio\workspace\UART\synergy\ssp\src\bsp\cmsis\DSP_Lib\cm4_gcc\libDSP_Lib.a
LOAD C:\Users\User\e2_studio\workspace\UART\synergy\ssp\src\bsp\cmsis\NN_Lib\cm4_gcc\libNN_Lib.a
LOAD C:\Users\User\e2_studio\workspace\UART\synergy\ssp\src\driver\r_fmi\libs\libfmi_cm4_s7g2_gcc.a
LOAD C:\Users\User\e2_studio\workspace\UART\synergy\ssp\src\framework\el\tx\cm4_gcc\libtx.a
LOAD C:\Users\User\e2_studio\workspace\UART\synergy\ssp\src\bsp\mcu\s7g2\libfmi_R7FS7G27H3A01CFC_gcc.a
END GROUP
START GROUP
LOAD c:/renesas/synergy/e2studio_v2024-01.1_ssp_v2.6.1/toolchains/gcc_arm/gcc-arm-none-eabi-10.3-2021.10/bin/../lib/gcc/arm-none-eabi/10.3.1/thumb/v7e-m+fp/hard\libgcc.a
LOAD c:/renesas/synergy/e2studio_v2024-01.1_ssp_v2.6.1/toolchains/gcc_arm/gcc-arm-none-eabi-10.3-2021.10/bin/../lib/gcc/arm-none-eabi/10.3.1/../../../../arm-none-eabi/lib/thumb/v7e-m+fp/hard\libg_nano.a
LOAD c:/renesas/synergy/e2studio_v2024-01.1_ssp_v2.6.1/toolchains/gcc_arm/gcc-arm-none-eabi-10.3-2021.10/bin/../lib/gcc/arm-none-eabi/10.3.1/../../../../arm-none-eabi/lib/thumb/v7e-m+fp/hard\libc_nano.a
END GROUP
START GROUP
LOAD c:/renesas/synergy/e2studio_v2024-01.1_ssp_v2.6.1/toolchains/gcc_arm/gcc-arm-none-eabi-10.3-2021.10/bin/../lib/gcc/arm-none-eabi/10.3.1/thumb/v7e-m+fp/hard\libgcc.a
LOAD c:/renesas/synergy/e2studio_v2024-01.1_ssp_v2.6.1/toolchains/gcc_arm/gcc-arm-none-eabi-10.3-2021.10/bin/../lib/gcc/arm-none-eabi/10.3.1/../../../../arm-none-eabi/lib/thumb/v7e-m+fp/hard\libc_nano.a
LOAD c:/renesas/synergy/e2studio_v2024-01.1_ssp_v2.6.1/toolchains/gcc_arm/gcc-arm-none-eabi-10.3-2021.10/bin/../lib/gcc/arm-none-eabi/10.3.1/../../../../arm-none-eabi/lib/thumb/v7e-m+fp/hard\librdimon_nano.a
END GROUP
START GROUP
LOAD c:/renesas/synergy/e2studio_v2024-01.1_ssp_v2.6.1/toolchains/gcc_arm/gcc-arm-none-eabi-10.3-2021.10/bin/../lib/gcc/arm-none-eabi/10.3.1/thumb/v7e-m+fp/hard\libgcc.a
LOAD c:/renesas/synergy/e2studio_v2024-01.1_ssp_v2.6.1/toolchains/gcc_arm/gcc-arm-none-eabi-10.3-2021.10/bin/../lib/gcc/arm-none-eabi/10.3.1/../../../../arm-none-eabi/lib/thumb/v7e-m+fp/hard\libc_nano.a
LOAD c:/renesas/synergy/e2studio_v2024-01.1_ssp_v2.6.1/toolchains/gcc_arm/gcc-arm-none-eabi-10.3-2021.10/bin/../lib/gcc/arm-none-eabi/10.3.1/../../../../arm-none-eabi/lib/thumb/v7e-m+fp/hard\librdimon_nano.a
END GROUP
LOAD c:/renesas/synergy/e2studio_v2024-01.1_ssp_v2.6.1/toolchains/gcc_arm/gcc-arm-none-eabi-10.3-2021.10/bin/../lib/gcc/arm-none-eabi/10.3.1/thumb/v7e-m+fp/hard/crtend.o
LOAD c:/renesas/synergy/e2studio_v2024-01.1_ssp_v2.6.1/toolchains/gcc_arm/gcc-arm-none-eabi-10.3-2021.10/bin/../lib/gcc/arm-none-eabi/10.3.1/thumb/v7e-m+fp/hard/crtn.o
START GROUP
LOAD c:/renesas/synergy/e2studio_v2024-01.1_ssp_v2.6.1/toolchains/gcc_arm/gcc-arm-none-eabi-10.3-2021.10/bin/../lib/gcc/arm-none-eabi/10.3.1/thumb/v7e-m+fp/hard\libgcc.a
LOAD c:/renesas/synergy/e2studio_v2024-01.1_ssp_v2.6.1/toolchains/gcc_arm/gcc-arm-none-eabi-10.3-2021.10/bin/../lib/gcc/arm-none-eabi/10.3.1/../../../../arm-none-eabi/lib/thumb/v7e-m+fp/hard\libc.a
LOAD c:/renesas/synergy/e2studio_v2024-01.1_ssp_v2.6.1/toolchains/gcc_arm/gcc-arm-none-eabi-10.3-2021.10/bin/../lib/gcc/arm-none-eabi/10.3.1/../../../../arm-none-eabi/lib/thumb/v7e-m+fp/hard\libm.a
LOAD c:/renesas/synergy/e2studio_v2024-01.1_ssp_v2.6.1/toolchains/gcc_arm/gcc-arm-none-eabi-10.3-2021.10/bin/../lib/gcc/arm-none-eabi/10.3.1/../../../../arm-none-eabi/lib/thumb/v7e-m+fp/hard\libnosys.a
END GROUP

.text           0x00000000     0x9d70
                0x00000000                __ROM_Start = .
 *(.vectors)
 .vectors       0x00000000       0x40 ./synergy/ssp/src/bsp/cmsis/Device/RENESAS/S7G2/Source/startup_S7G2.o
                0x00000000                __Vectors
 *(SORT_BY_NAME(.vector.*))
 .vector.SCI_3_ERI
                0x00000040        0x4 ./src/synergy_gen/blinky_thread.o
                0x00000040                g_vector_SCI_3_ERI
 .vector.SCI_3_RXI
                0x00000044        0x4 ./src/synergy_gen/blinky_thread.o
                0x00000044                g_vector_SCI_3_RXI
 .vector.SCI_3_TEI
                0x00000048        0x4 ./src/synergy_gen/blinky_thread.o
                0x00000048                g_vector_SCI_3_TEI
 .vector.SCI_3_TXI
                0x0000004c        0x4 ./src/synergy_gen/blinky_thread.o
                0x0000004c                g_vector_SCI_3_TXI
                0x00000050                __Vectors_End = .
                0x1ffe0838                __end__ = .
                0x00000400                . = (__ROM_Start + 0x400)
 *fill*         0x00000050      0x3b0 ff
 *(.rom_registers*)
 .rom_registers
                0x00000400       0x3c ./synergy/ssp/src/bsp/mcu/s7g2/bsp_rom_registers.o
                0x00000500                . = (__ROM_Start + 0x500)
 *fill*         0x0000043c       0xc4 ff
                0x00000500                __Vector_Info_Start = .
 *(SORT_BY_NAME(.vector_info.*))
 .vector_info.SCI_3_ERI
                0x00000500        0x8 ./src/synergy_gen/blinky_thread.o
                0x00000500                g_vector_info_SCI_3_ERI
 .vector_info.SCI_3_RXI
                0x00000508        0x8 ./src/synergy_gen/blinky_thread.o
                0x00000508                g_vector_info_SCI_3_RXI
 .vector_info.SCI_3_TEI
                0x00000510        0x8 ./src/synergy_gen/blinky_thread.o
                0x00000510                g_vector_info_SCI_3_TEI
 .vector_info.SCI_3_TXI
                0x00000518        0x8 ./src/synergy_gen/blinky_thread.o
                0x00000518                g_vector_info_SCI_3_TXI
                0x00000520                __Vector_Info_End = .
                0x00000520                __Lock_Lookup_Start = .
 *(SORT_BY_NAME(.hw_lock_lookup.*))
 .hw_lock_lookup.ADC_0U_0U
                0x00000520        0x4 ./synergy/ssp/src/bsp/mcu/s7g2/bsp_hw_locks.o
                0x00000520                g_lock_lookup_ADC_0U_0U
 .hw_lock_lookup.ADC_0U_1U
                0x00000524        0x4 ./synergy/ssp/src/bsp/mcu/s7g2/bsp_hw_locks.o
                0x00000524                g_lock_lookup_ADC_0U_1U
 .hw_lock_lookup.AGT_0U_0U
                0x00000528        0x4 ./synergy/ssp/src/bsp/mcu/s7g2/bsp_hw_locks.o
                0x00000528                g_lock_lookup_AGT_0U_0U
 .hw_lock_lookup.AGT_0U_1U
                0x0000052c        0x4 ./synergy/ssp/src/bsp/mcu/s7g2/bsp_hw_locks.o
                0x0000052c                g_lock_lookup_AGT_0U_1U
 .hw_lock_lookup.BSC_0U_1U
                0x00000530        0x4 ./synergy/ssp/src/bsp/mcu/s7g2/bsp_hw_locks.o
                0x00000530                g_lock_lookup_BSC_0U_1U
 .hw_lock_lookup.CAC_0U_0U
                0x00000534        0x4 ./synergy/ssp/src/bsp/mcu/s7g2/bsp_hw_locks.o
                0x00000534                g_lock_lookup_CAC_0U_0U
 .hw_lock_lookup.CAN_0U_0U
                0x00000538        0x4 ./synergy/ssp/src/bsp/mcu/s7g2/bsp_hw_locks.o
                0x00000538                g_lock_lookup_CAN_0U_0U
 .hw_lock_lookup.CAN_0U_1U
                0x0000053c        0x4 ./synergy/ssp/src/bsp/mcu/s7g2/bsp_hw_locks.o
                0x0000053c                g_lock_lookup_CAN_0U_1U
 .hw_lock_lookup.COMP_HS_0U_0U
                0x00000540        0x4 ./synergy/ssp/src/bsp/mcu/s7g2/bsp_hw_locks.o
                0x00000540                g_lock_lookup_COMP_HS_0U_0U
 .hw_lock_lookup.COMP_HS_0U_1U
                0x00000544        0x4 ./synergy/ssp/src/bsp/mcu/s7g2/bsp_hw_locks.o
                0x00000544                g_lock_lookup_COMP_HS_0U_1U
 .hw_lock_lookup.COMP_HS_0U_2U
                0x00000548        0x4 ./synergy/ssp/src/bsp/mcu/s7g2/bsp_hw_locks.o
                0x00000548                g_lock_lookup_COMP_HS_0U_2U
 .hw_lock_lookup.COMP_HS_0U_3U
                0x0000054c        0x4 ./synergy/ssp/src/bsp/mcu/s7g2/bsp_hw_locks.o
                0x0000054c                g_lock_lookup_COMP_HS_0U_3U
 .hw_lock_lookup.COMP_HS_0U_4U
                0x00000550        0x4 ./synergy/ssp/src/bsp/mcu/s7g2/bsp_hw_locks.o
                0x00000550                g_lock_lookup_COMP_HS_0U_4U
 .hw_lock_lookup.COMP_HS_0U_5U
                0x00000554        0x4 ./synergy/ssp/src/bsp/mcu/s7g2/bsp_hw_locks.o
                0x00000554                g_lock_lookup_COMP_HS_0U_5U
 .hw_lock_lookup.CRC_0U_0U
                0x00000558        0x4 ./synergy/ssp/src/bsp/mcu/s7g2/bsp_hw_locks.o
                0x00000558                g_lock_lookup_CRC_0U_0U
 .hw_lock_lookup.CTSU_0U_0U
                0x0000055c        0x4 ./synergy/ssp/src/bsp/mcu/s7g2/bsp_hw_locks.o
                0x0000055c                g_lock_lookup_CTSU_0U_0U
 .hw_lock_lookup.DAAD_0U_0U
                0x00000560        0x4 ./synergy/ssp/src/bsp/mcu/s7g2/bsp_hw_locks.o
                0x00000560                g_lock_lookup_DAAD_0U_0U
 .hw_lock_lookup.DAC_0U_0U
                0x00000564        0x4 ./synergy/ssp/src/bsp/mcu/s7g2/bsp_hw_locks.o
                0x00000564                g_lock_lookup_DAC_0U_0U
 .hw_lock_lookup.DAC_0U_1U
                0x00000568        0x4 ./synergy/ssp/src/bsp/mcu/s7g2/bsp_hw_locks.o
                0x00000568                g_lock_lookup_DAC_0U_1U
 .hw_lock_lookup.DMAC_0U_0U
                0x0000056c        0x4 ./synergy/ssp/src/bsp/mcu/s7g2/bsp_hw_locks.o
                0x0000056c                g_lock_lookup_DMAC_0U_0U
 .hw_lock_lookup.DMAC_0U_1U
                0x00000570        0x4 ./synergy/ssp/src/bsp/mcu/s7g2/bsp_hw_locks.o
                0x00000570                g_lock_lookup_DMAC_0U_1U
 .hw_lock_lookup.DMAC_0U_2U
                0x00000574        0x4 ./synergy/ssp/src/bsp/mcu/s7g2/bsp_hw_locks.o
                0x00000574                g_lock_lookup_DMAC_0U_2U
 .hw_lock_lookup.DMAC_0U_3U
                0x00000578        0x4 ./synergy/ssp/src/bsp/mcu/s7g2/bsp_hw_locks.o
                0x00000578                g_lock_lookup_DMAC_0U_3U
 .hw_lock_lookup.DMAC_0U_4U
                0x0000057c        0x4 ./synergy/ssp/src/bsp/mcu/s7g2/bsp_hw_locks.o
                0x0000057c                g_lock_lookup_DMAC_0U_4U
 .hw_lock_lookup.DMAC_0U_5U
                0x00000580        0x4 ./synergy/ssp/src/bsp/mcu/s7g2/bsp_hw_locks.o
                0x00000580                g_lock_lookup_DMAC_0U_5U
 .hw_lock_lookup.DMAC_0U_6U
                0x00000584        0x4 ./synergy/ssp/src/bsp/mcu/s7g2/bsp_hw_locks.o
                0x00000584                g_lock_lookup_DMAC_0U_6U
 .hw_lock_lookup.DMAC_0U_7U
                0x00000588        0x4 ./synergy/ssp/src/bsp/mcu/s7g2/bsp_hw_locks.o
                0x00000588                g_lock_lookup_DMAC_0U_7U
 .hw_lock_lookup.DOC_0U_0U
                0x0000058c        0x4 ./synergy/ssp/src/bsp/mcu/s7g2/bsp_hw_locks.o
                0x0000058c                g_lock_lookup_DOC_0U_0U
 .hw_lock_lookup.DRW_0U_0U
                0x00000590        0x4 ./synergy/ssp/src/bsp/mcu/s7g2/bsp_hw_locks.o
                0x00000590                g_lock_lookup_DRW_0U_0U
 .hw_lock_lookup.DTC_0U_0U
                0x00000594        0x4 ./synergy/ssp/src/bsp/mcu/s7g2/bsp_hw_locks.o
                0x00000594                g_lock_lookup_DTC_0U_0U
 .hw_lock_lookup.ELC_0U_0U
                0x00000598        0x4 ./synergy/ssp/src/bsp/mcu/s7g2/bsp_hw_locks.o
                0x00000598                g_lock_lookup_ELC_0U_0U
 .hw_lock_lookup.EPTPC_0U_0U
                0x0000059c        0x4 ./synergy/ssp/src/bsp/mcu/s7g2/bsp_hw_locks.o
                0x0000059c                g_lock_lookup_EPTPC_0U_0U
 .hw_lock_lookup.ETHER_0U_0U
                0x000005a0        0x4 ./synergy/ssp/src/bsp/mcu/s7g2/bsp_hw_locks.o
                0x000005a0                g_lock_lookup_ETHER_0U_0U
 .hw_lock_lookup.ETHER_0U_1U
                0x000005a4        0x4 ./synergy/ssp/src/bsp/mcu/s7g2/bsp_hw_locks.o
                0x000005a4                g_lock_lookup_ETHER_0U_1U
 .hw_lock_lookup.FCU_0U_0U
                0x000005a8        0x4 ./synergy/ssp/src/bsp/mcu/s7g2/bsp_hw_locks.o
                0x000005a8                g_lock_lookup_FCU_0U_0U
 .hw_lock_lookup.GLCDC_0U_0U
                0x000005ac        0x4 ./synergy/ssp/src/bsp/mcu/s7g2/bsp_hw_locks.o
                0x000005ac                g_lock_lookup_GLCDC_0U_0U
 .hw_lock_lookup.GPT_0U_0U
                0x000005b0        0x4 ./synergy/ssp/src/bsp/mcu/s7g2/bsp_hw_locks.o
                0x000005b0                g_lock_lookup_GPT_0U_0U
 .hw_lock_lookup.GPT_0U_10U
                0x000005b4        0x4 ./synergy/ssp/src/bsp/mcu/s7g2/bsp_hw_locks.o
                0x000005b4                g_lock_lookup_GPT_0U_10U
 .hw_lock_lookup.GPT_0U_11U
                0x000005b8        0x4 ./synergy/ssp/src/bsp/mcu/s7g2/bsp_hw_locks.o
                0x000005b8                g_lock_lookup_GPT_0U_11U
 .hw_lock_lookup.GPT_0U_12U
                0x000005bc        0x4 ./synergy/ssp/src/bsp/mcu/s7g2/bsp_hw_locks.o
                0x000005bc                g_lock_lookup_GPT_0U_12U
 .hw_lock_lookup.GPT_0U_13U
                0x000005c0        0x4 ./synergy/ssp/src/bsp/mcu/s7g2/bsp_hw_locks.o
                0x000005c0                g_lock_lookup_GPT_0U_13U
 .hw_lock_lookup.GPT_0U_1U
                0x000005c4        0x4 ./synergy/ssp/src/bsp/mcu/s7g2/bsp_hw_locks.o
                0x000005c4                g_lock_lookup_GPT_0U_1U
 .hw_lock_lookup.GPT_0U_2U
                0x000005c8        0x4 ./synergy/ssp/src/bsp/mcu/s7g2/bsp_hw_locks.o
                0x000005c8                g_lock_lookup_GPT_0U_2U
 .hw_lock_lookup.GPT_0U_3U
                0x000005cc        0x4 ./synergy/ssp/src/bsp/mcu/s7g2/bsp_hw_locks.o
                0x000005cc                g_lock_lookup_GPT_0U_3U
 .hw_lock_lookup.GPT_0U_4U
                0x000005d0        0x4 ./synergy/ssp/src/bsp/mcu/s7g2/bsp_hw_locks.o
                0x000005d0                g_lock_lookup_GPT_0U_4U
 .hw_lock_lookup.GPT_0U_5U
                0x000005d4        0x4 ./synergy/ssp/src/bsp/mcu/s7g2/bsp_hw_locks.o
                0x000005d4                g_lock_lookup_GPT_0U_5U
 .hw_lock_lookup.GPT_0U_6U
                0x000005d8        0x4 ./synergy/ssp/src/bsp/mcu/s7g2/bsp_hw_locks.o
                0x000005d8                g_lock_lookup_GPT_0U_6U
 .hw_lock_lookup.GPT_0U_7U
                0x000005dc        0x4 ./synergy/ssp/src/bsp/mcu/s7g2/bsp_hw_locks.o
                0x000005dc                g_lock_lookup_GPT_0U_7U
 .hw_lock_lookup.GPT_0U_8U
                0x000005e0        0x4 ./synergy/ssp/src/bsp/mcu/s7g2/bsp_hw_locks.o
                0x000005e0                g_lock_lookup_GPT_0U_8U
 .hw_lock_lookup.GPT_0U_9U
                0x000005e4        0x4 ./synergy/ssp/src/bsp/mcu/s7g2/bsp_hw_locks.o
                0x000005e4                g_lock_lookup_GPT_0U_9U
 .hw_lock_lookup.ICU_0U_0U
                0x000005e8        0x4 ./synergy/ssp/src/bsp/mcu/s7g2/bsp_hw_locks.o
                0x000005e8                g_lock_lookup_ICU_0U_0U
 .hw_lock_lookup.ICU_0U_10U
                0x000005ec        0x4 ./synergy/ssp/src/bsp/mcu/s7g2/bsp_hw_locks.o
                0x000005ec                g_lock_lookup_ICU_0U_10U
 .hw_lock_lookup.ICU_0U_11U
                0x000005f0        0x4 ./synergy/ssp/src/bsp/mcu/s7g2/bsp_hw_locks.o
                0x000005f0                g_lock_lookup_ICU_0U_11U
 .hw_lock_lookup.ICU_0U_12U
                0x000005f4        0x4 ./synergy/ssp/src/bsp/mcu/s7g2/bsp_hw_locks.o
                0x000005f4                g_lock_lookup_ICU_0U_12U
 .hw_lock_lookup.ICU_0U_13U
                0x000005f8        0x4 ./synergy/ssp/src/bsp/mcu/s7g2/bsp_hw_locks.o
                0x000005f8                g_lock_lookup_ICU_0U_13U
 .hw_lock_lookup.ICU_0U_14U
                0x000005fc        0x4 ./synergy/ssp/src/bsp/mcu/s7g2/bsp_hw_locks.o
                0x000005fc                g_lock_lookup_ICU_0U_14U
 .hw_lock_lookup.ICU_0U_15U
                0x00000600        0x4 ./synergy/ssp/src/bsp/mcu/s7g2/bsp_hw_locks.o
                0x00000600                g_lock_lookup_ICU_0U_15U
 .hw_lock_lookup.ICU_0U_1U
                0x00000604        0x4 ./synergy/ssp/src/bsp/mcu/s7g2/bsp_hw_locks.o
                0x00000604                g_lock_lookup_ICU_0U_1U
 .hw_lock_lookup.ICU_0U_2U
                0x00000608        0x4 ./synergy/ssp/src/bsp/mcu/s7g2/bsp_hw_locks.o
                0x00000608                g_lock_lookup_ICU_0U_2U
 .hw_lock_lookup.ICU_0U_3U
                0x0000060c        0x4 ./synergy/ssp/src/bsp/mcu/s7g2/bsp_hw_locks.o
                0x0000060c                g_lock_lookup_ICU_0U_3U
 .hw_lock_lookup.ICU_0U_4U
                0x00000610        0x4 ./synergy/ssp/src/bsp/mcu/s7g2/bsp_hw_locks.o
                0x00000610                g_lock_lookup_ICU_0U_4U
 .hw_lock_lookup.ICU_0U_5U
                0x00000614        0x4 ./synergy/ssp/src/bsp/mcu/s7g2/bsp_hw_locks.o
                0x00000614                g_lock_lookup_ICU_0U_5U
 .hw_lock_lookup.ICU_0U_6U
                0x00000618        0x4 ./synergy/ssp/src/bsp/mcu/s7g2/bsp_hw_locks.o
                0x00000618                g_lock_lookup_ICU_0U_6U
 .hw_lock_lookup.ICU_0U_7U
                0x0000061c        0x4 ./synergy/ssp/src/bsp/mcu/s7g2/bsp_hw_locks.o
                0x0000061c                g_lock_lookup_ICU_0U_7U
 .hw_lock_lookup.ICU_0U_8U
                0x00000620        0x4 ./synergy/ssp/src/bsp/mcu/s7g2/bsp_hw_locks.o
                0x00000620                g_lock_lookup_ICU_0U_8U
 .hw_lock_lookup.ICU_0U_9U
                0x00000624        0x4 ./synergy/ssp/src/bsp/mcu/s7g2/bsp_hw_locks.o
                0x00000624                g_lock_lookup_ICU_0U_9U
 .hw_lock_lookup.IIC_0U_0U
                0x00000628        0x4 ./synergy/ssp/src/bsp/mcu/s7g2/bsp_hw_locks.o
                0x00000628                g_lock_lookup_IIC_0U_0U
 .hw_lock_lookup.IIC_0U_1U
                0x0000062c        0x4 ./synergy/ssp/src/bsp/mcu/s7g2/bsp_hw_locks.o
                0x0000062c                g_lock_lookup_IIC_0U_1U
 .hw_lock_lookup.IIC_0U_2U
                0x00000630        0x4 ./synergy/ssp/src/bsp/mcu/s7g2/bsp_hw_locks.o
                0x00000630                g_lock_lookup_IIC_0U_2U
 .hw_lock_lookup.IRDA_0U_0U
                0x00000634        0x4 ./synergy/ssp/src/bsp/mcu/s7g2/bsp_hw_locks.o
                0x00000634                g_lock_lookup_IRDA_0U_0U
 .hw_lock_lookup.IWDT_0U_0U
                0x00000638        0x4 ./synergy/ssp/src/bsp/mcu/s7g2/bsp_hw_locks.o
                0x00000638                g_lock_lookup_IWDT_0U_0U
 .hw_lock_lookup.JPEG_0U_0U
                0x0000063c        0x4 ./synergy/ssp/src/bsp/mcu/s7g2/bsp_hw_locks.o
                0x0000063c                g_lock_lookup_JPEG_0U_0U
 .hw_lock_lookup.KEY_0U_0U
                0x00000640        0x4 ./synergy/ssp/src/bsp/mcu/s7g2/bsp_hw_locks.o
                0x00000640                g_lock_lookup_KEY_0U_0U
 .hw_lock_lookup.LPM_1U_0U
                0x00000644        0x4 ./synergy/ssp/src/bsp/mcu/s7g2/bsp_hw_locks.o
                0x00000644                g_lock_lookup_LPM_1U_0U
 .hw_lock_lookup.LVD_0U_0U
                0x00000648        0x4 ./synergy/ssp/src/bsp/mcu/s7g2/bsp_hw_locks.o
                0x00000648                g_lock_lookup_LVD_0U_0U
 .hw_lock_lookup.LVD_0U_1U
                0x0000064c        0x4 ./synergy/ssp/src/bsp/mcu/s7g2/bsp_hw_locks.o
                0x0000064c                g_lock_lookup_LVD_0U_1U
 .hw_lock_lookup.MMF_0U_0U
                0x00000650        0x4 ./synergy/ssp/src/bsp/mcu/s7g2/bsp_hw_locks.o
                0x00000650                g_lock_lookup_MMF_0U_0U
 .hw_lock_lookup.MPU_0U_0U
                0x00000654        0x4 ./synergy/ssp/src/bsp/mcu/s7g2/bsp_hw_locks.o
                0x00000654                g_lock_lookup_MPU_0U_0U
 .hw_lock_lookup.OPS_0U_0U
                0x00000658        0x4 ./synergy/ssp/src/bsp/mcu/s7g2/bsp_hw_locks.o
                0x00000658                g_lock_lookup_OPS_0U_0U
 .hw_lock_lookup.PDC_0U_0U
                0x0000065c        0x4 ./synergy/ssp/src/bsp/mcu/s7g2/bsp_hw_locks.o
                0x0000065c                g_lock_lookup_PDC_0U_0U
 .hw_lock_lookup.POEG_0U_0U
                0x00000660        0x4 ./synergy/ssp/src/bsp/mcu/s7g2/bsp_hw_locks.o
                0x00000660                g_lock_lookup_POEG_0U_0U
 .hw_lock_lookup.POEG_0U_1U
                0x00000664        0x4 ./synergy/ssp/src/bsp/mcu/s7g2/bsp_hw_locks.o
                0x00000664                g_lock_lookup_POEG_0U_1U
 .hw_lock_lookup.POEG_0U_2U
                0x00000668        0x4 ./synergy/ssp/src/bsp/mcu/s7g2/bsp_hw_locks.o
                0x00000668                g_lock_lookup_POEG_0U_2U
 .hw_lock_lookup.POEG_0U_3U
                0x0000066c        0x4 ./synergy/ssp/src/bsp/mcu/s7g2/bsp_hw_locks.o
                0x0000066c                g_lock_lookup_POEG_0U_3U
 .hw_lock_lookup.QSPI_0U_0U
                0x00000670        0x4 ./synergy/ssp/src/bsp/mcu/s7g2/bsp_hw_locks.o
                0x00000670                g_lock_lookup_QSPI_0U_0U
 .hw_lock_lookup.RTC_0U_0U
                0x00000674        0x4 ./synergy/ssp/src/bsp/mcu/s7g2/bsp_hw_locks.o
                0x00000674                g_lock_lookup_RTC_0U_0U
 .hw_lock_lookup.SCE_0U_0U
                0x00000678        0x4 ./synergy/ssp/src/bsp/mcu/s7g2/bsp_hw_locks.o
                0x00000678                g_lock_lookup_SCE_0U_0U
 .hw_lock_lookup.SCI_0U_0U
                0x0000067c        0x4 ./synergy/ssp/src/bsp/mcu/s7g2/bsp_hw_locks.o
                0x0000067c                g_lock_lookup_SCI_0U_0U
 .hw_lock_lookup.SCI_0U_1U
                0x00000680        0x4 ./synergy/ssp/src/bsp/mcu/s7g2/bsp_hw_locks.o
                0x00000680                g_lock_lookup_SCI_0U_1U
 .hw_lock_lookup.SCI_0U_2U
                0x00000684        0x4 ./synergy/ssp/src/bsp/mcu/s7g2/bsp_hw_locks.o
                0x00000684                g_lock_lookup_SCI_0U_2U
 .hw_lock_lookup.SCI_0U_3U
                0x00000688        0x4 ./synergy/ssp/src/bsp/mcu/s7g2/bsp_hw_locks.o
                0x00000688                g_lock_lookup_SCI_0U_3U
 .hw_lock_lookup.SCI_0U_4U
                0x0000068c        0x4 ./synergy/ssp/src/bsp/mcu/s7g2/bsp_hw_locks.o
                0x0000068c                g_lock_lookup_SCI_0U_4U
 .hw_lock_lookup.SCI_0U_5U
                0x00000690        0x4 ./synergy/ssp/src/bsp/mcu/s7g2/bsp_hw_locks.o
                0x00000690                g_lock_lookup_SCI_0U_5U
 .hw_lock_lookup.SCI_0U_6U
                0x00000694        0x4 ./synergy/ssp/src/bsp/mcu/s7g2/bsp_hw_locks.o
                0x00000694                g_lock_lookup_SCI_0U_6U
 .hw_lock_lookup.SCI_0U_7U
                0x00000698        0x4 ./synergy/ssp/src/bsp/mcu/s7g2/bsp_hw_locks.o
                0x00000698                g_lock_lookup_SCI_0U_7U
 .hw_lock_lookup.SCI_0U_8U
                0x0000069c        0x4 ./synergy/ssp/src/bsp/mcu/s7g2/bsp_hw_locks.o
                0x0000069c                g_lock_lookup_SCI_0U_8U
 .hw_lock_lookup.SCI_0U_9U
                0x000006a0        0x4 ./synergy/ssp/src/bsp/mcu/s7g2/bsp_hw_locks.o
                0x000006a0                g_lock_lookup_SCI_0U_9U
 .hw_lock_lookup.SDHIMMC_0U_0U
                0x000006a4        0x4 ./synergy/ssp/src/bsp/mcu/s7g2/bsp_hw_locks.o
                0x000006a4                g_lock_lookup_SDHIMMC_0U_0U
 .hw_lock_lookup.SDHIMMC_0U_1U
                0x000006a8        0x4 ./synergy/ssp/src/bsp/mcu/s7g2/bsp_hw_locks.o
                0x000006a8                g_lock_lookup_SDHIMMC_0U_1U
 .hw_lock_lookup.SPI_0U_0U
                0x000006ac        0x4 ./synergy/ssp/src/bsp/mcu/s7g2/bsp_hw_locks.o
                0x000006ac                g_lock_lookup_SPI_0U_0U
 .hw_lock_lookup.SPI_0U_1U
                0x000006b0        0x4 ./synergy/ssp/src/bsp/mcu/s7g2/bsp_hw_locks.o
                0x000006b0                g_lock_lookup_SPI_0U_1U
 .hw_lock_lookup.SRC_0U_0U
                0x000006b4        0x4 ./synergy/ssp/src/bsp/mcu/s7g2/bsp_hw_locks.o
                0x000006b4                g_lock_lookup_SRC_0U_0U
 .hw_lock_lookup.SSI_0U_0U
                0x000006b8        0x4 ./synergy/ssp/src/bsp/mcu/s7g2/bsp_hw_locks.o
                0x000006b8                g_lock_lookup_SSI_0U_0U
 .hw_lock_lookup.SSI_0U_1U
                0x000006bc        0x4 ./synergy/ssp/src/bsp/mcu/s7g2/bsp_hw_locks.o
                0x000006bc                g_lock_lookup_SSI_0U_1U
 .hw_lock_lookup.TSN_0U_0U
                0x000006c0        0x4 ./synergy/ssp/src/bsp/mcu/s7g2/bsp_hw_locks.o
                0x000006c0                g_lock_lookup_TSN_0U_0U
 .hw_lock_lookup.USB_0U_0U
                0x000006c4        0x4 ./synergy/ssp/src/bsp/mcu/s7g2/bsp_hw_locks.o
                0x000006c4                g_lock_lookup_USB_0U_0U
 .hw_lock_lookup.USB_1U_0U
                0x000006c8        0x4 ./synergy/ssp/src/bsp/mcu/s7g2/bsp_hw_locks.o
                0x000006c8                g_lock_lookup_USB_1U_0U
 .hw_lock_lookup.WDT_0U_0U
                0x000006cc        0x4 ./synergy/ssp/src/bsp/mcu/s7g2/bsp_hw_locks.o
                0x000006cc                g_lock_lookup_WDT_0U_0U
                0x000006d0                __Lock_Lookup_End = .
 *(.text*)
 .text          0x000006d0       0x40 c:/renesas/synergy/e2studio_v2024-01.1_ssp_v2.6.1/toolchains/gcc_arm/gcc-arm-none-eabi-10.3-2021.10/bin/../lib/gcc/arm-none-eabi/10.3.1/thumb/v7e-m+fp/hard/crtbegin.o
 .text.SF_UART_COMMS_VersionGet
                0x00000710        0xc ./synergy/ssp/src/framework/sf_uart_comms/sf_uart_comms.o
                0x00000710                SF_UART_COMMS_VersionGet
 .text.sf_uart_comms_callback
                0x0000071c       0x64 ./synergy/ssp/src/framework/sf_uart_comms/sf_uart_comms.o
 .text.SF_UART_COMMS_Lock
                0x00000780       0x50 ./synergy/ssp/src/framework/sf_uart_comms/sf_uart_comms.o
                0x00000780                SF_UART_COMMS_Lock
 .text.SF_UART_COMMS_Unlock
                0x000007d0       0x54 ./synergy/ssp/src/framework/sf_uart_comms/sf_uart_comms.o
                0x000007d0                SF_UART_COMMS_Unlock
 .text.SF_UART_COMMS_Write
                0x00000824       0xbc ./synergy/ssp/src/framework/sf_uart_comms/sf_uart_comms.o
                0x00000824                SF_UART_COMMS_Write
 .text.sf_uart_comms_receive_chars.isra.0
                0x000008e0       0x5c ./synergy/ssp/src/framework/sf_uart_comms/sf_uart_comms.o
 .text.SF_UART_COMMS_Read
                0x0000093c      0x124 ./synergy/ssp/src/framework/sf_uart_comms/sf_uart_comms.o
                0x0000093c                SF_UART_COMMS_Read
 .text.SF_UART_COMMS_Close
                0x00000a60       0x44 ./synergy/ssp/src/framework/sf_uart_comms/sf_uart_comms.o
                0x00000a60                SF_UART_COMMS_Close
 .text.SF_UART_COMMS_Open
                0x00000aa4      0x148 ./synergy/ssp/src/framework/sf_uart_comms/sf_uart_comms.o
                0x00000aa4                SF_UART_COMMS_Open
 .text.R_SCI_UartVersionGet
                0x00000bec       0x10 ./synergy/ssp/src/driver/r_sci_uart/r_sci_uart.o
                0x00000bec                R_SCI_UartVersionGet
 .text.r_sci_uart_transfer_close
                0x00000bfc       0x28 ./synergy/ssp/src/driver/r_sci_uart/r_sci_uart.o
 .text.r_sci_uart_brr_mddr_calculate
                0x00000c24       0xe4 ./synergy/ssp/src/driver/r_sci_uart/r_sci_uart.o
 .text.R_SCI_UartInfoGet
                0x00000d08       0x90 ./synergy/ssp/src/driver/r_sci_uart/r_sci_uart.o
                0x00000d08                R_SCI_UartInfoGet
 .text.R_SCI_UartRead
                0x00000d98       0x94 ./synergy/ssp/src/driver/r_sci_uart/r_sci_uart.o
                0x00000d98                R_SCI_UartRead
 .text.r_sci_uart_rs485_de_pin_cfg
                0x00000e2c       0x30 ./synergy/ssp/src/driver/r_sci_uart/r_sci_uart.o
 .text.r_sci_uart_write_no_transfer.part.0
                0x00000e5c       0x54 ./synergy/ssp/src/driver/r_sci_uart/r_sci_uart.o
 .text.r_sci_uart_baud_calculate.part.0.constprop.0
                0x00000eb0       0x74 ./synergy/ssp/src/driver/r_sci_uart/r_sci_uart.o
 .text.R_SCI_UartBaudSet
                0x00000f24       0xdc ./synergy/ssp/src/driver/r_sci_uart/r_sci_uart.o
                0x00000f24                R_SCI_UartBaudSet
 .text.R_SCI_UartWrite
                0x00001000      0x15c ./synergy/ssp/src/driver/r_sci_uart/r_sci_uart.o
                0x00001000                R_SCI_UartWrite
 .text.R_SCI_UartAbort
                0x0000115c      0x14c ./synergy/ssp/src/driver/r_sci_uart/r_sci_uart.o
                0x0000115c                R_SCI_UartAbort
 .text.r_sci_irq_cfg
                0x000012a8       0x88 ./synergy/ssp/src/driver/r_sci_uart/r_sci_uart.o
 .text.R_SCI_UartClose
                0x00001330      0x104 ./synergy/ssp/src/driver/r_sci_uart/r_sci_uart.o
                0x00001330                R_SCI_UartClose
 .text.R_SCI_UartOpen
                0x00001434      0x5dc ./synergy/ssp/src/driver/r_sci_uart/r_sci_uart.o
                0x00001434                R_SCI_UartOpen
 .text.r_sci_uart_read_data
                0x00001a10       0x30 ./synergy/ssp/src/driver/r_sci_uart/r_sci_uart.o
                0x00001a10                r_sci_uart_read_data
 .text.r_sci_uart_rxi_read_no_transfer_eventset
                0x00001a40       0x74 ./synergy/ssp/src/driver/r_sci_uart/r_sci_uart.o
                0x00001a40                r_sci_uart_rxi_read_no_transfer_eventset
 .text.r_sci_uart_rxi_read_no_transfer
                0x00001ab4       0x74 ./synergy/ssp/src/driver/r_sci_uart/r_sci_uart.o
                0x00001ab4                r_sci_uart_rxi_read_no_transfer
 .text.sci_uart_txi_isr
                0x00001b28      0x130 ./synergy/ssp/src/driver/r_sci_uart/r_sci_uart.o
                0x00001b28                sci_uart_txi_isr
 .text.sci_uart_rxi_isr
                0x00001c58       0x78 ./synergy/ssp/src/driver/r_sci_uart/r_sci_uart.o
                0x00001c58                sci_uart_rxi_isr
 .text.sci_uart_tei_isr
                0x00001cd0       0x98 ./synergy/ssp/src/driver/r_sci_uart/r_sci_uart.o
                0x00001cd0                sci_uart_tei_isr
 .text.sci_uart_eri_isr
                0x00001d68       0xa0 ./synergy/ssp/src/driver/r_sci_uart/r_sci_uart.o
                0x00001d68                sci_uart_eri_isr
 .text.R_IOPORT_PortRead
                0x00001e08       0x34 ./synergy/ssp/src/driver/r_ioport/r_ioport.o
                0x00001e08                R_IOPORT_PortRead
 .text.R_IOPORT_PortWrite
                0x00001e3c       0x40 ./synergy/ssp/src/driver/r_ioport/r_ioport.o
                0x00001e3c                R_IOPORT_PortWrite
 .text.R_IOPORT_PortDirectionSet
                0x00001e7c       0x50 ./synergy/ssp/src/driver/r_ioport/r_ioport.o
                0x00001e7c                R_IOPORT_PortDirectionSet
 .text.R_IOPORT_PortEventInputRead
                0x00001ecc       0x34 ./synergy/ssp/src/driver/r_ioport/r_ioport.o
                0x00001ecc                R_IOPORT_PortEventInputRead
 .text.R_IOPORT_PortEventOutputWrite
                0x00001f00       0x3c ./synergy/ssp/src/driver/r_ioport/r_ioport.o
                0x00001f00                R_IOPORT_PortEventOutputWrite
 .text.R_IOPORT_VersionGet
                0x00001f3c       0x10 ./synergy/ssp/src/driver/r_ioport/r_ioport.o
                0x00001f3c                R_IOPORT_VersionGet
 .text.bsp_vbatt_init
                0x00001f4c       0xac ./synergy/ssp/src/driver/r_ioport/r_ioport.o
 .text.R_IOPORT_PinDirectionSet
                0x00001ff8       0xd0 ./synergy/ssp/src/driver/r_ioport/r_ioport.o
                0x00001ff8                R_IOPORT_PinDirectionSet
 .text.R_IOPORT_EthernetModeCfg
                0x000020c8       0x50 ./synergy/ssp/src/driver/r_ioport/r_ioport.o
                0x000020c8                R_IOPORT_EthernetModeCfg
 .text.R_IOPORT_PinsCfg
                0x00002118       0xd4 ./synergy/ssp/src/driver/r_ioport/r_ioport.o
                0x00002118                R_IOPORT_PinsCfg
 .text.R_IOPORT_Init
                0x000021ec       0x74 ./synergy/ssp/src/driver/r_ioport/r_ioport.o
                0x000021ec                R_IOPORT_Init
 .text.R_IOPORT_PinRead
                0x00002260       0x50 ./synergy/ssp/src/driver/r_ioport/r_ioport.o
                0x00002260                R_IOPORT_PinRead
 .text.R_IOPORT_PinEventInputRead
                0x000022b0       0x5c ./synergy/ssp/src/driver/r_ioport/r_ioport.o
                0x000022b0                R_IOPORT_PinEventInputRead
 .text.R_IOPORT_PinEventOutputWrite
                0x0000230c       0x64 ./synergy/ssp/src/driver/r_ioport/r_ioport.o
                0x0000230c                R_IOPORT_PinEventOutputWrite
 .text.R_IOPORT_PinWrite
                0x00002370       0x54 ./synergy/ssp/src/driver/r_ioport/r_ioport.o
                0x00002370                R_IOPORT_PinWrite
 .text.R_IOPORT_PinCfg
                0x000023c4       0xc8 ./synergy/ssp/src/driver/r_ioport/r_ioport.o
                0x000023c4                R_IOPORT_PinCfg
 .text.R_ELC_LinkSet
                0x0000248c       0x14 ./synergy/ssp/src/driver/r_elc/r_elc.o
                0x0000248c                R_ELC_LinkSet
 .text.R_ELC_LinkBreak
                0x000024a0       0x14 ./synergy/ssp/src/driver/r_elc/r_elc.o
                0x000024a0                R_ELC_LinkBreak
 .text.R_ELC_Enable
                0x000024b4       0x14 ./synergy/ssp/src/driver/r_elc/r_elc.o
                0x000024b4                R_ELC_Enable
 .text.R_ELC_Disable
                0x000024c8       0x14 ./synergy/ssp/src/driver/r_elc/r_elc.o
                0x000024c8                R_ELC_Disable
 .text.R_ELC_VersionGet
                0x000024dc       0x10 ./synergy/ssp/src/driver/r_elc/r_elc.o
                0x000024dc                R_ELC_VersionGet
 .text.R_ELC_Init
                0x000024ec       0x80 ./synergy/ssp/src/driver/r_elc/r_elc.o
                0x000024ec                R_ELC_Init
 .text.R_ELC_SoftwareEventGenerate
                0x0000256c       0x30 ./synergy/ssp/src/driver/r_elc/r_elc.o
                0x0000256c                R_ELC_SoftwareEventGenerate
 .text.R_DTC_Start
                0x0000259c        0x4 ./synergy/ssp/src/driver/r_dtc/r_dtc.o
                0x0000259c                R_DTC_Start
 .text.R_DTC_Stop
                0x000025a0        0x4 ./synergy/ssp/src/driver/r_dtc/r_dtc.o
                0x000025a0                R_DTC_Stop
 .text.R_DTC_Disable
                0x000025a4       0x34 ./synergy/ssp/src/driver/r_dtc/r_dtc.o
                0x000025a4                R_DTC_Disable
 .text.R_DTC_VersionGet
                0x000025d8       0x10 ./synergy/ssp/src/driver/r_dtc/r_dtc.o
                0x000025d8                R_DTC_VersionGet
 .text.R_DTC_InfoGet
                0x000025e8       0xa0 ./synergy/ssp/src/driver/r_dtc/r_dtc.o
                0x000025e8                R_DTC_InfoGet
 .text.R_DTC_Close
                0x00002688       0x58 ./synergy/ssp/src/driver/r_dtc/r_dtc.o
                0x00002688                R_DTC_Close
 .text.R_DTC_Enable
                0x000026e0       0x8c ./synergy/ssp/src/driver/r_dtc/r_dtc.o
                0x000026e0                R_DTC_Enable
 .text.R_DTC_Reset
                0x0000276c       0xc8 ./synergy/ssp/src/driver/r_dtc/r_dtc.o
                0x0000276c                R_DTC_Reset
 .text.R_DTC_BlockReset
                0x00002834       0xdc ./synergy/ssp/src/driver/r_dtc/r_dtc.o
                0x00002834                R_DTC_BlockReset
 .text.R_DTC_Open
                0x00002910      0x17c ./synergy/ssp/src/driver/r_dtc/r_dtc.o
                0x00002910                R_DTC_Open
 .text.R_DTC_Stop_ActivationRequest
                0x00002a8c        0x4 ./synergy/ssp/src/driver/r_dtc/r_dtc.o
                0x00002a8c                R_DTC_Stop_ActivationRequest
 .text.R_CGC_LCDClockCfg
                0x00002a90        0x4 ./synergy/ssp/src/driver/r_cgc/r_cgc.o
                0x00002a90                R_CGC_LCDClockCfg
 .text.R_CGC_LCDClockEnable
                0x00002a94        0x4 ./synergy/ssp/src/driver/r_cgc/r_cgc.o
                0x00002a94                R_CGC_LCDClockEnable
 .text.R_CGC_VersionGet
                0x00002a98       0x10 ./synergy/ssp/src/driver/r_cgc/r_cgc.o
                0x00002a98                R_CGC_VersionGet
 .text.r_cgc_init_pllfreq
                0x00002aa8       0xd8 ./synergy/ssp/src/driver/r_cgc/r_cgc.o
 .text.R_CGC_SystemClockFreqGet
                0x00002b80       0xb0 ./synergy/ssp/src/driver/r_cgc/r_cgc.o
                0x00002b80                R_CGC_SystemClockFreqGet
 .text.R_CGC_BusClockOutCfg
                0x00002c30       0x28 ./synergy/ssp/src/driver/r_cgc/r_cgc.o
                0x00002c30                R_CGC_BusClockOutCfg
 .text.R_CGC_BusClockOutEnable
                0x00002c58       0x28 ./synergy/ssp/src/driver/r_cgc/r_cgc.o
                0x00002c58                R_CGC_BusClockOutEnable
 .text.R_CGC_BusClockOutDisable
                0x00002c80       0x28 ./synergy/ssp/src/driver/r_cgc/r_cgc.o
                0x00002c80                R_CGC_BusClockOutDisable
 .text.R_CGC_ClockOutEnable
                0x00002ca8       0x28 ./synergy/ssp/src/driver/r_cgc/r_cgc.o
                0x00002ca8                R_CGC_ClockOutEnable
 .text.R_CGC_ClockOutDisable
                0x00002cd0       0x28 ./synergy/ssp/src/driver/r_cgc/r_cgc.o
                0x00002cd0                R_CGC_ClockOutDisable
 .text.R_CGC_SDRAMClockOutEnable
                0x00002cf8       0x28 ./synergy/ssp/src/driver/r_cgc/r_cgc.o
                0x00002cf8                R_CGC_SDRAMClockOutEnable
 .text.R_CGC_SDRAMClockOutDisable
                0x00002d20       0x28 ./synergy/ssp/src/driver/r_cgc/r_cgc.o
                0x00002d20                R_CGC_SDRAMClockOutDisable
 .text.R_CGC_USBClockCfg
                0x00002d48       0x28 ./synergy/ssp/src/driver/r_cgc/r_cgc.o
                0x00002d48                R_CGC_USBClockCfg
 .text.R_CGC_SystickUpdate.part.0
                0x00002d70       0x84 ./synergy/ssp/src/driver/r_cgc/r_cgc.o
 .text.R_CGC_SystickUpdate
                0x00002df4        0xc ./synergy/ssp/src/driver/r_cgc/r_cgc.o
                0x00002df4                R_CGC_SystickUpdate
 .text.R_CGC_ClockOutCfg
                0x00002e00       0x5c ./synergy/ssp/src/driver/r_cgc/r_cgc.o
                0x00002e00                R_CGC_ClockOutCfg
 .text.r_cgc_system_dividers_set.isra.0
                0x00002e5c       0x5c ./synergy/ssp/src/driver/r_cgc/r_cgc.o
 .text.R_CGC_OscStopStatusClear
                0x00002eb8       0x64 ./synergy/ssp/src/driver/r_cgc/r_cgc.o
                0x00002eb8                R_CGC_OscStopStatusClear
 .text.R_CGC_SDADCClockCfg
                0x00002f1c        0x4 ./synergy/ssp/src/driver/r_cgc/r_cgc.o
                0x00002f1c                R_CGC_SDADCClockCfg
 .text.R_CGC_SDADCClockEnable
                0x00002f20        0x4 ./synergy/ssp/src/driver/r_cgc/r_cgc.o
                0x00002f20                R_CGC_SDADCClockEnable
 .text.R_CGC_SDADCClockDisable
                0x00002f24        0x4 ./synergy/ssp/src/driver/r_cgc/r_cgc.o
                0x00002f24                R_CGC_SDADCClockDisable
 .text.R_CGC_LCDClockDisable
                0x00002f28        0x4 ./synergy/ssp/src/driver/r_cgc/r_cgc.o
                0x00002f28                R_CGC_LCDClockDisable
 .text.R_CGC_SystemClockGet
                0x00002f2c       0x5c ./synergy/ssp/src/driver/r_cgc/r_cgc.o
                0x00002f2c                R_CGC_SystemClockGet
 .text.R_CGC_OscStopDetect
                0x00002f88      0x108 ./synergy/ssp/src/driver/r_cgc/r_cgc.o
                0x00002f88                R_CGC_OscStopDetect
 .text.R_CGC_Init
                0x00003090      0x11c ./synergy/ssp/src/driver/r_cgc/r_cgc.o
                0x00003090                R_CGC_Init
 .text.r_cgc_clock_run_state_get
                0x000031ac       0x68 ./synergy/ssp/src/driver/r_cgc/r_cgc.o
                0x000031ac                r_cgc_clock_run_state_get
 .text.R_CGC_ClockStop
                0x00003214      0x160 ./synergy/ssp/src/driver/r_cgc/r_cgc.o
                0x00003214                R_CGC_ClockStop
 .text.R_CGC_ClockCheck
                0x00003374       0x8c ./synergy/ssp/src/driver/r_cgc/r_cgc.o
                0x00003374                R_CGC_ClockCheck
 .text.r_cgc_operating_hw_modeset
                0x00003400      0x100 ./synergy/ssp/src/driver/r_cgc/r_cgc.o
                0x00003400                r_cgc_operating_hw_modeset
 .text.r_cgc_operating_mode_set
                0x00003500       0x50 ./synergy/ssp/src/driver/r_cgc/r_cgc.o
 .text.R_CGC_SystemClockSet
                0x00003550      0x1e0 ./synergy/ssp/src/driver/r_cgc/r_cgc.o
                0x00003550                R_CGC_SystemClockSet
 .text.R_CGC_ClockStart.part.0
                0x00003730      0x3e4 ./synergy/ssp/src/driver/r_cgc/r_cgc.o
 .text.R_CGC_ClockStart
                0x00003b14       0x70 ./synergy/ssp/src/driver/r_cgc/r_cgc.o
                0x00003b14                R_CGC_ClockStart
 .text.r_cgc_clock_start_stop
                0x00003b84       0xc8 ./synergy/ssp/src/driver/r_cgc/r_cgc.o
 .text.R_CGC_ClocksCfg
                0x00003c4c      0x16c ./synergy/ssp/src/driver/r_cgc/r_cgc.o
                0x00003c4c                R_CGC_ClocksCfg
 .text.R_BSP_CacheOff
                0x00003db8       0x28 ./synergy/ssp/src/bsp/mcu/s7g2/bsp_cache.o
                0x00003db8                R_BSP_CacheOff
 .text.R_BSP_CacheSet
                0x00003de0       0x48 ./synergy/ssp/src/bsp/mcu/s7g2/bsp_cache.o
                0x00003de0                R_BSP_CacheSet
 .text.bsp_clock_init
                0x00003e28       0x9c ./synergy/ssp/src/bsp/mcu/s7g2/bsp_clocks.o
                0x00003e28                bsp_clock_init
 .text.bsp_cpu_clock_get
                0x00003ec4       0x20 ./synergy/ssp/src/bsp/mcu/s7g2/bsp_clocks.o
                0x00003ec4                bsp_cpu_clock_get
 .text.bsp_clock_set_callback
                0x00003ee4      0x12c ./synergy/ssp/src/bsp/mcu/s7g2/bsp_clocks.o
                0x00003ee4                bsp_clock_set_callback
 .text.R_BSP_FeatureSciGet
                0x00004010        0x8 ./synergy/ssp/src/bsp/mcu/s7g2/bsp_feature.o
                0x00004010                R_BSP_FeatureSciGet
 .text.R_BSP_FeatureIoportGet
                0x00004018       0x10 ./synergy/ssp/src/bsp/mcu/s7g2/bsp_feature.o
                0x00004018                R_BSP_FeatureIoportGet
 .text.R_BSP_FeatureCgcGet
                0x00004028        0xc ./synergy/ssp/src/bsp/mcu/s7g2/bsp_feature.o
                0x00004028                R_BSP_FeatureCgcGet
 .text.bsp_group_interrupt_open
                0x00004034       0x10 ./synergy/ssp/src/bsp/mcu/s7g2/bsp_group_irq.o
                0x00004034                bsp_group_interrupt_open
 .text.R_BSP_GroupIrqWrite
                0x00004044       0x10 ./synergy/ssp/src/bsp/mcu/s7g2/bsp_group_irq.o
                0x00004044                R_BSP_GroupIrqWrite
 .text.NMI_Handler
                0x00004054      0x1c8 ./synergy/ssp/src/bsp/mcu/s7g2/bsp_group_irq.o
                0x00004054                NMI_Handler
 .text.R_BSP_ModuleStop
                0x0000421c       0x54 ./synergy/ssp/src/bsp/mcu/s7g2/bsp_module_stop.o
                0x0000421c                R_BSP_ModuleStop
 .text.R_BSP_ModuleStart
                0x00004270       0x88 ./synergy/ssp/src/bsp/mcu/s7g2/bsp_module_stop.o
                0x00004270                R_BSP_ModuleStart
 .text.software_delay_loop
                0x000042f8        0xc ./synergy/ssp/src/bsp/mcu/all/bsp_delay.o
 .text.R_BSP_SoftwareDelay
                0x00004304       0x60 ./synergy/ssp/src/bsp/mcu/all/bsp_delay.o
                0x00004304                R_BSP_SoftwareDelay
 .text.R_BSP_IrqStatusClear
                0x00004364       0x18 ./synergy/ssp/src/bsp/mcu/all/bsp_irq.o
                0x00004364                R_BSP_IrqStatusClear
 .text.bsp_irq_cfg
                0x0000437c       0x40 ./synergy/ssp/src/bsp/mcu/all/bsp_irq.o
                0x0000437c                bsp_irq_cfg
 .text.R_BSP_HardwareLock
                0x000043bc       0x5c ./synergy/ssp/src/bsp/mcu/all/bsp_locking.o
                0x000043bc                R_BSP_HardwareLock
 .text.R_BSP_HardwareUnlock
                0x00004418       0x3c ./synergy/ssp/src/bsp/mcu/all/bsp_locking.o
                0x00004418                R_BSP_HardwareUnlock
 .text.bsp_init_hardware_locks
                0x00004454       0x60 ./synergy/ssp/src/bsp/mcu/all/bsp_locking.o
                0x00004454                bsp_init_hardware_locks
 .text.R_BSP_RegisterProtectEnable
                0x000044b4       0x60 ./synergy/ssp/src/bsp/mcu/all/bsp_register_protection.o
                0x000044b4                R_BSP_RegisterProtectEnable
 .text.R_BSP_RegisterProtectDisable
                0x00004514       0x54 ./synergy/ssp/src/bsp/mcu/all/bsp_register_protection.o
                0x00004514                R_BSP_RegisterProtectDisable
 .text.bsp_register_protect_open
                0x00004568       0x10 ./synergy/ssp/src/bsp/mcu/all/bsp_register_protection.o
                0x00004568                bsp_register_protect_open
 .text._sbrk    0x00004578       0x3c ./synergy/ssp/src/bsp/mcu/all/bsp_sbrk.o
                0x00004578                _sbrk
 .text.Default_Handler
                0x000045b4        0x4 ./synergy/ssp/src/bsp/cmsis/Device/RENESAS/S7G2/Source/startup_S7G2.o
                0x000045b4                HardFault_Handler
                0x000045b4                UsageFault_Handler
                0x000045b4                Default_Handler
                0x000045b4                MemManage_Handler
                0x000045b4                SVC_Handler
                0x000045b4                BusFault_Handler
                0x000045b4                DebugMon_Handler
 .text.Reset_Handler
                0x000045b8        0xc ./synergy/ssp/src/bsp/cmsis/Device/RENESAS/S7G2/Source/startup_S7G2.o
                0x000045b8                Reset_Handler
 .text.R_BSP_WarmStart
                0x000045c4        0x4 ./synergy/ssp/src/bsp/cmsis/Device/RENESAS/S7G2/Source/system_S7G2.o
                0x000045c4                R_BSP_WarmStart
 .text.SystemInit
                0x000045c8      0x160 ./synergy/ssp/src/bsp/cmsis/Device/RENESAS/S7G2/Source/system_S7G2.o
                0x000045c8                SystemInit
 .text.bsp_init
                0x00004728        0x4 ./synergy/board/s7g2_sk/bsp_init.o
                0x00004728                bsp_init
 .text.bsp_qspi_xip_enter
                0x0000472c       0x58 ./synergy/board/s7g2_sk/bsp_qspi.o
                0x0000472c                bsp_qspi_xip_enter
 .text.bsp_qspi_init
                0x00004784      0x1b0 ./synergy/board/s7g2_sk/bsp_qspi.o
                0x00004784                bsp_qspi_init
 .text.g_sf_comms0_err_callback_internal
                0x00004934        0x4 ./src/synergy_gen/blinky_thread.o
                0x00004934                g_sf_comms0_err_callback_internal
                0x00004934                g_sf_comms0_err_callback
 .text.blinky_thread_func
                0x00004938       0x44 ./src/synergy_gen/blinky_thread.o
 .text.blinky_thread_create
                0x0000497c       0x58 ./src/synergy_gen/blinky_thread.o
                0x0000497c                blinky_thread_create
 .text.g_common_init
                0x000049d4        0x4 ./src/synergy_gen/common_data.o
                0x000049d4                g_common_init
 .text.g_hal_init
                0x000049d8        0x4 ./src/synergy_gen/hal_data.o
                0x000049d8                g_hal_init
 .text.tx_application_define_internal
                0x000049dc        0x4 ./src/synergy_gen/main.o
                0x000049dc                tx_application_define_user
                0x000049dc                tx_application_define_internal
 .text.tx_startup_err_callback_internal
                0x000049e0        0x4 ./src/synergy_gen/main.o
                0x000049e0                tx_startup_err_callback_internal
                0x000049e0                tx_startup_err_callback
 .text.tx_application_define
                0x000049e4       0x4c ./src/synergy_gen/main.o
                0x000049e4                tx_application_define
 .text.tx_startup_common_init
                0x00004a30       0x64 ./src/synergy_gen/main.o
                0x00004a30                tx_startup_common_init
 .text.startup.main
                0x00004a94        0xc ./src/synergy_gen/main.o
                0x00004a94                main
 .text.blinky_thread_entry
                0x00004aa0       0xa4 ./src/blinky_thread_entry.o
                0x00004aa0                blinky_thread_entry
 .text.R_FMI_ProductInfoGet
                0x00004b44       0x34 C:\Users\User\e2_studio\workspace\UART\synergy\ssp\src\driver\r_fmi\libs\libfmi_cm4_s7g2_gcc.a(r_fmi.o)
 .text.R_FMI_VersionGet
                0x00004b78       0x10 C:\Users\User\e2_studio\workspace\UART\synergy\ssp\src\driver\r_fmi\libs\libfmi_cm4_s7g2_gcc.a(r_fmi.o)
 .text.R_FMI_UniqueIdGet
                0x00004b88       0x40 C:\Users\User\e2_studio\workspace\UART\synergy\ssp\src\driver\r_fmi\libs\libfmi_cm4_s7g2_gcc.a(r_fmi.o)
 .text.R_FMI_EventInfoGet
                0x00004bc8       0x8c C:\Users\User\e2_studio\workspace\UART\synergy\ssp\src\driver\r_fmi\libs\libfmi_cm4_s7g2_gcc.a(r_fmi.o)
 .text.R_FMI_Init
                0x00004c54       0x90 C:\Users\User\e2_studio\workspace\UART\synergy\ssp\src\driver\r_fmi\libs\libfmi_cm4_s7g2_gcc.a(r_fmi.o)
 .text.R_FMI_FeatureGet
                0x00004ce4      0x238 C:\Users\User\e2_studio\workspace\UART\synergy\ssp\src\driver\r_fmi\libs\libfmi_cm4_s7g2_gcc.a(r_fmi.o)
 .text._txe_event_flags_create
                0x00004f1c       0x98 C:\Users\User\e2_studio\workspace\UART\synergy\ssp\src\framework\el\tx\cm4_gcc\libtx.a(txe_event_flags_create.o)
                0x00004f1c                _txe_event_flags_create
 .text._txe_event_flags_delete
                0x00004fb4       0x2c C:\Users\User\e2_studio\workspace\UART\synergy\ssp\src\framework\el\tx\cm4_gcc\libtx.a(txe_event_flags_delete.o)
                0x00004fb4                _txe_event_flags_delete
 .text._txe_event_flags_get
                0x00004fe0       0x44 C:\Users\User\e2_studio\workspace\UART\synergy\ssp\src\framework\el\tx\cm4_gcc\libtx.a(txe_event_flags_get.o)
                0x00004fe0                _txe_event_flags_get
 .text._txe_event_flags_set
                0x00005024       0x34 C:\Users\User\e2_studio\workspace\UART\synergy\ssp\src\framework\el\tx\cm4_gcc\libtx.a(txe_event_flags_set.o)
                0x00005024                _txe_event_flags_set
 .text._txe_mutex_create
                0x00005058       0xa8 C:\Users\User\e2_studio\workspace\UART\synergy\ssp\src\framework\el\tx\cm4_gcc\libtx.a(txe_mutex_create.o)
                0x00005058                _txe_mutex_create
 .text._txe_mutex_delete
                0x00005100       0x2c C:\Users\User\e2_studio\workspace\UART\synergy\ssp\src\framework\el\tx\cm4_gcc\libtx.a(txe_mutex_delete.o)
                0x00005100                _txe_mutex_delete
 .text._txe_mutex_get
                0x0000512c       0x54 C:\Users\User\e2_studio\workspace\UART\synergy\ssp\src\framework\el\tx\cm4_gcc\libtx.a(txe_mutex_get.o)
                0x0000512c                _txe_mutex_get
 .text._txe_mutex_put
                0x00005180       0x38 C:\Users\User\e2_studio\workspace\UART\synergy\ssp\src\framework\el\tx\cm4_gcc\libtx.a(txe_mutex_put.o)
                0x00005180                _txe_mutex_put
 .text._txe_queue_create
                0x000051b8       0xc4 C:\Users\User\e2_studio\workspace\UART\synergy\ssp\src\framework\el\tx\cm4_gcc\libtx.a(txe_queue_create.o)
                0x000051b8                _txe_queue_create
 .text._txe_queue_delete
                0x0000527c       0x2c C:\Users\User\e2_studio\workspace\UART\synergy\ssp\src\framework\el\tx\cm4_gcc\libtx.a(txe_queue_delete.o)
                0x0000527c                _txe_queue_delete
 .text._txe_queue_receive
                0x000052a8       0x40 C:\Users\User\e2_studio\workspace\UART\synergy\ssp\src\framework\el\tx\cm4_gcc\libtx.a(txe_queue_receive.o)
                0x000052a8                _txe_queue_receive
 .text._txe_queue_send
                0x000052e8       0x40 C:\Users\User\e2_studio\workspace\UART\synergy\ssp\src\framework\el\tx\cm4_gcc\libtx.a(txe_queue_send.o)
                0x000052e8                _txe_queue_send
 .text._txe_semaphore_create
                0x00005328       0xa0 C:\Users\User\e2_studio\workspace\UART\synergy\ssp\src\framework\el\tx\cm4_gcc\libtx.a(txe_semaphore_create.o)
                0x00005328                _txe_semaphore_create
 .text._txe_semaphore_get
                0x000053c8       0x2c C:\Users\User\e2_studio\workspace\UART\synergy\ssp\src\framework\el\tx\cm4_gcc\libtx.a(txe_semaphore_get.o)
                0x000053c8                _txe_semaphore_get
 .text._txe_semaphore_put
                0x000053f4       0x18 C:\Users\User\e2_studio\workspace\UART\synergy\ssp\src\framework\el\tx\cm4_gcc\libtx.a(txe_semaphore_put.o)
                0x000053f4                _txe_semaphore_put
 .text._txe_thread_create
                0x0000540c      0x14c C:\Users\User\e2_studio\workspace\UART\synergy\ssp\src\framework\el\tx\cm4_gcc\libtx.a(txe_thread_create.o)
                0x0000540c                _txe_thread_create
 .text._tx_event_flags_create
                0x00005558       0x50 C:\Users\User\e2_studio\workspace\UART\synergy\ssp\src\framework\el\tx\cm4_gcc\libtx.a(tx_event_flags_create.o)
                0x00005558                _tx_event_flags_create
 .text._tx_event_flags_delete
                0x000055a8       0x98 C:\Users\User\e2_studio\workspace\UART\synergy\ssp\src\framework\el\tx\cm4_gcc\libtx.a(tx_event_flags_delete.o)
                0x000055a8                _tx_event_flags_delete
 .text._tx_event_flags_get
                0x00005640       0xe4 C:\Users\User\e2_studio\workspace\UART\synergy\ssp\src\framework\el\tx\cm4_gcc\libtx.a(tx_event_flags_get.o)
                0x00005640                _tx_event_flags_get
 .text._tx_event_flags_set
                0x00005724      0x1d8 C:\Users\User\e2_studio\workspace\UART\synergy\ssp\src\framework\el\tx\cm4_gcc\libtx.a(tx_event_flags_set.o)
                0x00005724                _tx_event_flags_set
 .text._tx_initialize_high_level
                0x000058fc       0x70 C:\Users\User\e2_studio\workspace\UART\synergy\ssp\src\framework\el\tx\cm4_gcc\libtx.a(tx_initialize_high_level.o)
                0x000058fc                _tx_initialize_high_level
 .text._tx_initialize_kernel_enter
                0x0000596c       0x48 C:\Users\User\e2_studio\workspace\UART\synergy\ssp\src\framework\el\tx\cm4_gcc\libtx.a(tx_initialize_kernel_enter.o)
                0x0000596c                _tx_initialize_kernel_enter
 .text.tx_isr_end
                0x000059b4        0x4 C:\Users\User\e2_studio\workspace\UART\synergy\ssp\src\framework\el\tx\cm4_gcc\libtx.a(tx_isr_end.o)
                0x000059b4                tx_isr_end
 .text.tx_isr_start
                0x000059b8        0x4 C:\Users\User\e2_studio\workspace\UART\synergy\ssp\src\framework\el\tx\cm4_gcc\libtx.a(tx_isr_start.o)
                0x000059b8                tx_isr_start
 .text._tx_mutex_create
                0x000059bc       0x60 C:\Users\User\e2_studio\workspace\UART\synergy\ssp\src\framework\el\tx\cm4_gcc\libtx.a(tx_mutex_create.o)
                0x000059bc                _tx_mutex_create
 .text._tx_mutex_delete
                0x00005a1c       0xb4 C:\Users\User\e2_studio\workspace\UART\synergy\ssp\src\framework\el\tx\cm4_gcc\libtx.a(tx_mutex_delete.o)
                0x00005a1c                _tx_mutex_delete
 .text._tx_mutex_get
                0x00005ad0      0x100 C:\Users\User\e2_studio\workspace\UART\synergy\ssp\src\framework\el\tx\cm4_gcc\libtx.a(tx_mutex_get.o)
                0x00005ad0                _tx_mutex_get
 .text._tx_mutex_priority_change
                0x00005bd0       0xb4 C:\Users\User\e2_studio\workspace\UART\synergy\ssp\src\framework\el\tx\cm4_gcc\libtx.a(tx_mutex_priority_change.o)
                0x00005bd0                _tx_mutex_priority_change
 .text._tx_mutex_put
                0x00005c84      0x208 C:\Users\User\e2_studio\workspace\UART\synergy\ssp\src\framework\el\tx\cm4_gcc\libtx.a(tx_mutex_put.o)
                0x00005c84                _tx_mutex_put
 .text._tx_queue_create
                0x00005e8c       0x6c C:\Users\User\e2_studio\workspace\UART\synergy\ssp\src\framework\el\tx\cm4_gcc\libtx.a(tx_queue_create.o)
                0x00005e8c                _tx_queue_create
 .text._tx_queue_delete
                0x00005ef8       0x98 C:\Users\User\e2_studio\workspace\UART\synergy\ssp\src\framework\el\tx\cm4_gcc\libtx.a(tx_queue_delete.o)
                0x00005ef8                _tx_queue_delete
 .text._tx_queue_receive
                0x00005f90      0x1d0 C:\Users\User\e2_studio\workspace\UART\synergy\ssp\src\framework\el\tx\cm4_gcc\libtx.a(tx_queue_receive.o)
                0x00005f90                _tx_queue_receive
 .text._tx_queue_send
                0x00006160      0x11c C:\Users\User\e2_studio\workspace\UART\synergy\ssp\src\framework\el\tx\cm4_gcc\libtx.a(tx_queue_send.o)
                0x00006160                _tx_queue_send
 .text._tx_semaphore_create
                0x0000627c       0x54 C:\Users\User\e2_studio\workspace\UART\synergy\ssp\src\framework\el\tx\cm4_gcc\libtx.a(tx_semaphore_create.o)
                0x0000627c                _tx_semaphore_create
 .text._tx_semaphore_get
                0x000062d0       0x84 C:\Users\User\e2_studio\workspace\UART\synergy\ssp\src\framework\el\tx\cm4_gcc\libtx.a(tx_semaphore_get.o)
                0x000062d0                _tx_semaphore_get
 .text._tx_semaphore_put
                0x00006354       0x54 C:\Users\User\e2_studio\workspace\UART\synergy\ssp\src\framework\el\tx\cm4_gcc\libtx.a(tx_semaphore_put.o)
                0x00006354                _tx_semaphore_put
 .text._tx_thread_create
                0x000063a8      0x134 C:\Users\User\e2_studio\workspace\UART\synergy\ssp\src\framework\el\tx\cm4_gcc\libtx.a(tx_thread_create.o)
                0x000063a8                _tx_thread_create
 .text._tx_thread_initialize
                0x000064dc       0x64 C:\Users\User\e2_studio\workspace\UART\synergy\ssp\src\framework\el\tx\cm4_gcc\libtx.a(tx_thread_initialize.o)
                0x000064dc                _tx_thread_initialize
 .text._tx_thread_shell_entry
                0x00006540       0x54 C:\Users\User\e2_studio\workspace\UART\synergy\ssp\src\framework\el\tx\cm4_gcc\libtx.a(tx_thread_shell_entry.o)
                0x00006540                _tx_thread_shell_entry
 .text._tx_thread_system_preempt_check
                0x00006594       0x3c C:\Users\User\e2_studio\workspace\UART\synergy\ssp\src\framework\el\tx\cm4_gcc\libtx.a(tx_thread_system_preempt_check.o)
                0x00006594                _tx_thread_system_preempt_check
 .text._tx_thread_system_resume
                0x000065d0       0xec C:\Users\User\e2_studio\workspace\UART\synergy\ssp\src\framework\el\tx\cm4_gcc\libtx.a(tx_thread_system_resume.o)
                0x000065d0                _tx_thread_system_resume
 .text._tx_thread_system_suspend
                0x000066bc      0x100 C:\Users\User\e2_studio\workspace\UART\synergy\ssp\src\framework\el\tx\cm4_gcc\libtx.a(tx_thread_system_suspend.o)
                0x000066bc                _tx_thread_system_suspend
 .text._tx_thread_timeout
                0x000067bc       0x30 C:\Users\User\e2_studio\workspace\UART\synergy\ssp\src\framework\el\tx\cm4_gcc\libtx.a(tx_thread_timeout.o)
                0x000067bc                _tx_thread_timeout
 .text._tx_timer_initialize
                0x000067ec       0x74 C:\Users\User\e2_studio\workspace\UART\synergy\ssp\src\framework\el\tx\cm4_gcc\libtx.a(tx_timer_initialize.o)
                0x000067ec                _tx_timer_initialize
 .text._tx_timer_system_activate
                0x00006860       0x54 C:\Users\User\e2_studio\workspace\UART\synergy\ssp\src\framework\el\tx\cm4_gcc\libtx.a(tx_timer_system_activate.o)
                0x00006860                _tx_timer_system_activate
 .text._tx_timer_system_deactivate
                0x000068b4       0x2c C:\Users\User\e2_studio\workspace\UART\synergy\ssp\src\framework\el\tx\cm4_gcc\libtx.a(tx_timer_system_deactivate.o)
                0x000068b4                _tx_timer_system_deactivate
 .text._tx_initialize_low_level
                0x000068e0       0x88 C:\Users\User\e2_studio\workspace\UART\synergy\ssp\src\framework\el\tx\cm4_gcc\libtx.a(tx_initialize_low_level.o)
                0x000068e0                _tx_initialize_low_level
 .text._tx_thread_schedule
                0x00006968       0x60 C:\Users\User\e2_studio\workspace\UART\synergy\ssp\src\framework\el\tx\cm4_gcc\libtx.a(tx_thread_schedule.o)
                0x00006968                _tx_thread_schedule
 .text._tx_port_wait_thread_ready
                0x000069c8       0xa8 C:\Users\User\e2_studio\workspace\UART\synergy\ssp\src\framework\el\tx\cm4_gcc\libtx.a(tx_thread_schedule.o)
                0x000069c8                _tx_port_wait_thread_ready
 .text.PendSV_Handler
                0x00006a70       0xa8 C:\Users\User\e2_studio\workspace\UART\synergy\ssp\src\framework\el\tx\cm4_gcc\libtx.a(tx_thread_schedule.o)
                0x00006a70                PendSV_Handler
 .text.SysTick_Handler
                0x00006b18        0x4 C:\Users\User\e2_studio\workspace\UART\synergy\ssp\src\framework\el\tx\cm4_gcc\libtx.a(tx_thread_schedule.o)
                0x00006b18                SysTick_Handler
 .text._tx_thread_stack_build
                0x00006b1c       0x50 C:\Users\User\e2_studio\workspace\UART\synergy\ssp\src\framework\el\tx\cm4_gcc\libtx.a(tx_thread_stack_build.o)
                0x00006b1c                _tx_thread_stack_build
 .text._tx_timer_interrupt
                0x00006b6c       0xc0 C:\Users\User\e2_studio\workspace\UART\synergy\ssp\src\framework\el\tx\cm4_gcc\libtx.a(tx_timer_interrupt.o)
                0x00006b6c                _tx_timer_interrupt
 .text._tx_event_flags_cleanup
                0x00006c2c       0x84 C:\Users\User\e2_studio\workspace\UART\synergy\ssp\src\framework\el\tx\cm4_gcc\libtx.a(tx_event_flags_cleanup.o)
                0x00006c2c                _tx_event_flags_cleanup
 .text._tx_mutex_cleanup
                0x00006cb0       0x80 C:\Users\User\e2_studio\workspace\UART\synergy\ssp\src\framework\el\tx\cm4_gcc\libtx.a(tx_mutex_cleanup.o)
                0x00006cb0                _tx_mutex_cleanup
 .text._tx_mutex_thread_release
                0x00006d30       0x44 C:\Users\User\e2_studio\workspace\UART\synergy\ssp\src\framework\el\tx\cm4_gcc\libtx.a(tx_mutex_cleanup.o)
                0x00006d30                _tx_mutex_thread_release
 .text._tx_mutex_prioritize
                0x00006d74       0x98 C:\Users\User\e2_studio\workspace\UART\synergy\ssp\src\framework\el\tx\cm4_gcc\libtx.a(tx_mutex_prioritize.o)
                0x00006d74                _tx_mutex_prioritize
 .text._tx_queue_cleanup
                0x00006e0c       0x88 C:\Users\User\e2_studio\workspace\UART\synergy\ssp\src\framework\el\tx\cm4_gcc\libtx.a(tx_queue_cleanup.o)
                0x00006e0c                _tx_queue_cleanup
 .text._tx_semaphore_cleanup
                0x00006e94       0x80 C:\Users\User\e2_studio\workspace\UART\synergy\ssp\src\framework\el\tx\cm4_gcc\libtx.a(tx_semaphore_cleanup.o)
                0x00006e94                _tx_semaphore_cleanup
 .text._tx_thread_time_slice
                0x00006f14       0x6c C:\Users\User\e2_studio\workspace\UART\synergy\ssp\src\framework\el\tx\cm4_gcc\libtx.a(tx_thread_time_slice.o)
                0x00006f14                _tx_thread_time_slice
 .text._tx_timer_expiration_process
                0x00006f80      0x104 C:\Users\User\e2_studio\workspace\UART\synergy\ssp\src\framework\el\tx\cm4_gcc\libtx.a(tx_timer_expiration_process.o)
                0x00006f80                _tx_timer_expiration_process
 .text          0x00007084       0xa0 c:/renesas/synergy/e2studio_v2024-01.1_ssp_v2.6.1/toolchains/gcc_arm/gcc-arm-none-eabi-10.3-2021.10/bin/../lib/gcc/arm-none-eabi/10.3.1/thumb/v7e-m+fp/hard\libgcc.a(_aeabi_ldivmod.o)
                0x00007084                __aeabi_ldivmod
 .text          0x00007124      0x2d0 c:/renesas/synergy/e2studio_v2024-01.1_ssp_v2.6.1/toolchains/gcc_arm/gcc-arm-none-eabi-10.3-2021.10/bin/../lib/gcc/arm-none-eabi/10.3.1/thumb/v7e-m+fp/hard\libgcc.a(_udivmoddi4.o)
                0x00007124                __udivmoddi4
 .text          0x000073f4        0x4 c:/renesas/synergy/e2studio_v2024-01.1_ssp_v2.6.1/toolchains/gcc_arm/gcc-arm-none-eabi-10.3-2021.10/bin/../lib/gcc/arm-none-eabi/10.3.1/thumb/v7e-m+fp/hard\libgcc.a(_dvmd_tls.o)
                0x000073f4                __aeabi_idiv0
                0x000073f4                __aeabi_ldiv0
 .text.__errno  0x000073f8        0xc c:/renesas/synergy/e2studio_v2024-01.1_ssp_v2.6.1/toolchains/gcc_arm/gcc-arm-none-eabi-10.3-2021.10/bin/../lib/gcc/arm-none-eabi/10.3.1/../../../../arm-none-eabi/lib/thumb/v7e-m+fp/hard\libg_nano.a(lib_a-errno.o)
                0x000073f8                __errno
 .text.memcpy   0x00007404       0x1c c:/renesas/synergy/e2studio_v2024-01.1_ssp_v2.6.1/toolchains/gcc_arm/gcc-arm-none-eabi-10.3-2021.10/bin/../lib/gcc/arm-none-eabi/10.3.1/../../../../arm-none-eabi/lib/thumb/v7e-m+fp/hard\libg_nano.a(lib_a-memcpy-stub.o)
                0x00007404                memcpy
 .text.memset   0x00007420       0x10 c:/renesas/synergy/e2studio_v2024-01.1_ssp_v2.6.1/toolchains/gcc_arm/gcc-arm-none-eabi-10.3-2021.10/bin/../lib/gcc/arm-none-eabi/10.3.1/../../../../arm-none-eabi/lib/thumb/v7e-m+fp/hard\libg_nano.a(lib_a-memset.o)
                0x00007420                memset
 .text.printf   0x00007430       0x30 c:/renesas/synergy/e2studio_v2024-01.1_ssp_v2.6.1/toolchains/gcc_arm/gcc-arm-none-eabi-10.3-2021.10/bin/../lib/gcc/arm-none-eabi/10.3.1/../../../../arm-none-eabi/lib/thumb/v7e-m+fp/hard\libg_nano.a(lib_a-printf.o)
                0x00007430                iprintf
                0x00007430                printf
 .text._puts_r  0x00007460       0xdc c:/renesas/synergy/e2studio_v2024-01.1_ssp_v2.6.1/toolchains/gcc_arm/gcc-arm-none-eabi-10.3-2021.10/bin/../lib/gcc/arm-none-eabi/10.3.1/../../../../arm-none-eabi/lib/thumb/v7e-m+fp/hard\libg_nano.a(lib_a-puts.o)
                0x00007460                _puts_r
 .text.puts     0x0000753c       0x10 c:/renesas/synergy/e2studio_v2024-01.1_ssp_v2.6.1/toolchains/gcc_arm/gcc-arm-none-eabi-10.3-2021.10/bin/../lib/gcc/arm-none-eabi/10.3.1/../../../../arm-none-eabi/lib/thumb/v7e-m+fp/hard\libg_nano.a(lib_a-puts.o)
                0x0000753c                puts
 .text.srand    0x0000754c       0x5c c:/renesas/synergy/e2studio_v2024-01.1_ssp_v2.6.1/toolchains/gcc_arm/gcc-arm-none-eabi-10.3-2021.10/bin/../lib/gcc/arm-none-eabi/10.3.1/../../../../arm-none-eabi/lib/thumb/v7e-m+fp/hard\libg_nano.a(lib_a-rand.o)
                0x0000754c                srand
 .text.snprintf
                0x000075a8       0x68 c:/renesas/synergy/e2studio_v2024-01.1_ssp_v2.6.1/toolchains/gcc_arm/gcc-arm-none-eabi-10.3-2021.10/bin/../lib/gcc/arm-none-eabi/10.3.1/../../../../arm-none-eabi/lib/thumb/v7e-m+fp/hard\libg_nano.a(lib_a-snprintf.o)
                0x000075a8                sniprintf
                0x000075a8                snprintf
 .text.__swbuf_r
                0x00007610       0xa4 c:/renesas/synergy/e2studio_v2024-01.1_ssp_v2.6.1/toolchains/gcc_arm/gcc-arm-none-eabi-10.3-2021.10/bin/../lib/gcc/arm-none-eabi/10.3.1/../../../../arm-none-eabi/lib/thumb/v7e-m+fp/hard\libg_nano.a(lib_a-wbuf.o)
                0x00007610                __swbuf_r
 .text.__swsetup_r
                0x000076b4       0xdc c:/renesas/synergy/e2studio_v2024-01.1_ssp_v2.6.1/toolchains/gcc_arm/gcc-arm-none-eabi-10.3-2021.10/bin/../lib/gcc/arm-none-eabi/10.3.1/../../../../arm-none-eabi/lib/thumb/v7e-m+fp/hard\libg_nano.a(lib_a-wsetup.o)
                0x000076b4                __swsetup_r
 .text.__assert_func
                0x00007790       0x3c c:/renesas/synergy/e2studio_v2024-01.1_ssp_v2.6.1/toolchains/gcc_arm/gcc-arm-none-eabi-10.3-2021.10/bin/../lib/gcc/arm-none-eabi/10.3.1/../../../../arm-none-eabi/lib/thumb/v7e-m+fp/hard\libg_nano.a(lib_a-assert.o)
                0x00007790                __assert_func
 .text.__sflush_r
                0x000077cc      0x10c c:/renesas/synergy/e2studio_v2024-01.1_ssp_v2.6.1/toolchains/gcc_arm/gcc-arm-none-eabi-10.3-2021.10/bin/../lib/gcc/arm-none-eabi/10.3.1/../../../../arm-none-eabi/lib/thumb/v7e-m+fp/hard\libg_nano.a(lib_a-fflush.o)
                0x000077cc                __sflush_r
 .text._fflush_r
                0x000078d8       0x78 c:/renesas/synergy/e2studio_v2024-01.1_ssp_v2.6.1/toolchains/gcc_arm/gcc-arm-none-eabi-10.3-2021.10/bin/../lib/gcc/arm-none-eabi/10.3.1/../../../../arm-none-eabi/lib/thumb/v7e-m+fp/hard\libg_nano.a(lib_a-fflush.o)
                0x000078d8                _fflush_r
 .text.std      0x00007950       0x48 c:/renesas/synergy/e2studio_v2024-01.1_ssp_v2.6.1/toolchains/gcc_arm/gcc-arm-none-eabi-10.3-2021.10/bin/../lib/gcc/arm-none-eabi/10.3.1/../../../../arm-none-eabi/lib/thumb/v7e-m+fp/hard\libg_nano.a(lib_a-findfp.o)
 .text._cleanup_r
                0x00007998        0xc c:/renesas/synergy/e2studio_v2024-01.1_ssp_v2.6.1/toolchains/gcc_arm/gcc-arm-none-eabi-10.3-2021.10/bin/../lib/gcc/arm-none-eabi/10.3.1/../../../../arm-none-eabi/lib/thumb/v7e-m+fp/hard\libg_nano.a(lib_a-findfp.o)
                0x00007998                _cleanup_r
 .text.__sfmoreglue
                0x000079a4       0x2c c:/renesas/synergy/e2studio_v2024-01.1_ssp_v2.6.1/toolchains/gcc_arm/gcc-arm-none-eabi-10.3-2021.10/bin/../lib/gcc/arm-none-eabi/10.3.1/../../../../arm-none-eabi/lib/thumb/v7e-m+fp/hard\libg_nano.a(lib_a-findfp.o)
                0x000079a4                __sfmoreglue
 .text.__sfp_lock_acquire
                0x000079d0        0xc c:/renesas/synergy/e2studio_v2024-01.1_ssp_v2.6.1/toolchains/gcc_arm/gcc-arm-none-eabi-10.3-2021.10/bin/../lib/gcc/arm-none-eabi/10.3.1/../../../../arm-none-eabi/lib/thumb/v7e-m+fp/hard\libg_nano.a(lib_a-findfp.o)
                0x000079d0                __sfp_lock_acquire
 .text.__sfp_lock_release
                0x000079dc        0xc c:/renesas/synergy/e2studio_v2024-01.1_ssp_v2.6.1/toolchains/gcc_arm/gcc-arm-none-eabi-10.3-2021.10/bin/../lib/gcc/arm-none-eabi/10.3.1/../../../../arm-none-eabi/lib/thumb/v7e-m+fp/hard\libg_nano.a(lib_a-findfp.o)
                0x000079dc                __sfp_lock_release
 .text.__sinit_lock_acquire
                0x000079e8        0xc c:/renesas/synergy/e2studio_v2024-01.1_ssp_v2.6.1/toolchains/gcc_arm/gcc-arm-none-eabi-10.3-2021.10/bin/../lib/gcc/arm-none-eabi/10.3.1/../../../../arm-none-eabi/lib/thumb/v7e-m+fp/hard\libg_nano.a(lib_a-findfp.o)
                0x000079e8                __sinit_lock_acquire
 .text.__sinit_lock_release
                0x000079f4        0xc c:/renesas/synergy/e2studio_v2024-01.1_ssp_v2.6.1/toolchains/gcc_arm/gcc-arm-none-eabi-10.3-2021.10/bin/../lib/gcc/arm-none-eabi/10.3.1/../../../../arm-none-eabi/lib/thumb/v7e-m+fp/hard\libg_nano.a(lib_a-findfp.o)
                0x000079f4                __sinit_lock_release
 .text.__sinit  0x00007a00       0x70 c:/renesas/synergy/e2studio_v2024-01.1_ssp_v2.6.1/toolchains/gcc_arm/gcc-arm-none-eabi-10.3-2021.10/bin/../lib/gcc/arm-none-eabi/10.3.1/../../../../arm-none-eabi/lib/thumb/v7e-m+fp/hard\libg_nano.a(lib_a-findfp.o)
                0x00007a00                __sinit
 .text.__sfp    0x00007a70       0x8c c:/renesas/synergy/e2studio_v2024-01.1_ssp_v2.6.1/toolchains/gcc_arm/gcc-arm-none-eabi-10.3-2021.10/bin/../lib/gcc/arm-none-eabi/10.3.1/../../../../arm-none-eabi/lib/thumb/v7e-m+fp/hard\libg_nano.a(lib_a-findfp.o)
                0x00007a70                __sfp
 .text.fprintf  0x00007afc       0x24 c:/renesas/synergy/e2studio_v2024-01.1_ssp_v2.6.1/toolchains/gcc_arm/gcc-arm-none-eabi-10.3-2021.10/bin/../lib/gcc/arm-none-eabi/10.3.1/../../../../arm-none-eabi/lib/thumb/v7e-m+fp/hard\libg_nano.a(lib_a-fprintf.o)
                0x00007afc                fiprintf
                0x00007afc                fprintf
 .text._fwalk_reent
                0x00007b20       0x3e c:/renesas/synergy/e2studio_v2024-01.1_ssp_v2.6.1/toolchains/gcc_arm/gcc-arm-none-eabi-10.3-2021.10/bin/../lib/gcc/arm-none-eabi/10.3.1/../../../../arm-none-eabi/lib/thumb/v7e-m+fp/hard\libg_nano.a(lib_a-fwalk.o)
                0x00007b20                _fwalk_reent
 .text.__retarget_lock_init_recursive
                0x00007b5e        0x2 c:/renesas/synergy/e2studio_v2024-01.1_ssp_v2.6.1/toolchains/gcc_arm/gcc-arm-none-eabi-10.3-2021.10/bin/../lib/gcc/arm-none-eabi/10.3.1/../../../../arm-none-eabi/lib/thumb/v7e-m+fp/hard\libg_nano.a(lib_a-lock.o)
                0x00007b5e                __retarget_lock_init_recursive
 .text.__retarget_lock_acquire_recursive
                0x00007b60        0x2 c:/renesas/synergy/e2studio_v2024-01.1_ssp_v2.6.1/toolchains/gcc_arm/gcc-arm-none-eabi-10.3-2021.10/bin/../lib/gcc/arm-none-eabi/10.3.1/../../../../arm-none-eabi/lib/thumb/v7e-m+fp/hard\libg_nano.a(lib_a-lock.o)
                0x00007b60                __retarget_lock_acquire_recursive
 .text.__retarget_lock_release_recursive
                0x00007b62        0x2 c:/renesas/synergy/e2studio_v2024-01.1_ssp_v2.6.1/toolchains/gcc_arm/gcc-arm-none-eabi-10.3-2021.10/bin/../lib/gcc/arm-none-eabi/10.3.1/../../../../arm-none-eabi/lib/thumb/v7e-m+fp/hard\libg_nano.a(lib_a-lock.o)
                0x00007b62                __retarget_lock_release_recursive
 .text.__swhatbuf_r
                0x00007b64       0x4a c:/renesas/synergy/e2studio_v2024-01.1_ssp_v2.6.1/toolchains/gcc_arm/gcc-arm-none-eabi-10.3-2021.10/bin/../lib/gcc/arm-none-eabi/10.3.1/../../../../arm-none-eabi/lib/thumb/v7e-m+fp/hard\libg_nano.a(lib_a-makebuf.o)
                0x00007b64                __swhatbuf_r
 *fill*         0x00007bae        0x2 ff
 .text.__smakebuf_r
                0x00007bb0       0x80 c:/renesas/synergy/e2studio_v2024-01.1_ssp_v2.6.1/toolchains/gcc_arm/gcc-arm-none-eabi-10.3-2021.10/bin/../lib/gcc/arm-none-eabi/10.3.1/../../../../arm-none-eabi/lib/thumb/v7e-m+fp/hard\libg_nano.a(lib_a-makebuf.o)
                0x00007bb0                __smakebuf_r
 .text.malloc   0x00007c30       0x10 c:/renesas/synergy/e2studio_v2024-01.1_ssp_v2.6.1/toolchains/gcc_arm/gcc-arm-none-eabi-10.3-2021.10/bin/../lib/gcc/arm-none-eabi/10.3.1/../../../../arm-none-eabi/lib/thumb/v7e-m+fp/hard\libg_nano.a(lib_a-malloc.o)
                0x00007c30                malloc
 .text._free_r  0x00007c40       0x98 c:/renesas/synergy/e2studio_v2024-01.1_ssp_v2.6.1/toolchains/gcc_arm/gcc-arm-none-eabi-10.3-2021.10/bin/../lib/gcc/arm-none-eabi/10.3.1/../../../../arm-none-eabi/lib/thumb/v7e-m+fp/hard\libg_nano.a(lib_a-nano-freer.o)
                0x00007c40                _free_r
 .text.sbrk_aligned
                0x00007cd8       0x40 c:/renesas/synergy/e2studio_v2024-01.1_ssp_v2.6.1/toolchains/gcc_arm/gcc-arm-none-eabi-10.3-2021.10/bin/../lib/gcc/arm-none-eabi/10.3.1/../../../../arm-none-eabi/lib/thumb/v7e-m+fp/hard\libg_nano.a(lib_a-nano-mallocr.o)
 .text._malloc_r
                0x00007d18       0xe8 c:/renesas/synergy/e2studio_v2024-01.1_ssp_v2.6.1/toolchains/gcc_arm/gcc-arm-none-eabi-10.3-2021.10/bin/../lib/gcc/arm-none-eabi/10.3.1/../../../../arm-none-eabi/lib/thumb/v7e-m+fp/hard\libg_nano.a(lib_a-nano-mallocr.o)
                0x00007d18                _malloc_r
 .text.__ssputs_r
                0x00007e00       0xb6 c:/renesas/synergy/e2studio_v2024-01.1_ssp_v2.6.1/toolchains/gcc_arm/gcc-arm-none-eabi-10.3-2021.10/bin/../lib/gcc/arm-none-eabi/10.3.1/../../../../arm-none-eabi/lib/thumb/v7e-m+fp/hard\libg_nano.a(lib_a-nano-svfprintf.o)
                0x00007e00                __ssputs_r
 *fill*         0x00007eb6        0x2 ff
 .text._svfprintf_r
                0x00007eb8      0x200 c:/renesas/synergy/e2studio_v2024-01.1_ssp_v2.6.1/toolchains/gcc_arm/gcc-arm-none-eabi-10.3-2021.10/bin/../lib/gcc/arm-none-eabi/10.3.1/../../../../arm-none-eabi/lib/thumb/v7e-m+fp/hard\libg_nano.a(lib_a-nano-svfprintf.o)
                0x00007eb8                _svfiprintf_r
                0x00007eb8                _svfprintf_r
 .text.__sfputc_r
                0x000080b8       0x2e c:/renesas/synergy/e2studio_v2024-01.1_ssp_v2.6.1/toolchains/gcc_arm/gcc-arm-none-eabi-10.3-2021.10/bin/../lib/gcc/arm-none-eabi/10.3.1/../../../../arm-none-eabi/lib/thumb/v7e-m+fp/hard\libg_nano.a(lib_a-nano-vfprintf.o)
 .text.__sfputs_r
                0x000080e6       0x24 c:/renesas/synergy/e2studio_v2024-01.1_ssp_v2.6.1/toolchains/gcc_arm/gcc-arm-none-eabi-10.3-2021.10/bin/../lib/gcc/arm-none-eabi/10.3.1/../../../../arm-none-eabi/lib/thumb/v7e-m+fp/hard\libg_nano.a(lib_a-nano-vfprintf.o)
                0x000080e6                __sfputs_r
 *fill*         0x0000810a        0x2 ff
 .text._vfprintf_r
                0x0000810c      0x260 c:/renesas/synergy/e2studio_v2024-01.1_ssp_v2.6.1/toolchains/gcc_arm/gcc-arm-none-eabi-10.3-2021.10/bin/../lib/gcc/arm-none-eabi/10.3.1/../../../../arm-none-eabi/lib/thumb/v7e-m+fp/hard\libg_nano.a(lib_a-nano-vfprintf.o)
                0x0000810c                _vfprintf_r
                0x0000810c                _vfiprintf_r
 .text._printf_common
                0x0000836c       0xda c:/renesas/synergy/e2studio_v2024-01.1_ssp_v2.6.1/toolchains/gcc_arm/gcc-arm-none-eabi-10.3-2021.10/bin/../lib/gcc/arm-none-eabi/10.3.1/../../../../arm-none-eabi/lib/thumb/v7e-m+fp/hard\libg_nano.a(lib_a-nano-vfprintf_i.o)
                0x0000836c                _printf_common
 *fill*         0x00008446        0x2 ff
 .text._printf_i
                0x00008448      0x24c c:/renesas/synergy/e2studio_v2024-01.1_ssp_v2.6.1/toolchains/gcc_arm/gcc-arm-none-eabi-10.3-2021.10/bin/../lib/gcc/arm-none-eabi/10.3.1/../../../../arm-none-eabi/lib/thumb/v7e-m+fp/hard\libg_nano.a(lib_a-nano-vfprintf_i.o)
                0x00008448                _printf_i
 .text._sbrk_r  0x00008694       0x20 c:/renesas/synergy/e2studio_v2024-01.1_ssp_v2.6.1/toolchains/gcc_arm/gcc-arm-none-eabi-10.3-2021.10/bin/../lib/gcc/arm-none-eabi/10.3.1/../../../../arm-none-eabi/lib/thumb/v7e-m+fp/hard\libg_nano.a(lib_a-sbrkr.o)
                0x00008694                _sbrk_r
 .text.__sread  0x000086b4       0x22 c:/renesas/synergy/e2studio_v2024-01.1_ssp_v2.6.1/toolchains/gcc_arm/gcc-arm-none-eabi-10.3-2021.10/bin/../lib/gcc/arm-none-eabi/10.3.1/../../../../arm-none-eabi/lib/thumb/v7e-m+fp/hard\libg_nano.a(lib_a-stdio.o)
                0x000086b4                __sread
 .text.__swrite
                0x000086d6       0x38 c:/renesas/synergy/e2studio_v2024-01.1_ssp_v2.6.1/toolchains/gcc_arm/gcc-arm-none-eabi-10.3-2021.10/bin/../lib/gcc/arm-none-eabi/10.3.1/../../../../arm-none-eabi/lib/thumb/v7e-m+fp/hard\libg_nano.a(lib_a-stdio.o)
                0x000086d6                __swrite
 .text.__sseek  0x0000870e       0x24 c:/renesas/synergy/e2studio_v2024-01.1_ssp_v2.6.1/toolchains/gcc_arm/gcc-arm-none-eabi-10.3-2021.10/bin/../lib/gcc/arm-none-eabi/10.3.1/../../../../arm-none-eabi/lib/thumb/v7e-m+fp/hard\libg_nano.a(lib_a-stdio.o)
                0x0000870e                __sseek
 .text.__sclose
                0x00008732        0x8 c:/renesas/synergy/e2studio_v2024-01.1_ssp_v2.6.1/toolchains/gcc_arm/gcc-arm-none-eabi-10.3-2021.10/bin/../lib/gcc/arm-none-eabi/10.3.1/../../../../arm-none-eabi/lib/thumb/v7e-m+fp/hard\libg_nano.a(lib_a-stdio.o)
                0x00008732                __sclose
 *fill*         0x0000873a        0x2 ff
 .text._write_r
                0x0000873c       0x24 c:/renesas/synergy/e2studio_v2024-01.1_ssp_v2.6.1/toolchains/gcc_arm/gcc-arm-none-eabi-10.3-2021.10/bin/../lib/gcc/arm-none-eabi/10.3.1/../../../../arm-none-eabi/lib/thumb/v7e-m+fp/hard\libg_nano.a(lib_a-writer.o)
                0x0000873c                _write_r
 .text.abort    0x00008760        0xe c:/renesas/synergy/e2studio_v2024-01.1_ssp_v2.6.1/toolchains/gcc_arm/gcc-arm-none-eabi-10.3-2021.10/bin/../lib/gcc/arm-none-eabi/10.3.1/../../../../arm-none-eabi/lib/thumb/v7e-m+fp/hard\libg_nano.a(lib_a-abort.o)
                0x00008760                abort
 *fill*         0x0000876e        0x2 ff
 .text._close_r
                0x00008770       0x20 c:/renesas/synergy/e2studio_v2024-01.1_ssp_v2.6.1/toolchains/gcc_arm/gcc-arm-none-eabi-10.3-2021.10/bin/../lib/gcc/arm-none-eabi/10.3.1/../../../../arm-none-eabi/lib/thumb/v7e-m+fp/hard\libg_nano.a(lib_a-closer.o)
                0x00008770                _close_r
 .text._fstat_r
                0x00008790       0x24 c:/renesas/synergy/e2studio_v2024-01.1_ssp_v2.6.1/toolchains/gcc_arm/gcc-arm-none-eabi-10.3-2021.10/bin/../lib/gcc/arm-none-eabi/10.3.1/../../../../arm-none-eabi/lib/thumb/v7e-m+fp/hard\libg_nano.a(lib_a-fstatr.o)
                0x00008790                _fstat_r
 .text._isatty_r
                0x000087b4       0x20 c:/renesas/synergy/e2studio_v2024-01.1_ssp_v2.6.1/toolchains/gcc_arm/gcc-arm-none-eabi-10.3-2021.10/bin/../lib/gcc/arm-none-eabi/10.3.1/../../../../arm-none-eabi/lib/thumb/v7e-m+fp/hard\libg_nano.a(lib_a-isattyr.o)
                0x000087b4                _isatty_r
 .text._lseek_r
                0x000087d4       0x24 c:/renesas/synergy/e2studio_v2024-01.1_ssp_v2.6.1/toolchains/gcc_arm/gcc-arm-none-eabi-10.3-2021.10/bin/../lib/gcc/arm-none-eabi/10.3.1/../../../../arm-none-eabi/lib/thumb/v7e-m+fp/hard\libg_nano.a(lib_a-lseekr.o)
                0x000087d4                _lseek_r
 *fill*         0x000087f8        0x8 ff
 .text          0x00008800       0xa0 c:/renesas/synergy/e2studio_v2024-01.1_ssp_v2.6.1/toolchains/gcc_arm/gcc-arm-none-eabi-10.3-2021.10/bin/../lib/gcc/arm-none-eabi/10.3.1/../../../../arm-none-eabi/lib/thumb/v7e-m+fp/hard\libg_nano.a(lib_a-memchr.o)
                0x00008800                memchr
 .text.memmove  0x000088a0       0x34 c:/renesas/synergy/e2studio_v2024-01.1_ssp_v2.6.1/toolchains/gcc_arm/gcc-arm-none-eabi-10.3-2021.10/bin/../lib/gcc/arm-none-eabi/10.3.1/../../../../arm-none-eabi/lib/thumb/v7e-m+fp/hard\libg_nano.a(lib_a-memmove.o)
                0x000088a0                memmove
 .text.__malloc_lock
                0x000088d4        0xc c:/renesas/synergy/e2studio_v2024-01.1_ssp_v2.6.1/toolchains/gcc_arm/gcc-arm-none-eabi-10.3-2021.10/bin/../lib/gcc/arm-none-eabi/10.3.1/../../../../arm-none-eabi/lib/thumb/v7e-m+fp/hard\libg_nano.a(lib_a-mlock.o)
                0x000088d4                __malloc_lock
 .text.__malloc_unlock
                0x000088e0        0xc c:/renesas/synergy/e2studio_v2024-01.1_ssp_v2.6.1/toolchains/gcc_arm/gcc-arm-none-eabi-10.3-2021.10/bin/../lib/gcc/arm-none-eabi/10.3.1/../../../../arm-none-eabi/lib/thumb/v7e-m+fp/hard\libg_nano.a(lib_a-mlock.o)
                0x000088e0                __malloc_unlock
 .text._realloc_r
                0x000088ec       0x5e c:/renesas/synergy/e2studio_v2024-01.1_ssp_v2.6.1/toolchains/gcc_arm/gcc-arm-none-eabi-10.3-2021.10/bin/../lib/gcc/arm-none-eabi/10.3.1/../../../../arm-none-eabi/lib/thumb/v7e-m+fp/hard\libg_nano.a(lib_a-nano-reallocr.o)
                0x000088ec                _realloc_r
 *fill*         0x0000894a        0x2 ff
 .text._read_r  0x0000894c       0x24 c:/renesas/synergy/e2studio_v2024-01.1_ssp_v2.6.1/toolchains/gcc_arm/gcc-arm-none-eabi-10.3-2021.10/bin/../lib/gcc/arm-none-eabi/10.3.1/../../../../arm-none-eabi/lib/thumb/v7e-m+fp/hard\libg_nano.a(lib_a-readr.o)
                0x0000894c                _read_r
 .text._raise_r
                0x00008970       0x50 c:/renesas/synergy/e2studio_v2024-01.1_ssp_v2.6.1/toolchains/gcc_arm/gcc-arm-none-eabi-10.3-2021.10/bin/../lib/gcc/arm-none-eabi/10.3.1/../../../../arm-none-eabi/lib/thumb/v7e-m+fp/hard\libg_nano.a(lib_a-signal.o)
                0x00008970                _raise_r
 .text.raise    0x000089c0       0x10 c:/renesas/synergy/e2studio_v2024-01.1_ssp_v2.6.1/toolchains/gcc_arm/gcc-arm-none-eabi-10.3-2021.10/bin/../lib/gcc/arm-none-eabi/10.3.1/../../../../arm-none-eabi/lib/thumb/v7e-m+fp/hard\libg_nano.a(lib_a-signal.o)
                0x000089c0                raise
 .text._kill_r  0x000089d0       0x24 c:/renesas/synergy/e2studio_v2024-01.1_ssp_v2.6.1/toolchains/gcc_arm/gcc-arm-none-eabi-10.3-2021.10/bin/../lib/gcc/arm-none-eabi/10.3.1/../../../../arm-none-eabi/lib/thumb/v7e-m+fp/hard\libg_nano.a(lib_a-signalr.o)
                0x000089d0                _kill_r
 .text._getpid_r
                0x000089f4        0x4 c:/renesas/synergy/e2studio_v2024-01.1_ssp_v2.6.1/toolchains/gcc_arm/gcc-arm-none-eabi-10.3-2021.10/bin/../lib/gcc/arm-none-eabi/10.3.1/../../../../arm-none-eabi/lib/thumb/v7e-m+fp/hard\libg_nano.a(lib_a-signalr.o)
                0x000089f4                _getpid_r
 .text._malloc_usable_size_r
                0x000089f8       0x10 c:/renesas/synergy/e2studio_v2024-01.1_ssp_v2.6.1/toolchains/gcc_arm/gcc-arm-none-eabi-10.3-2021.10/bin/../lib/gcc/arm-none-eabi/10.3.1/../../../../arm-none-eabi/lib/thumb/v7e-m+fp/hard\libg_nano.a(lib_a-nano-msizer.o)
                0x000089f8                _malloc_usable_size_r
 .text.findslot
                0x00008a08       0x34 c:/renesas/synergy/e2studio_v2024-01.1_ssp_v2.6.1/toolchains/gcc_arm/gcc-arm-none-eabi-10.3-2021.10/bin/../lib/gcc/arm-none-eabi/10.3.1/../../../../arm-none-eabi/lib/thumb/v7e-m+fp/hard\librdimon_nano.a(rdimon-syscalls.o)
 .text.error    0x00008a3c       0x1c c:/renesas/synergy/e2studio_v2024-01.1_ssp_v2.6.1/toolchains/gcc_arm/gcc-arm-none-eabi-10.3-2021.10/bin/../lib/gcc/arm-none-eabi/10.3.1/../../../../arm-none-eabi/lib/thumb/v7e-m+fp/hard\librdimon_nano.a(rdimon-syscalls.o)
 .text.checkerror
                0x00008a58        0xa c:/renesas/synergy/e2studio_v2024-01.1_ssp_v2.6.1/toolchains/gcc_arm/gcc-arm-none-eabi-10.3-2021.10/bin/../lib/gcc/arm-none-eabi/10.3.1/../../../../arm-none-eabi/lib/thumb/v7e-m+fp/hard\librdimon_nano.a(rdimon-syscalls.o)
 .text._swiread
                0x00008a62       0x20 c:/renesas/synergy/e2studio_v2024-01.1_ssp_v2.6.1/toolchains/gcc_arm/gcc-arm-none-eabi-10.3-2021.10/bin/../lib/gcc/arm-none-eabi/10.3.1/../../../../arm-none-eabi/lib/thumb/v7e-m+fp/hard\librdimon_nano.a(rdimon-syscalls.o)
                0x00008a62                _swiread
 .text._read    0x00008a82       0x38 c:/renesas/synergy/e2studio_v2024-01.1_ssp_v2.6.1/toolchains/gcc_arm/gcc-arm-none-eabi-10.3-2021.10/bin/../lib/gcc/arm-none-eabi/10.3.1/../../../../arm-none-eabi/lib/thumb/v7e-m+fp/hard\librdimon_nano.a(rdimon-syscalls.o)
                0x00008a82                _read
 .text._swilseek
                0x00008aba       0x78 c:/renesas/synergy/e2studio_v2024-01.1_ssp_v2.6.1/toolchains/gcc_arm/gcc-arm-none-eabi-10.3-2021.10/bin/../lib/gcc/arm-none-eabi/10.3.1/../../../../arm-none-eabi/lib/thumb/v7e-m+fp/hard\librdimon_nano.a(rdimon-syscalls.o)
                0x00008aba                _swilseek
 .text._lseek   0x00008b32        0x4 c:/renesas/synergy/e2studio_v2024-01.1_ssp_v2.6.1/toolchains/gcc_arm/gcc-arm-none-eabi-10.3-2021.10/bin/../lib/gcc/arm-none-eabi/10.3.1/../../../../arm-none-eabi/lib/thumb/v7e-m+fp/hard\librdimon_nano.a(rdimon-syscalls.o)
                0x00008b32                _lseek
 .text._swiwrite
                0x00008b36       0x20 c:/renesas/synergy/e2studio_v2024-01.1_ssp_v2.6.1/toolchains/gcc_arm/gcc-arm-none-eabi-10.3-2021.10/bin/../lib/gcc/arm-none-eabi/10.3.1/../../../../arm-none-eabi/lib/thumb/v7e-m+fp/hard\librdimon_nano.a(rdimon-syscalls.o)
                0x00008b36                _swiwrite
 .text._write   0x00008b56       0x48 c:/renesas/synergy/e2studio_v2024-01.1_ssp_v2.6.1/toolchains/gcc_arm/gcc-arm-none-eabi-10.3-2021.10/bin/../lib/gcc/arm-none-eabi/10.3.1/../../../../arm-none-eabi/lib/thumb/v7e-m+fp/hard\librdimon_nano.a(rdimon-syscalls.o)
                0x00008b56                _write
 .text._swiclose
                0x00008b9e       0x1a c:/renesas/synergy/e2studio_v2024-01.1_ssp_v2.6.1/toolchains/gcc_arm/gcc-arm-none-eabi-10.3-2021.10/bin/../lib/gcc/arm-none-eabi/10.3.1/../../../../arm-none-eabi/lib/thumb/v7e-m+fp/hard\librdimon_nano.a(rdimon-syscalls.o)
                0x00008b9e                _swiclose
 .text._close   0x00008bb8       0x4c c:/renesas/synergy/e2studio_v2024-01.1_ssp_v2.6.1/toolchains/gcc_arm/gcc-arm-none-eabi-10.3-2021.10/bin/../lib/gcc/arm-none-eabi/10.3.1/../../../../arm-none-eabi/lib/thumb/v7e-m+fp/hard\librdimon_nano.a(rdimon-syscalls.o)
                0x00008bb8                _close
 .text._getpid  0x00008c04        0x4 c:/renesas/synergy/e2studio_v2024-01.1_ssp_v2.6.1/toolchains/gcc_arm/gcc-arm-none-eabi-10.3-2021.10/bin/../lib/gcc/arm-none-eabi/10.3.1/../../../../arm-none-eabi/lib/thumb/v7e-m+fp/hard\librdimon_nano.a(rdimon-syscalls.o)
                0x00008c04                _getpid
 .text._swistat
                0x00008c08       0x42 c:/renesas/synergy/e2studio_v2024-01.1_ssp_v2.6.1/toolchains/gcc_arm/gcc-arm-none-eabi-10.3-2021.10/bin/../lib/gcc/arm-none-eabi/10.3.1/../../../../arm-none-eabi/lib/thumb/v7e-m+fp/hard\librdimon_nano.a(rdimon-syscalls.o)
                0x00008c08                _swistat
 .text._fstat   0x00008c4a       0x1c c:/renesas/synergy/e2studio_v2024-01.1_ssp_v2.6.1/toolchains/gcc_arm/gcc-arm-none-eabi-10.3-2021.10/bin/../lib/gcc/arm-none-eabi/10.3.1/../../../../arm-none-eabi/lib/thumb/v7e-m+fp/hard\librdimon_nano.a(rdimon-syscalls.o)
                0x00008c4a                _fstat
 .text._stat    0x00008c66       0x3a c:/renesas/synergy/e2studio_v2024-01.1_ssp_v2.6.1/toolchains/gcc_arm/gcc-arm-none-eabi-10.3-2021.10/bin/../lib/gcc/arm-none-eabi/10.3.1/../../../../arm-none-eabi/lib/thumb/v7e-m+fp/hard\librdimon_nano.a(rdimon-syscalls.o)
                0x00008c66                _stat
 .text._swiopen
                0x00008ca0       0xb4 c:/renesas/synergy/e2studio_v2024-01.1_ssp_v2.6.1/toolchains/gcc_arm/gcc-arm-none-eabi-10.3-2021.10/bin/../lib/gcc/arm-none-eabi/10.3.1/../../../../arm-none-eabi/lib/thumb/v7e-m+fp/hard\librdimon_nano.a(rdimon-syscalls.o)
                0x00008ca0                _swiopen
 .text._get_semihosting_exts
                0x00008d54       0xb8 c:/renesas/synergy/e2studio_v2024-01.1_ssp_v2.6.1/toolchains/gcc_arm/gcc-arm-none-eabi-10.3-2021.10/bin/../lib/gcc/arm-none-eabi/10.3.1/../../../../arm-none-eabi/lib/thumb/v7e-m+fp/hard\librdimon_nano.a(rdimon-syscalls.o)
                0x00008d54                _get_semihosting_exts
 .text.initialise_semihosting_exts
                0x00008e0c       0x34 c:/renesas/synergy/e2studio_v2024-01.1_ssp_v2.6.1/toolchains/gcc_arm/gcc-arm-none-eabi-10.3-2021.10/bin/../lib/gcc/arm-none-eabi/10.3.1/../../../../arm-none-eabi/lib/thumb/v7e-m+fp/hard\librdimon_nano.a(rdimon-syscalls.o)
 .text._has_ext_exit_extended
                0x00008e40       0x18 c:/renesas/synergy/e2studio_v2024-01.1_ssp_v2.6.1/toolchains/gcc_arm/gcc-arm-none-eabi-10.3-2021.10/bin/../lib/gcc/arm-none-eabi/10.3.1/../../../../arm-none-eabi/lib/thumb/v7e-m+fp/hard\librdimon_nano.a(rdimon-syscalls.o)
                0x00008e40                _has_ext_exit_extended
 .text._has_ext_stdout_stderr
                0x00008e58       0x18 c:/renesas/synergy/e2studio_v2024-01.1_ssp_v2.6.1/toolchains/gcc_arm/gcc-arm-none-eabi-10.3-2021.10/bin/../lib/gcc/arm-none-eabi/10.3.1/../../../../arm-none-eabi/lib/thumb/v7e-m+fp/hard\librdimon_nano.a(rdimon-syscalls.o)
                0x00008e58                _has_ext_stdout_stderr
 .text.initialise_monitor_handles
                0x00008e70       0xc0 c:/renesas/synergy/e2studio_v2024-01.1_ssp_v2.6.1/toolchains/gcc_arm/gcc-arm-none-eabi-10.3-2021.10/bin/../lib/gcc/arm-none-eabi/10.3.1/../../../../arm-none-eabi/lib/thumb/v7e-m+fp/hard\librdimon_nano.a(rdimon-syscalls.o)
                0x00008e70                initialise_monitor_handles
 .text._isatty  0x00008f30       0x38 c:/renesas/synergy/e2studio_v2024-01.1_ssp_v2.6.1/toolchains/gcc_arm/gcc-arm-none-eabi-10.3-2021.10/bin/../lib/gcc/arm-none-eabi/10.3.1/../../../../arm-none-eabi/lib/thumb/v7e-m+fp/hard\librdimon_nano.a(rdimon-syscalls.o)
                0x00008f30                _isatty