Archive member included to satisfy reference by file (symbol)

C:\Users\User\e2_studio\workspace\USB\synergy\ssp\src\driver\r_fmi\libs\libfmi_cm4_s7g2_gcc.a(r_fmi.o)
                              ./synergy/ssp/src/framework/sf_el_ux/ux_dcd_synergy_initialize.o (g_fmi_on_fmi)
C:\Users\User\e2_studio\workspace\USB\synergy\ssp\src\bsp\mcu\s7g2\libfmi_R7FS7G27H3A01CFC_gcc.a(bsp_fmi_R7FS7G27H3A01CFC.o)
                              C:\Users\User\e2_studio\workspace\USB\synergy\ssp\src\driver\r_fmi\libs\libfmi_cm4_s7g2_gcc.a(r_fmi.o) (g_fmi_data)
C:\Users\User\e2_studio\workspace\USB\synergy\ssp\src\framework\el\tx\cm4_gcc\libtx.a(txe_mutex_create.o)
                              ./synergy/ssp/src/framework/sf_el_ux_comms_v2/sf_el_ux_comms.o (_txe_mutex_create)
C:\Users\User\e2_studio\workspace\USB\synergy\ssp\src\framework\el\tx\cm4_gcc\libtx.a(txe_mutex_delete.o)
                              ./synergy/ssp/src/framework/sf_el_ux_comms_v2/sf_el_ux_comms.o (_txe_mutex_delete)
C:\Users\User\e2_studio\workspace\USB\synergy\ssp\src\framework\el\tx\cm4_gcc\libtx.a(txe_mutex_get.o)
                              ./synergy/ssp/src/framework/sf_el_ux_comms_v2/sf_el_ux_comms.o (_txe_mutex_get)
C:\Users\User\e2_studio\workspace\USB\synergy\ssp\src\framework\el\tx\cm4_gcc\libtx.a(txe_mutex_put.o)
                              ./synergy/ssp/src/framework/sf_el_ux_comms_v2/sf_el_ux_comms.o (_txe_mutex_put)
C:\Users\User\e2_studio\workspace\USB\synergy\ssp\src\framework\el\tx\cm4_gcc\libtx.a(txe_semaphore_ceiling_put.o)
                              ./src/synergy_gen/Lab6.o (_txe_semaphore_ceiling_put)
C:\Users\User\e2_studio\workspace\USB\synergy\ssp\src\framework\el\tx\cm4_gcc\libtx.a(txe_semaphore_create.o)
                              ./synergy/ssp/src/framework/sf_el_ux_comms_v2/sf_el_ux_comms.o (_txe_semaphore_create)
C:\Users\User\e2_studio\workspace\USB\synergy\ssp\src\framework\el\tx\cm4_gcc\libtx.a(txe_semaphore_delete.o)
                              ./synergy/ssp/src/framework/sf_el_ux_comms_v2/sf_el_ux_comms.o (_txe_semaphore_delete)
C:\Users\User\e2_studio\workspace\USB\synergy\ssp\src\framework\el\tx\cm4_gcc\libtx.a(txe_semaphore_get.o)
                              ./synergy/ssp/src/framework/sf_el_ux_comms_v2/sf_el_ux_comms.o (_txe_semaphore_get)
C:\Users\User\e2_studio\workspace\USB\synergy\ssp\src\framework\el\tx\cm4_gcc\libtx.a(txe_semaphore_put.o)
                              ./src/synergy_gen/main.o (_txe_semaphore_put)
C:\Users\User\e2_studio\workspace\USB\synergy\ssp\src\framework\el\tx\cm4_gcc\libtx.a(txe_thread_create.o)
                              ./src/synergy_gen/Lab6.o (_txe_thread_create)
C:\Users\User\e2_studio\workspace\USB\synergy\ssp\src\framework\el\tx\cm4_gcc\libtx.a(tx_initialize_high_level.o)
                              C:\Users\User\e2_studio\workspace\USB\synergy\ssp\src\framework\el\tx\cm4_gcc\libtx.a(txe_mutex_create.o) (_tx_mutex_created_count)
C:\Users\User\e2_studio\workspace\USB\synergy\ssp\src\framework\el\tx\cm4_gcc\libtx.a(tx_initialize_kernel_enter.o)
                              ./src/synergy_gen/main.o (_tx_initialize_kernel_enter)
C:\Users\User\e2_studio\workspace\USB\synergy\ssp\src\framework\el\tx\cm4_gcc\libtx.a(tx_isr_end.o)
                              ./synergy/ssp/src/framework/sf_el_ux/usb_irq_veneer.o (tx_isr_end)
C:\Users\User\e2_studio\workspace\USB\synergy\ssp\src\framework\el\tx\cm4_gcc\libtx.a(tx_isr_start.o)
                              ./synergy/ssp/src/framework/sf_el_ux/usb_irq_veneer.o (tx_isr_start)
C:\Users\User\e2_studio\workspace\USB\synergy\ssp\src\framework\el\tx\cm4_gcc\libtx.a(tx_mutex_create.o)
                              C:\Users\User\e2_studio\workspace\USB\synergy\ssp\src\framework\el\tx\cm4_gcc\libtx.a(txe_mutex_create.o) (_tx_mutex_create)
C:\Users\User\e2_studio\workspace\USB\synergy\ssp\src\framework\el\tx\cm4_gcc\libtx.a(tx_mutex_delete.o)
                              C:\Users\User\e2_studio\workspace\USB\synergy\ssp\src\framework\el\tx\cm4_gcc\libtx.a(txe_mutex_delete.o) (_tx_mutex_delete)
C:\Users\User\e2_studio\workspace\USB\synergy\ssp\src\framework\el\tx\cm4_gcc\libtx.a(tx_mutex_get.o)
                              C:\Users\User\e2_studio\workspace\USB\synergy\ssp\src\framework\el\tx\cm4_gcc\libtx.a(txe_mutex_get.o) (_tx_mutex_get)
C:\Users\User\e2_studio\workspace\USB\synergy\ssp\src\framework\el\tx\cm4_gcc\libtx.a(tx_mutex_priority_change.o)
                              C:\Users\User\e2_studio\workspace\USB\synergy\ssp\src\framework\el\tx\cm4_gcc\libtx.a(tx_mutex_get.o) (_tx_mutex_priority_change)
C:\Users\User\e2_studio\workspace\USB\synergy\ssp\src\framework\el\tx\cm4_gcc\libtx.a(tx_mutex_put.o)
                              C:\Users\User\e2_studio\workspace\USB\synergy\ssp\src\framework\el\tx\cm4_gcc\libtx.a(txe_mutex_put.o) (_tx_mutex_put)
C:\Users\User\e2_studio\workspace\USB\synergy\ssp\src\framework\el\tx\cm4_gcc\libtx.a(tx_semaphore_ceiling_put.o)
[...]
Memory Configuration

Name             Origin             Length             Attributes
FLASH            0x00000000         0x00400000         xr
RAM              0x1ffe0000         0x000a0000         xrw
DATA_FLASH       0x40100000         0x00010000         xr
QSPI_FLASH       0x60000000         0x04000000         xr
SDRAM            0x90000000         0x02000000         xrw
ID_CODES         0x40120050         0x00000010         xr
*default*        0x00000000         0xffffffff

Linker script and memory map

LOAD c:/renesas/synergy/e2studio_v2024-01.1_ssp_v2.6.1/toolchains/gcc_arm/gcc-arm-none-eabi-10.3-2021.10/bin/../lib/gcc/arm-none-eabi/10.3.1/thumb/v7e-m+fp/hard/crti.o
LOAD c:/renesas/synergy/e2studio_v2024-01.1_ssp_v2.6.1/toolchains/gcc_arm/gcc-arm-none-eabi-10.3-2021.10/bin/../lib/gcc/arm-none-eabi/10.3.1/thumb/v7e-m+fp/hard/crtbegin.o
LOAD c:/renesas/synergy/e2studio_v2024-01.1_ssp_v2.6.1/toolchains/gcc_arm/gcc-arm-none-eabi-10.3-2021.10/bin/../lib/gcc/arm-none-eabi/10.3.1/../../../../arm-none-eabi/lib/thumb/v7e-m+fp/hard/rdimon-crt0.o
START GROUP
LOAD ./synergy/ssp/src/framework/sf_el_ux_comms_v2/sf_el_ux_comms.o
LOAD ./synergy/ssp/src/framework/sf_el_ux/usb_irq_veneer.o
LOAD ./synergy/ssp/src/framework/sf_el_ux/usbfs_irq_veneer.o
LOAD ./synergy/ssp/src/framework/sf_el_ux/ux_dcd_synergy_buffer_empty_interrupt.o
LOAD ./synergy/ssp/src/framework/sf_el_ux/ux_dcd_synergy_buffer_notready_interrupt.o
LOAD ./synergy/ssp/src/framework/sf_el_ux/ux_dcd_synergy_buffer_read.o
LOAD ./synergy/ssp/src/framework/sf_el_ux/ux_dcd_synergy_buffer_ready_interrupt.o
LOAD ./synergy/ssp/src/framework/sf_el_ux/ux_dcd_synergy_buffer_write.o
LOAD ./synergy/ssp/src/framework/sf_el_ux/ux_dcd_synergy_current_endpoint_change.o
LOAD ./synergy/ssp/src/framework/sf_el_ux/ux_dcd_synergy_data_buffersize.o
LOAD ./synergy/ssp/src/framework/sf_el_ux/ux_dcd_synergy_endpoint_create.o
LOAD ./synergy/ssp/src/framework/sf_el_ux/ux_dcd_synergy_endpoint_destroy.o
LOAD ./synergy/ssp/src/framework/sf_el_ux/ux_dcd_synergy_endpoint_nak_set.o
LOAD ./synergy/ssp/src/framework/sf_el_ux/ux_dcd_synergy_endpoint_reset.o
LOAD ./synergy/ssp/src/framework/sf_el_ux/ux_dcd_synergy_endpoint_stall.o
LOAD ./synergy/ssp/src/framework/sf_el_ux/ux_dcd_synergy_endpoint_status.o
LOAD ./synergy/ssp/src/framework/sf_el_ux/ux_dcd_synergy_fifo_port_change.o
LOAD ./synergy/ssp/src/framework/sf_el_ux/ux_dcd_synergy_fifo_read.o
LOAD ./synergy/ssp/src/framework/sf_el_ux/ux_dcd_synergy_fifoc_write.o
LOAD ./synergy/ssp/src/framework/sf_el_ux/ux_dcd_synergy_fifod_write.o
LOAD ./synergy/ssp/src/framework/sf_el_ux/ux_dcd_synergy_frame_number_get.o
LOAD ./synergy/ssp/src/framework/sf_el_ux/ux_dcd_synergy_function.o
LOAD ./synergy/ssp/src/framework/sf_el_ux/ux_dcd_synergy_initialize.o
LOAD ./synergy/ssp/src/framework/sf_el_ux/ux_dcd_synergy_initialize_complete.o
LOAD ./synergy/ssp/src/framework/sf_el_ux/ux_dcd_synergy_interrupt_handler.o
LOAD ./synergy/ssp/src/framework/sf_el_ux/ux_dcd_synergy_register_clear.o
LOAD ./synergy/ssp/src/framework/sf_el_ux/ux_dcd_synergy_register_read.o
LOAD ./synergy/ssp/src/framework/sf_el_ux/ux_dcd_synergy_register_set.o
LOAD ./synergy/ssp/src/framework/sf_el_ux/ux_dcd_synergy_register_write.o
LOAD ./synergy/ssp/src/framework/sf_el_ux/ux_dcd_synergy_transfer_abort.o
LOAD ./synergy/ssp/src/framework/sf_el_ux/ux_dcd_synergy_transfer_callback.o
LOAD ./synergy/ssp/src/framework/sf_el_ux/ux_dcd_synergy_transfer_request.o
LOAD ./synergy/ssp/src/framework/sf_el_ux/ux_dcd_synergy_uninitialize.o
LOAD ./synergy/ssp/src/framework/sf_el_ux/ux_hcd_synergy_asynch_queue_process.o
LOAD ./synergy/ssp/src/framework/sf_el_ux/ux_hcd_synergy_asynch_queue_process_bemp.o
LOAD ./synergy/ssp/src/framework/sf_el_ux/ux_hcd_synergy_asynch_queue_process_brdy.o
LOAD ./synergy/ssp/src/framework/sf_el_ux/ux_hcd_synergy_asynch_queue_process_nrdy.o
LOAD ./synergy/ssp/src/framework/sf_el_ux/ux_hcd_synergy_asynch_queue_process_sign.o
LOAD ./synergy/ssp/src/framework/sf_el_ux/ux_hcd_synergy_asynch_schedule.o
LOAD ./synergy/ssp/src/framework/sf_el_ux/ux_hcd_synergy_asynchronous_endpoint_create.o
LOAD ./synergy/ssp/src/framework/sf_el_ux/ux_hcd_synergy_asynchronous_endpoint_destroy.o
LOAD ./synergy/ssp/src/framework/sf_el_ux/ux_hcd_synergy_buffer_empty_interrupt.o
LOAD ./synergy/ssp/src/framework/sf_el_ux/ux_hcd_synergy_buffer_notready_interrupt.o
LOAD ./synergy/ssp/src/framework/sf_el_ux/ux_hcd_synergy_buffer_read.o
LOAD ./synergy/ssp/src/framework/sf_el_ux/ux_hcd_synergy_buffer_ready_interrupt.o
LOAD ./synergy/ssp/src/framework/sf_el_ux/ux_hcd_synergy_buffer_write.o
LOAD ./synergy/ssp/src/framework/sf_el_ux/ux_hcd_synergy_bulk_endpoint_create.o
LOAD ./synergy/ssp/src/framework/sf_el_ux/ux_hcd_synergy_bulk_int_td_add.o
LOAD ./synergy/ssp/src/framework/sf_el_ux/ux_hcd_synergy_control_endpoint_create.o
LOAD ./synergy/ssp/src/framework/sf_el_ux/ux_hcd_synergy_control_td_add.o
LOAD ./synergy/ssp/src/framework/sf_el_ux/ux_hcd_synergy_controller_disable.o
LOAD ./synergy/ssp/src/framework/sf_el_ux/ux_hcd_synergy_current_endpoint_change.o
LOAD ./synergy/ssp/src/framework/sf_el_ux/ux_hcd_synergy_data_buffer_size.o
LOAD ./synergy/ssp/src/framework/sf_el_ux/ux_hcd_synergy_ed_obtain.o
LOAD ./synergy/ssp/src/framework/sf_el_ux/ux_hcd_synergy_ed_td_clean.o
LOAD ./synergy/ssp/src/framework/sf_el_ux/ux_hcd_synergy_endpoint_nak_set.o
LOAD ./synergy/ssp/src/framework/sf_el_ux/ux_hcd_synergy_endpoint_reset.o
LOAD ./synergy/ssp/src/framework/sf_el_ux/ux_hcd_synergy_entry.o
LOAD ./synergy/ssp/src/framework/sf_el_ux/ux_hcd_synergy_fifo_port_change.o
LOAD ./synergy/ssp/src/framework/sf_el_ux/ux_hcd_synergy_fifo_read.o
LOAD ./synergy/ssp/src/framework/sf_el_ux/ux_hcd_synergy_fifoc_write.o
LOAD ./synergy/ssp/src/framework/sf_el_ux/ux_hcd_synergy_fifod_write.o
LOAD ./synergy/ssp/src/framework/sf_el_ux/ux_hcd_synergy_frame_number_get.o
LOAD ./synergy/ssp/src/framework/sf_el_ux/ux_hcd_synergy_frame_number_set.o
LOAD ./synergy/ssp/src/framework/sf_el_ux/ux_hcd_synergy_initialize.o
LOAD ./synergy/ssp/src/framework/sf_el_ux/ux_hcd_synergy_interrupt_endpoint_create.o
LOAD ./synergy/ssp/src/framework/sf_el_ux/ux_hcd_synergy_interrupt_handler.o
LOAD ./synergy/ssp/src/framework/sf_el_ux/ux_hcd_synergy_iso_queue_process.o
LOAD ./synergy/ssp/src/framework/sf_el_ux/ux_hcd_synergy_iso_queue_process_bemp.o
LOAD ./synergy/ssp/src/framework/sf_el_ux/ux_hcd_synergy_iso_queue_process_brdy.o
LOAD ./synergy/ssp/src/framework/sf_el_ux/ux_hcd_synergy_iso_queue_process_nrdy.o
LOAD ./synergy/ssp/src/framework/sf_el_ux/ux_hcd_synergy_iso_schedule.o
LOAD ./synergy/ssp/src/framework/sf_el_ux/ux_hcd_synergy_iso_td_add.o
LOAD ./synergy/ssp/src/framework/sf_el_ux/ux_hcd_synergy_isochronous_endpoint_create.o
LOAD ./synergy/ssp/src/framework/sf_el_ux/ux_hcd_synergy_isochronous_td_obtain.o
LOAD ./synergy/ssp/src/framework/sf_el_ux/ux_hcd_synergy_least_traffic_list_get.o
LOAD ./synergy/ssp/src/framework/sf_el_ux/ux_hcd_synergy_periodic_endpoint_destroy.o
LOAD ./synergy/ssp/src/framework/sf_el_ux/ux_hcd_synergy_periodic_schedule.o
LOAD ./synergy/ssp/src/framework/sf_el_ux/ux_hcd_synergy_periodic_tree_create.o
LOAD ./synergy/ssp/src/framework/sf_el_ux/ux_hcd_synergy_port_disable.o
LOAD ./synergy/ssp/src/framework/sf_el_ux/ux_hcd_synergy_port_enable.o
LOAD ./synergy/ssp/src/framework/sf_el_ux/ux_hcd_synergy_port_reset.o
LOAD ./synergy/ssp/src/framework/sf_el_ux/ux_hcd_synergy_port_resume.o
LOAD ./synergy/ssp/src/framework/sf_el_ux/ux_hcd_synergy_port_status_get.o
LOAD ./synergy/ssp/src/framework/sf_el_ux/ux_hcd_synergy_port_suspend.o
LOAD ./synergy/ssp/src/framework/sf_el_ux/ux_hcd_synergy_power_down_port.o
LOAD ./synergy/ssp/src/framework/sf_el_ux/ux_hcd_synergy_power_on_port.o
LOAD ./synergy/ssp/src/framework/sf_el_ux/ux_hcd_synergy_power_root_hubs.o
LOAD ./synergy/ssp/src/framework/sf_el_ux/ux_hcd_synergy_register_clear.o
LOAD ./synergy/ssp/src/framework/sf_el_ux/ux_hcd_synergy_register_read.o
LOAD ./synergy/ssp/src/framework/sf_el_ux/ux_hcd_synergy_register_set.o
LOAD ./synergy/ssp/src/framework/sf_el_ux/ux_hcd_synergy_register_write.o
LOAD ./synergy/ssp/src/framework/sf_el_ux/ux_hcd_synergy_regular_td_obtain.o
LOAD ./synergy/ssp/src/framework/sf_el_ux/ux_hcd_synergy_request_bulk_transfer.o
LOAD ./synergy/ssp/src/framework/sf_el_ux/ux_hcd_synergy_request_control_transfer.o
LOAD ./synergy/ssp/src/framework/sf_el_ux/ux_hcd_synergy_request_interupt_transfer.o
LOAD ./synergy/ssp/src/framework/sf_el_ux/ux_hcd_synergy_request_isochronous_transfer.o
LOAD ./synergy/ssp/src/framework/sf_el_ux/ux_hcd_synergy_request_transfer.o
LOAD ./synergy/ssp/src/framework/sf_el_ux/ux_hcd_synergy_td_add.o
LOAD ./synergy/ssp/src/framework/sf_el_ux/ux_hcd_synergy_transfer_abort.o
LOAD ./synergy/ssp/src/framework/sf_el_ux/ux_hcd_synergy_uninitialize.o
LOAD ./synergy/ssp/src/driver/r_ioport/r_ioport.o
LOAD ./synergy/ssp/src/driver/r_elc/r_elc.o
LOAD ./synergy/ssp/src/driver/r_cgc/r_cgc.o
LOAD ./synergy/ssp/src/bsp/mcu/s7g2/bsp_cache.o
LOAD ./synergy/ssp/src/bsp/mcu/s7g2/bsp_clocks.o
LOAD ./synergy/ssp/src/bsp/mcu/s7g2/bsp_feature.o
LOAD ./synergy/ssp/src/bsp/mcu/s7g2/bsp_group_irq.o
LOAD ./synergy/ssp/src/bsp/mcu/s7g2/bsp_hw_locks.o
LOAD ./synergy/ssp/src/bsp/mcu/s7g2/bsp_module_stop.o
LOAD ./synergy/ssp/src/bsp/mcu/s7g2/bsp_rom_registers.o
LOAD ./synergy/ssp/src/bsp/mcu/all/bsp_common.o
LOAD ./synergy/ssp/src/bsp/mcu/all/bsp_common_leds.o
LOAD ./synergy/ssp/src/bsp/mcu/all/bsp_delay.o
LOAD ./synergy/ssp/src/bsp/mcu/all/bsp_irq.o
LOAD ./synergy/ssp/src/bsp/mcu/all/bsp_locking.o
LOAD ./synergy/ssp/src/bsp/mcu/all/bsp_register_protection.o
LOAD ./synergy/ssp/src/bsp/mcu/all/bsp_sbrk.o
LOAD ./synergy/ssp/src/bsp/cmsis/Device/RENESAS/S7G2/Source/startup_S7G2.o
LOAD ./synergy/ssp/src/bsp/cmsis/Device/RENESAS/S7G2/Source/system_S7G2.o
LOAD ./synergy/board/s7g2_sk/bsp_init.o
LOAD ./synergy/board/s7g2_sk/bsp_leds.o
LOAD ./synergy/board/s7g2_sk/bsp_qspi.o
LOAD ./src/synergy_gen/Lab6.o
LOAD ./src/synergy_gen/common_data.o
LOAD ./src/synergy_gen/hal_data.o
LOAD ./src/synergy_gen/main.o
LOAD ./src/synergy_gen/pin_data.o
LOAD ./src/Lab6_entry.o
LOAD ./src/hal_entry.o
LOAD C:\Users\User\e2_studio\workspace\USB\synergy\ssp\src\bsp\cmsis\DSP_Lib\cm4_gcc\libDSP_Lib.a
LOAD C:\Users\User\e2_studio\workspace\USB\synergy\ssp\src\bsp\cmsis\NN_Lib\cm4_gcc\libNN_Lib.a
LOAD C:\Users\User\e2_studio\workspace\USB\synergy\ssp\src\driver\r_fmi\libs\libfmi_cm4_s7g2_gcc.a
LOAD C:\Users\User\e2_studio\workspace\USB\synergy\ssp\src\bsp\mcu\s7g2\libfmi_R7FS7G27H3A01CFC_gcc.a
LOAD C:\Users\User\e2_studio\workspace\USB\synergy\ssp\src\framework\el\tx\cm4_gcc\libtx.a
LOAD C:\Users\User\e2_studio\workspace\USB\synergy\ssp\src\framework\el\ux\cm4_gcc\libux.a
LOAD C:\Users\User\e2_studio\workspace\USB\synergy\ssp\src\framework\el\ux_device_class_cdc_acm\cm4_gcc\libux_device_class_cdc_acm.a
END GROUP
START GROUP
LOAD c:/renesas/synergy/e2studio_v2024-01.1_ssp_v2.6.1/toolchains/gcc_arm/gcc-arm-none-eabi-10.3-2021.10/bin/../lib/gcc/arm-none-eabi/10.3.1/thumb/v7e-m+fp/hard\libgcc.a
LOAD c:/renesas/synergy/e2studio_v2024-01.1_ssp_v2.6.1/toolchains/gcc_arm/gcc-arm-none-eabi-10.3-2021.10/bin/../lib/gcc/arm-none-eabi/10.3.1/../../../../arm-none-eabi/lib/thumb/v7e-m+fp/hard\libg_nano.a
LOAD c:/renesas/synergy/e2studio_v2024-01.1_ssp_v2.6.1/toolchains/gcc_arm/gcc-arm-none-eabi-10.3-2021.10/bin/../lib/gcc/arm-none-eabi/10.3.1/../../../../arm-none-eabi/lib/thumb/v7e-m+fp/hard\libc_nano.a
END GROUP
START GROUP
LOAD c:/renesas/synergy/e2studio_v2024-01.1_ssp_v2.6.1/toolchains/gcc_arm/gcc-arm-none-eabi-10.3-2021.10/bin/../lib/gcc/arm-none-eabi/10.3.1/thumb/v7e-m+fp/hard\libgcc.a
LOAD c:/renesas/synergy/e2studio_v2024-01.1_ssp_v2.6.1/toolchains/gcc_arm/gcc-arm-none-eabi-10.3-2021.10/bin/../lib/gcc/arm-none-eabi/10.3.1/../../../../arm-none-eabi/lib/thumb/v7e-m+fp/hard\libc_nano.a
LOAD c:/renesas/synergy/e2studio_v2024-01.1_ssp_v2.6.1/toolchains/gcc_arm/gcc-arm-none-eabi-10.3-2021.10/bin/../lib/gcc/arm-none-eabi/10.3.1/../../../../arm-none-eabi/lib/thumb/v7e-m+fp/hard\librdimon_nano.a
END GROUP
START GROUP
LOAD c:/renesas/synergy/e2studio_v2024-01.1_ssp_v2.6.1/toolchains/gcc_arm/gcc-arm-none-eabi-10.3-2021.10/bin/../lib/gcc/arm-none-eabi/10.3.1/thumb/v7e-m+fp/hard\libgcc.a
LOAD c:/renesas/synergy/e2studio_v2024-01.1_ssp_v2.6.1/toolchains/gcc_arm/gcc-arm-none-eabi-10.3-2021.10/bin/../lib/gcc/arm-none-eabi/10.3.1/../../../../arm-none-eabi/lib/thumb/v7e-m+fp/hard\libc_nano.a
LOAD c:/renesas/synergy/e2studio_v2024-01.1_ssp_v2.6.1/toolchains/gcc_arm/gcc-arm-none-eabi-10.3-2021.10/bin/../lib/gcc/arm-none-eabi/10.3.1/../../../../arm-none-eabi/lib/thumb/v7e-m+fp/hard\librdimon_nano.a
END GROUP
LOAD c:/renesas/synergy/e2studio_v2024-01.1_ssp_v2.6.1/toolchains/gcc_arm/gcc-arm-none-eabi-10.3-2021.10/bin/../lib/gcc/arm-none-eabi/10.3.1/thumb/v7e-m+fp/hard/crtend.o
LOAD c:/renesas/synergy/e2studio_v2024-01.1_ssp_v2.6.1/toolchains/gcc_arm/gcc-arm-none-eabi-10.3-2021.10/bin/../lib/gcc/arm-none-eabi/10.3.1/thumb/v7e-m+fp/hard/crtn.o
START GROUP
LOAD c:/renesas/synergy/e2studio_v2024-01.1_ssp_v2.6.1/toolchains/gcc_arm/gcc-arm-none-eabi-10.3-2021.10/bin/../lib/gcc/arm-none-eabi/10.3.1/thumb/v7e-m+fp/hard\libgcc.a
LOAD c:/renesas/synergy/e2studio_v2024-01.1_ssp_v2.6.1/toolchains/gcc_arm/gcc-arm-none-eabi-10.3-2021.10/bin/../lib/gcc/arm-none-eabi/10.3.1/../../../../arm-none-eabi/lib/thumb/v7e-m+fp/hard\libc.a
LOAD c:/renesas/synergy/e2studio_v2024-01.1_ssp_v2.6.1/toolchains/gcc_arm/gcc-arm-none-eabi-10.3-2021.10/bin/../lib/gcc/arm-none-eabi/10.3.1/../../../../arm-none-eabi/lib/thumb/v7e-m+fp/hard\libm.a
LOAD c:/renesas/synergy/e2studio_v2024-01.1_ssp_v2.6.1/toolchains/gcc_arm/gcc-arm-none-eabi-10.3-2021.10/bin/../lib/gcc/arm-none-eabi/10.3.1/../../../../arm-none-eabi/lib/thumb/v7e-m+fp/hard\libnosys.a
END GROUP

.text           0x00000000     0xbbac
                0x00000000                __ROM_Start = .
 *(.vectors)
 .vectors       0x00000000       0x40 ./synergy/ssp/src/bsp/cmsis/Device/RENESAS/S7G2/Source/startup_S7G2.o
                0x00000000                __Vectors
 *(SORT_BY_NAME(.vector.*))
 .vector.USB_FS_0_INT
                0x00000040        0x4 ./src/synergy_gen/common_data.o
                0x00000040                g_vector_USB_FS_0_INT
                0x00000044                __Vectors_End = .
                0x1ffe4e40                __end__ = .
                0x00000400                . = (__ROM_Start + 0x400)
 *fill*         0x00000044      0x3bc ff
 *(.rom_registers*)
 .rom_registers
                0x00000400       0x3c ./synergy/ssp/src/bsp/mcu/s7g2/bsp_rom_registers.o
                0x00000500                . = (__ROM_Start + 0x500)
 *fill*         0x0000043c       0xc4 ff
                0x00000500                __Vector_Info_Start = .
 *(SORT_BY_NAME(.vector_info.*))
 .vector_info.USB_FS_0_INT
                0x00000500        0x8 ./src/synergy_gen/common_data.o
                0x00000500                g_vector_info_USB_FS_0_INT
                0x00000508                __Vector_Info_End = .
                0x00000508                __Lock_Lookup_Start = .
 *(SORT_BY_NAME(.hw_lock_lookup.*))
 .hw_lock_lookup.ADC_0U_0U
                0x00000508        0x4 ./synergy/ssp/src/bsp/mcu/s7g2/bsp_hw_locks.o
                0x00000508                g_lock_lookup_ADC_0U_0U
 .hw_lock_lookup.ADC_0U_1U
                0x0000050c        0x4 ./synergy/ssp/src/bsp/mcu/s7g2/bsp_hw_locks.o
                0x0000050c                g_lock_lookup_ADC_0U_1U
 .hw_lock_lookup.AGT_0U_0U
                0x00000510        0x4 ./synergy/ssp/src/bsp/mcu/s7g2/bsp_hw_locks.o
                0x00000510                g_lock_lookup_AGT_0U_0U
 .hw_lock_lookup.AGT_0U_1U
                0x00000514        0x4 ./synergy/ssp/src/bsp/mcu/s7g2/bsp_hw_locks.o
                0x00000514                g_lock_lookup_AGT_0U_1U
 .hw_lock_lookup.BSC_0U_1U
                0x00000518        0x4 ./synergy/ssp/src/bsp/mcu/s7g2/bsp_hw_locks.o
                0x00000518                g_lock_lookup_BSC_0U_1U
 .hw_lock_lookup.CAC_0U_0U
                0x0000051c        0x4 ./synergy/ssp/src/bsp/mcu/s7g2/bsp_hw_locks.o
                0x0000051c                g_lock_lookup_CAC_0U_0U
 .hw_lock_lookup.CAN_0U_0U
                0x00000520        0x4 ./synergy/ssp/src/bsp/mcu/s7g2/bsp_hw_locks.o
                0x00000520                g_lock_lookup_CAN_0U_0U
 .hw_lock_lookup.CAN_0U_1U
                0x00000524        0x4 ./synergy/ssp/src/bsp/mcu/s7g2/bsp_hw_locks.o
                0x00000524                g_lock_lookup_CAN_0U_1U
 .hw_lock_lookup.COMP_HS_0U_0U
                0x00000528        0x4 ./synergy/ssp/src/bsp/mcu/s7g2/bsp_hw_locks.o
                0x00000528                g_lock_lookup_COMP_HS_0U_0U
 .hw_lock_lookup.COMP_HS_0U_1U
                0x0000052c        0x4 ./synergy/ssp/src/bsp/mcu/s7g2/bsp_hw_locks.o
                0x0000052c                g_lock_lookup_COMP_HS_0U_1U
 .hw_lock_lookup.COMP_HS_0U_2U
                0x00000530        0x4 ./synergy/ssp/src/bsp/mcu/s7g2/bsp_hw_locks.o
                0x00000530                g_lock_lookup_COMP_HS_0U_2U
 .hw_lock_lookup.COMP_HS_0U_3U
                0x00000534        0x4 ./synergy/ssp/src/bsp/mcu/s7g2/bsp_hw_locks.o
                0x00000534                g_lock_lookup_COMP_HS_0U_3U
 .hw_lock_lookup.COMP_HS_0U_4U
                0x00000538        0x4 ./synergy/ssp/src/bsp/mcu/s7g2/bsp_hw_locks.o
                0x00000538                g_lock_lookup_COMP_HS_0U_4U
 .hw_lock_lookup.COMP_HS_0U_5U
                0x0000053c        0x4 ./synergy/ssp/src/bsp/mcu/s7g2/bsp_hw_locks.o
                0x0000053c                g_lock_lookup_COMP_HS_0U_5U
 .hw_lock_lookup.CRC_0U_0U
                0x00000540        0x4 ./synergy/ssp/src/bsp/mcu/s7g2/bsp_hw_locks.o
                0x00000540                g_lock_lookup_CRC_0U_0U
 .hw_lock_lookup.CTSU_0U_0U
                0x00000544        0x4 ./synergy/ssp/src/bsp/mcu/s7g2/bsp_hw_locks.o
                0x00000544                g_lock_lookup_CTSU_0U_0U
 .hw_lock_lookup.DAAD_0U_0U
                0x00000548        0x4 ./synergy/ssp/src/bsp/mcu/s7g2/bsp_hw_locks.o
                0x00000548                g_lock_lookup_DAAD_0U_0U
 .hw_lock_lookup.DAC_0U_0U
                0x0000054c        0x4 ./synergy/ssp/src/bsp/mcu/s7g2/bsp_hw_locks.o
                0x0000054c                g_lock_lookup_DAC_0U_0U
 .hw_lock_lookup.DAC_0U_1U
                0x00000550        0x4 ./synergy/ssp/src/bsp/mcu/s7g2/bsp_hw_locks.o
                0x00000550                g_lock_lookup_DAC_0U_1U
 .hw_lock_lookup.DMAC_0U_0U
                0x00000554        0x4 ./synergy/ssp/src/bsp/mcu/s7g2/bsp_hw_locks.o
                0x00000554                g_lock_lookup_DMAC_0U_0U
 .hw_lock_lookup.DMAC_0U_1U
                0x00000558        0x4 ./synergy/ssp/src/bsp/mcu/s7g2/bsp_hw_locks.o
                0x00000558                g_lock_lookup_DMAC_0U_1U
 .hw_lock_lookup.DMAC_0U_2U
                0x0000055c        0x4 ./synergy/ssp/src/bsp/mcu/s7g2/bsp_hw_locks.o
                0x0000055c                g_lock_lookup_DMAC_0U_2U
 .hw_lock_lookup.DMAC_0U_3U
                0x00000560        0x4 ./synergy/ssp/src/bsp/mcu/s7g2/bsp_hw_locks.o
                0x00000560                g_lock_lookup_DMAC_0U_3U
 .hw_lock_lookup.DMAC_0U_4U
                0x00000564        0x4 ./synergy/ssp/src/bsp/mcu/s7g2/bsp_hw_locks.o
                0x00000564                g_lock_lookup_DMAC_0U_4U
 .hw_lock_lookup.DMAC_0U_5U
                0x00000568        0x4 ./synergy/ssp/src/bsp/mcu/s7g2/bsp_hw_locks.o
                0x00000568                g_lock_lookup_DMAC_0U_5U
 .hw_lock_lookup.DMAC_0U_6U
                0x0000056c        0x4 ./synergy/ssp/src/bsp/mcu/s7g2/bsp_hw_locks.o
                0x0000056c                g_lock_lookup_DMAC_0U_6U
 .hw_lock_lookup.DMAC_0U_7U
                0x00000570        0x4 ./synergy/ssp/src/bsp/mcu/s7g2/bsp_hw_locks.o
                0x00000570                g_lock_lookup_DMAC_0U_7U
 .hw_lock_lookup.DOC_0U_0U
                0x00000574        0x4 ./synergy/ssp/src/bsp/mcu/s7g2/bsp_hw_locks.o
                0x00000574                g_lock_lookup_DOC_0U_0U
 .hw_lock_lookup.DRW_0U_0U
                0x00000578        0x4 ./synergy/ssp/src/bsp/mcu/s7g2/bsp_hw_locks.o
                0x00000578                g_lock_lookup_DRW_0U_0U
 .hw_lock_lookup.DTC_0U_0U
                0x0000057c        0x4 ./synergy/ssp/src/bsp/mcu/s7g2/bsp_hw_locks.o
                0x0000057c                g_lock_lookup_DTC_0U_0U
 .hw_lock_lookup.ELC_0U_0U
                0x00000580        0x4 ./synergy/ssp/src/bsp/mcu/s7g2/bsp_hw_locks.o
                0x00000580                g_lock_lookup_ELC_0U_0U
 .hw_lock_lookup.EPTPC_0U_0U
                0x00000584        0x4 ./synergy/ssp/src/bsp/mcu/s7g2/bsp_hw_locks.o
                0x00000584                g_lock_lookup_EPTPC_0U_0U
 .hw_lock_lookup.ETHER_0U_0U
                0x00000588        0x4 ./synergy/ssp/src/bsp/mcu/s7g2/bsp_hw_locks.o
                0x00000588                g_lock_lookup_ETHER_0U_0U
 .hw_lock_lookup.ETHER_0U_1U
                0x0000058c        0x4 ./synergy/ssp/src/bsp/mcu/s7g2/bsp_hw_locks.o
                0x0000058c                g_lock_lookup_ETHER_0U_1U
 .hw_lock_lookup.FCU_0U_0U
                0x00000590        0x4 ./synergy/ssp/src/bsp/mcu/s7g2/bsp_hw_locks.o
                0x00000590                g_lock_lookup_FCU_0U_0U
 .hw_lock_lookup.GLCDC_0U_0U
                0x00000594        0x4 ./synergy/ssp/src/bsp/mcu/s7g2/bsp_hw_locks.o
                0x00000594                g_lock_lookup_GLCDC_0U_0U
 .hw_lock_lookup.GPT_0U_0U
                0x00000598        0x4 ./synergy/ssp/src/bsp/mcu/s7g2/bsp_hw_locks.o
                0x00000598                g_lock_lookup_GPT_0U_0U
 .hw_lock_lookup.GPT_0U_10U
                0x0000059c        0x4 ./synergy/ssp/src/bsp/mcu/s7g2/bsp_hw_locks.o
                0x0000059c                g_lock_lookup_GPT_0U_10U
 .hw_lock_lookup.GPT_0U_11U
                0x000005a0        0x4 ./synergy/ssp/src/bsp/mcu/s7g2/bsp_hw_locks.o
                0x000005a0                g_lock_lookup_GPT_0U_11U
 .hw_lock_lookup.GPT_0U_12U
                0x000005a4        0x4 ./synergy/ssp/src/bsp/mcu/s7g2/bsp_hw_locks.o
                0x000005a4                g_lock_lookup_GPT_0U_12U
 .hw_lock_lookup.GPT_0U_13U
                0x000005a8        0x4 ./synergy/ssp/src/bsp/mcu/s7g2/bsp_hw_locks.o
                0x000005a8                g_lock_lookup_GPT_0U_13U
 .hw_lock_lookup.GPT_0U_1U
                0x000005ac        0x4 ./synergy/ssp/src/bsp/mcu/s7g2/bsp_hw_locks.o
                0x000005ac                g_lock_lookup_GPT_0U_1U
 .hw_lock_lookup.GPT_0U_2U
                0x000005b0        0x4 ./synergy/ssp/src/bsp/mcu/s7g2/bsp_hw_locks.o
                0x000005b0                g_lock_lookup_GPT_0U_2U
 .hw_lock_lookup.GPT_0U_3U
                0x000005b4        0x4 ./synergy/ssp/src/bsp/mcu/s7g2/bsp_hw_locks.o
                0x000005b4                g_lock_lookup_GPT_0U_3U
 .hw_lock_lookup.GPT_0U_4U
                0x000005b8        0x4 ./synergy/ssp/src/bsp/mcu/s7g2/bsp_hw_locks.o
                0x000005b8                g_lock_lookup_GPT_0U_4U
 .hw_lock_lookup.GPT_0U_5U
                0x000005bc        0x4 ./synergy/ssp/src/bsp/mcu/s7g2/bsp_hw_locks.o
                0x000005bc                g_lock_lookup_GPT_0U_5U
 .hw_lock_lookup.GPT_0U_6U
                0x000005c0        0x4 ./synergy/ssp/src/bsp/mcu/s7g2/bsp_hw_locks.o
                0x000005c0                g_lock_lookup_GPT_0U_6U
 .hw_lock_lookup.GPT_0U_7U
                0x000005c4        0x4 ./synergy/ssp/src/bsp/mcu/s7g2/bsp_hw_locks.o
                0x000005c4                g_lock_lookup_GPT_0U_7U
 .hw_lock_lookup.GPT_0U_8U
                0x000005c8        0x4 ./synergy/ssp/src/bsp/mcu/s7g2/bsp_hw_locks.o
                0x000005c8                g_lock_lookup_GPT_0U_8U
 .hw_lock_lookup.GPT_0U_9U
                0x000005cc        0x4 ./synergy/ssp/src/bsp/mcu/s7g2/bsp_hw_locks.o
                0x000005cc                g_lock_lookup_GPT_0U_9U
 .hw_lock_lookup.ICU_0U_0U
                0x000005d0        0x4 ./synergy/ssp/src/bsp/mcu/s7g2/bsp_hw_locks.o
                0x000005d0                g_lock_lookup_ICU_0U_0U
 .hw_lock_lookup.ICU_0U_10U
                0x000005d4        0x4 ./synergy/ssp/src/bsp/mcu/s7g2/bsp_hw_locks.o
                0x000005d4                g_lock_lookup_ICU_0U_10U
 .hw_lock_lookup.ICU_0U_11U
                0x000005d8        0x4 ./synergy/ssp/src/bsp/mcu/s7g2/bsp_hw_locks.o
                0x000005d8                g_lock_lookup_ICU_0U_11U
 .hw_lock_lookup.ICU_0U_12U
                0x000005dc        0x4 ./synergy/ssp/src/bsp/mcu/s7g2/bsp_hw_locks.o
                0x000005dc                g_lock_lookup_ICU_0U_12U
 .hw_lock_lookup.ICU_0U_13U
                0x000005e0        0x4 ./synergy/ssp/src/bsp/mcu/s7g2/bsp_hw_locks.o
                0x000005e0                g_lock_lookup_ICU_0U_13U
 .hw_lock_lookup.ICU_0U_14U
                0x000005e4        0x4 ./synergy/ssp/src/bsp/mcu/s7g2/bsp_hw_locks.o
                0x000005e4                g_lock_lookup_ICU_0U_14U
 .hw_lock_lookup.ICU_0U_15U
                0x000005e8        0x4 ./synergy/ssp/src/bsp/mcu/s7g2/bsp_hw_locks.o
                0x000005e8                g_lock_lookup_ICU_0U_15U
 .hw_lock_lookup.ICU_0U_1U
                0x000005ec        0x4 ./synergy/ssp/src/bsp/mcu/s7g2/bsp_hw_locks.o
                0x000005ec                g_lock_lookup_ICU_0U_1U
 .hw_lock_lookup.ICU_0U_2U
                0x000005f0        0x4 ./synergy/ssp/src/bsp/mcu/s7g2/bsp_hw_locks.o
                0x000005f0                g_lock_lookup_ICU_0U_2U
 .hw_lock_lookup.ICU_0U_3U
                0x000005f4        0x4 ./synergy/ssp/src/bsp/mcu/s7g2/bsp_hw_locks.o
                0x000005f4                g_lock_lookup_ICU_0U_3U
 .hw_lock_lookup.ICU_0U_4U
                0x000005f8        0x4 ./synergy/ssp/src/bsp/mcu/s7g2/bsp_hw_locks.o
                0x000005f8                g_lock_lookup_ICU_0U_4U
 .hw_lock_lookup.ICU_0U_5U
                0x000005fc        0x4 ./synergy/ssp/src/bsp/mcu/s7g2/bsp_hw_locks.o
                0x000005fc                g_lock_lookup_ICU_0U_5U
 .hw_lock_lookup.ICU_0U_6U
                0x00000600        0x4 ./synergy/ssp/src/bsp/mcu/s7g2/bsp_hw_locks.o
                0x00000600                g_lock_lookup_ICU_0U_6U
 .hw_lock_lookup.ICU_0U_7U
                0x00000604        0x4 ./synergy/ssp/src/bsp/mcu/s7g2/bsp_hw_locks.o
                0x00000604                g_lock_lookup_ICU_0U_7U
 .hw_lock_lookup.ICU_0U_8U
                0x00000608        0x4 ./synergy/ssp/src/bsp/mcu/s7g2/bsp_hw_locks.o
                0x00000608                g_lock_lookup_ICU_0U_8U
 .hw_lock_lookup.ICU_0U_9U
                0x0000060c        0x4 ./synergy/ssp/src/bsp/mcu/s7g2/bsp_hw_locks.o
                0x0000060c                g_lock_lookup_ICU_0U_9U
 .hw_lock_lookup.IIC_0U_0U
                0x00000610        0x4 ./synergy/ssp/src/bsp/mcu/s7g2/bsp_hw_locks.o
                0x00000610                g_lock_lookup_IIC_0U_0U
 .hw_lock_lookup.IIC_0U_1U
                0x00000614        0x4 ./synergy/ssp/src/bsp/mcu/s7g2/bsp_hw_locks.o
                0x00000614                g_lock_lookup_IIC_0U_1U
 .hw_lock_lookup.IIC_0U_2U
                0x00000618        0x4 ./synergy/ssp/src/bsp/mcu/s7g2/bsp_hw_locks.o
                0x00000618                g_lock_lookup_IIC_0U_2U
 .hw_lock_lookup.IRDA_0U_0U
                0x0000061c        0x4 ./synergy/ssp/src/bsp/mcu/s7g2/bsp_hw_locks.o
                0x0000061c                g_lock_lookup_IRDA_0U_0U
 .hw_lock_lookup.IWDT_0U_0U
                0x00000620        0x4 ./synergy/ssp/src/bsp/mcu/s7g2/bsp_hw_locks.o
                0x00000620                g_lock_lookup_IWDT_0U_0U
 .hw_lock_lookup.JPEG_0U_0U
                0x00000624        0x4 ./synergy/ssp/src/bsp/mcu/s7g2/bsp_hw_locks.o
                0x00000624                g_lock_lookup_JPEG_0U_0U
 .hw_lock_lookup.KEY_0U_0U
                0x00000628        0x4 ./synergy/ssp/src/bsp/mcu/s7g2/bsp_hw_locks.o
                0x00000628                g_lock_lookup_KEY_0U_0U
 .hw_lock_lookup.LPM_1U_0U
                0x0000062c        0x4 ./synergy/ssp/src/bsp/mcu/s7g2/bsp_hw_locks.o
                0x0000062c                g_lock_lookup_LPM_1U_0U
 .hw_lock_lookup.LVD_0U_0U
                0x00000630        0x4 ./synergy/ssp/src/bsp/mcu/s7g2/bsp_hw_locks.o
                0x00000630                g_lock_lookup_LVD_0U_0U
 .hw_lock_lookup.LVD_0U_1U
                0x00000634        0x4 ./synergy/ssp/src/bsp/mcu/s7g2/bsp_hw_locks.o
                0x00000634                g_lock_lookup_LVD_0U_1U
 .hw_lock_lookup.MMF_0U_0U
                0x00000638        0x4 ./synergy/ssp/src/bsp/mcu/s7g2/bsp_hw_locks.o
                0x00000638                g_lock_lookup_MMF_0U_0U
 .hw_lock_lookup.MPU_0U_0U
                0x0000063c        0x4 ./synergy/ssp/src/bsp/mcu/s7g2/bsp_hw_locks.o
                0x0000063c                g_lock_lookup_MPU_0U_0U
 .hw_lock_lookup.OPS_0U_0U
                0x00000640        0x4 ./synergy/ssp/src/bsp/mcu/s7g2/bsp_hw_locks.o
                0x00000640                g_lock_lookup_OPS_0U_0U
 .hw_lock_lookup.PDC_0U_0U
                0x00000644        0x4 ./synergy/ssp/src/bsp/mcu/s7g2/bsp_hw_locks.o
                0x00000644                g_lock_lookup_PDC_0U_0U
 .hw_lock_lookup.POEG_0U_0U
                0x00000648        0x4 ./synergy/ssp/src/bsp/mcu/s7g2/bsp_hw_locks.o
                0x00000648                g_lock_lookup_POEG_0U_0U
 .hw_lock_lookup.POEG_0U_1U
                0x0000064c        0x4 ./synergy/ssp/src/bsp/mcu/s7g2/bsp_hw_locks.o
                0x0000064c                g_lock_lookup_POEG_0U_1U
 .hw_lock_lookup.POEG_0U_2U
                0x00000650        0x4 ./synergy/ssp/src/bsp/mcu/s7g2/bsp_hw_locks.o
                0x00000650                g_lock_lookup_POEG_0U_2U
 .hw_lock_lookup.POEG_0U_3U
                0x00000654        0x4 ./synergy/ssp/src/bsp/mcu/s7g2/bsp_hw_locks.o
                0x00000654                g_lock_lookup_POEG_0U_3U
 .hw_lock_lookup.QSPI_0U_0U
                0x00000658        0x4 ./synergy/ssp/src/bsp/mcu/s7g2/bsp_hw_locks.o
                0x00000658                g_lock_lookup_QSPI_0U_0U
 .hw_lock_lookup.RTC_0U_0U
                0x0000065c        0x4 ./synergy/ssp/src/bsp/mcu/s7g2/bsp_hw_locks.o
                0x0000065c                g_lock_lookup_RTC_0U_0U
 .hw_lock_lookup.SCE_0U_0U
                0x00000660        0x4 ./synergy/ssp/src/bsp/mcu/s7g2/bsp_hw_locks.o
                0x00000660                g_lock_lookup_SCE_0U_0U
 .hw_lock_lookup.SCI_0U_0U
                0x00000664        0x4 ./synergy/ssp/src/bsp/mcu/s7g2/bsp_hw_locks.o
                0x00000664                g_lock_lookup_SCI_0U_0U
 .hw_lock_lookup.SCI_0U_1U
                0x00000668        0x4 ./synergy/ssp/src/bsp/mcu/s7g2/bsp_hw_locks.o
                0x00000668                g_lock_lookup_SCI_0U_1U
 .hw_lock_lookup.SCI_0U_2U
                0x0000066c        0x4 ./synergy/ssp/src/bsp/mcu/s7g2/bsp_hw_locks.o
                0x0000066c                g_lock_lookup_SCI_0U_2U
 .hw_lock_lookup.SCI_0U_3U
                0x00000670        0x4 ./synergy/ssp/src/bsp/mcu/s7g2/bsp_hw_locks.o
                0x00000670                g_lock_lookup_SCI_0U_3U
 .hw_lock_lookup.SCI_0U_4U
                0x00000674        0x4 ./synergy/ssp/src/bsp/mcu/s7g2/bsp_hw_locks.o
                0x00000674                g_lock_lookup_SCI_0U_4U
 .hw_lock_lookup.SCI_0U_5U
                0x00000678        0x4 ./synergy/ssp/src/bsp/mcu/s7g2/bsp_hw_locks.o
                0x00000678                g_lock_lookup_SCI_0U_5U
 .hw_lock_lookup.SCI_0U_6U
                0x0000067c        0x4 ./synergy/ssp/src/bsp/mcu/s7g2/bsp_hw_locks.o
                0x0000067c                g_lock_lookup_SCI_0U_6U
 .hw_lock_lookup.SCI_0U_7U
                0x00000680        0x4 ./synergy/ssp/src/bsp/mcu/s7g2/bsp_hw_locks.o
                0x00000680                g_lock_lookup_SCI_0U_7U
 .hw_lock_lookup.SCI_0U_8U
                0x00000684        0x4 ./synergy/ssp/src/bsp/mcu/s7g2/bsp_hw_locks.o
                0x00000684                g_lock_lookup_SCI_0U_8U
 .hw_lock_lookup.SCI_0U_9U
                0x00000688        0x4 ./synergy/ssp/src/bsp/mcu/s7g2/bsp_hw_locks.o
                0x00000688                g_lock_lookup_SCI_0U_9U
 .hw_lock_lookup.SDHIMMC_0U_0U
                0x0000068c        0x4 ./synergy/ssp/src/bsp/mcu/s7g2/bsp_hw_locks.o
                0x0000068c                g_lock_lookup_SDHIMMC_0U_0U
 .hw_lock_lookup.SDHIMMC_0U_1U
                0x00000690        0x4 ./synergy/ssp/src/bsp/mcu/s7g2/bsp_hw_locks.o
                0x00000690                g_lock_lookup_SDHIMMC_0U_1U
 .hw_lock_lookup.SPI_0U_0U
                0x00000694        0x4 ./synergy/ssp/src/bsp/mcu/s7g2/bsp_hw_locks.o
                0x00000694                g_lock_lookup_SPI_0U_0U
 .hw_lock_lookup.SPI_0U_1U
                0x00000698        0x4 ./synergy/ssp/src/bsp/mcu/s7g2/bsp_hw_locks.o
                0x00000698                g_lock_lookup_SPI_0U_1U
 .hw_lock_lookup.SRC_0U_0U
                0x0000069c        0x4 ./synergy/ssp/src/bsp/mcu/s7g2/bsp_hw_locks.o
                0x0000069c                g_lock_lookup_SRC_0U_0U
 .hw_lock_lookup.SSI_0U_0U
                0x000006a0        0x4 ./synergy/ssp/src/bsp/mcu/s7g2/bsp_hw_locks.o
                0x000006a0                g_lock_lookup_SSI_0U_0U
 .hw_lock_lookup.SSI_0U_1U
                0x000006a4        0x4 ./synergy/ssp/src/bsp/mcu/s7g2/bsp_hw_locks.o
                0x000006a4                g_lock_lookup_SSI_0U_1U
 .hw_lock_lookup.TSN_0U_0U
                0x000006a8        0x4 ./synergy/ssp/src/bsp/mcu/s7g2/bsp_hw_locks.o
                0x000006a8                g_lock_lookup_TSN_0U_0U
 .hw_lock_lookup.USB_0U_0U
                0x000006ac        0x4 ./synergy/ssp/src/bsp/mcu/s7g2/bsp_hw_locks.o
                0x000006ac                g_lock_lookup_USB_0U_0U
 .hw_lock_lookup.USB_1U_0U
                0x000006b0        0x4 ./synergy/ssp/src/bsp/mcu/s7g2/bsp_hw_locks.o
                0x000006b0                g_lock_lookup_USB_1U_0U
 .hw_lock_lookup.WDT_0U_0U
                0x000006b4        0x4 ./synergy/ssp/src/bsp/mcu/s7g2/bsp_hw_locks.o
                0x000006b4                g_lock_lookup_WDT_0U_0U
                0x000006b8                __Lock_Lookup_End = .
 *(.text*)
 .text          0x000006b8       0x40 c:/renesas/synergy/e2studio_v2024-01.1_ssp_v2.6.1/toolchains/gcc_arm/gcc-arm-none-eabi-10.3-2021.10/bin/../lib/gcc/arm-none-eabi/10.3.1/thumb/v7e-m+fp/hard/crtbegin.o
 .text.SF_EL_UX_COMMS_VersionGet
                0x000006f8       0x10 ./synergy/ssp/src/framework/sf_el_ux_comms_v2/sf_el_ux_comms.o
                0x000006f8                SF_EL_UX_COMMS_VersionGet
 .text.SF_EL_UX_COMMS_Read
                0x00000708      0x120 ./synergy/ssp/src/framework/sf_el_ux_comms_v2/sf_el_ux_comms.o
                0x00000708                SF_EL_UX_COMMS_Read
 .text.SF_EL_UX_COMMS_Open
                0x00000828       0x88 ./synergy/ssp/src/framework/sf_el_ux_comms_v2/sf_el_ux_comms.o
                0x00000828                SF_EL_UX_COMMS_Open
 .text.SF_EL_UX_COMMS_Close
                0x000008b0       0x44 ./synergy/ssp/src/framework/sf_el_ux_comms_v2/sf_el_ux_comms.o
                0x000008b0                SF_EL_UX_COMMS_Close
 .text.SF_EL_UX_COMMS_Lock
                0x000008f4       0x5c ./synergy/ssp/src/framework/sf_el_ux_comms_v2/sf_el_ux_comms.o
                0x000008f4                SF_EL_UX_COMMS_Lock
 .text.SF_EL_UX_COMMS_Unlock
                0x00000950       0x64 ./synergy/ssp/src/framework/sf_el_ux_comms_v2/sf_el_ux_comms.o
                0x00000950                SF_EL_UX_COMMS_Unlock
 .text.SF_EL_UX_COMMS_Write
                0x000009b4       0xbc ./synergy/ssp/src/framework/sf_el_ux_comms_v2/sf_el_ux_comms.o
                0x000009b4                SF_EL_UX_COMMS_Write
 .text.usbfs_int_isr
                0x00000a70       0x68 ./synergy/ssp/src/framework/sf_el_ux/usbfs_irq_veneer.o
                0x00000a70                usbfs_int_isr
 .text.ux_dcd_synergy_buffer_empty_interrupt
                0x00000ad8       0x54 ./synergy/ssp/src/framework/sf_el_ux/ux_dcd_synergy_buffer_empty_interrupt.o
                0x00000ad8                ux_dcd_synergy_buffer_empty_interrupt
 .text.ux_dcd_synergy_buffer_notready_interrupt
                0x00000b2c       0x54 ./synergy/ssp/src/framework/sf_el_ux/ux_dcd_synergy_buffer_notready_interrupt.o
                0x00000b2c                ux_dcd_synergy_buffer_notready_interrupt
 .text.ux_dcd_synergy_buffer_ready_interrupt
                0x00000b80       0x54 ./synergy/ssp/src/framework/sf_el_ux/ux_dcd_synergy_buffer_ready_interrupt.o
                0x00000b80                ux_dcd_synergy_buffer_ready_interrupt
 .text.ux_dcd_synergy_buffer_write
                0x00000bd4       0x7c ./synergy/ssp/src/framework/sf_el_ux/ux_dcd_synergy_buffer_write.o
                0x00000bd4                ux_dcd_synergy_buffer_write
 .text.ux_dcd_synergy_current_endpoint_change
                0x00000c50       0x9c ./synergy/ssp/src/framework/sf_el_ux/ux_dcd_synergy_current_endpoint_change.o
                0x00000c50                ux_dcd_synergy_current_endpoint_change
 .text.ux_dcd_synergy_data_buffer_size
                0x00000cec       0x40 ./synergy/ssp/src/framework/sf_el_ux/ux_dcd_synergy_data_buffersize.o
                0x00000cec                ux_dcd_synergy_data_buffer_size
 .text.ux_dcd_synergy_endpoint_create
                0x00000d2c      0x234 ./synergy/ssp/src/framework/sf_el_ux/ux_dcd_synergy_endpoint_create.o
                0x00000d2c                ux_dcd_synergy_endpoint_create
 .text.ux_dcd_synergy_endpoint_destroy
                0x00000f60       0xdc ./synergy/ssp/src/framework/sf_el_ux/ux_dcd_synergy_endpoint_destroy.o
                0x00000f60                ux_dcd_synergy_endpoint_destroy
 .text.ux_dcd_synergy_endpoint_nak_set
                0x0000103c       0x38 ./synergy/ssp/src/framework/sf_el_ux/ux_dcd_synergy_endpoint_nak_set.o
                0x0000103c                ux_dcd_synergy_endpoint_nak_set
 .text.ux_dcd_synergy_endpoint_reset
                0x00001074       0xe8 ./synergy/ssp/src/framework/sf_el_ux/ux_dcd_synergy_endpoint_reset.o
                0x00001074                ux_dcd_synergy_endpoint_reset
 .text.ux_dcd_synergy_remote_wakeup
                0x0000115c       0x2c ./synergy/ssp/src/framework/sf_el_ux/ux_dcd_synergy_endpoint_reset.o
                0x0000115c                ux_dcd_synergy_remote_wakeup
 .text.ux_dcd_synergy_endpoint_stall
                0x00001188       0x30 ./synergy/ssp/src/framework/sf_el_ux/ux_dcd_synergy_endpoint_stall.o
                0x00001188                ux_dcd_synergy_endpoint_stall
 .text.ux_dcd_synergy_endpoint_status
                0x000011b8       0x18 ./synergy/ssp/src/framework/sf_el_ux/ux_dcd_synergy_endpoint_status.o
                0x000011b8                ux_dcd_synergy_endpoint_status
 .text.ux_dcd_synergy_fifo_port_change
                0x000011d0       0x48 ./synergy/ssp/src/framework/sf_el_ux/ux_dcd_synergy_fifo_port_change.o
                0x000011d0                ux_dcd_synergy_fifo_port_change
 .text.ux_dcd_synergy_read_dma_set_16bit
                0x00001218       0x94 ./synergy/ssp/src/framework/sf_el_ux/ux_dcd_synergy_fifo_read.o
 .text.ux_dcd_synergy_fifo_read_last_bytes
                0x000012ac       0x6c ./synergy/ssp/src/framework/sf_el_ux/ux_dcd_synergy_fifo_read.o
 .text.ux_dcd_synergy_fifo_read_software_copy_16bit
                0x00001318       0x9c ./synergy/ssp/src/framework/sf_el_ux/ux_dcd_synergy_fifo_read.o
 .text.ux_dcd_synergy_fifo_read_software_copy_32bit
                0x000013b4       0x6c ./synergy/ssp/src/framework/sf_el_ux/ux_dcd_synergy_fifo_read.o
 .text.ux_dcd_synergy_fifoc_read
                0x00001420       0x98 ./synergy/ssp/src/framework/sf_el_ux/ux_dcd_synergy_fifo_read.o
                0x00001420                ux_dcd_synergy_fifoc_read
 .text.ux_dcd_synergy_fifo_read
                0x000014b8       0xc0 ./synergy/ssp/src/framework/sf_el_ux/ux_dcd_synergy_fifo_read.o
                0x000014b8                ux_dcd_synergy_fifo_read
 .text.ux_dcd_synergy_fifo_read_dma
                0x00001578      0x200 ./synergy/ssp/src/framework/sf_el_ux/ux_dcd_synergy_fifo_read.o
                0x00001578                ux_dcd_synergy_fifo_read_dma
 .text.ux_dcd_synergy_fifo_write_software_copy_16bit
                0x00001778       0xbc ./synergy/ssp/src/framework/sf_el_ux/ux_dcd_synergy_fifoc_write.o
 .text.ux_dcd_synergy_fifo_write_software_copy
                0x00001834       0x8c ./synergy/ssp/src/framework/sf_el_ux/ux_dcd_synergy_fifoc_write.o
                0x00001834                ux_dcd_synergy_fifo_write_software_copy
 .text.ux_dcd_synergy_fifoc_write
                0x000018c0       0x64 ./synergy/ssp/src/framework/sf_el_ux/ux_dcd_synergy_fifoc_write.o
                0x000018c0                ux_dcd_synergy_fifoc_write
 .text.ux_dcd_synergy_write_dma_set_16bit
                0x00001924       0x94 ./synergy/ssp/src/framework/sf_el_ux/ux_dcd_synergy_fifod_write.o
 .text.ux_dcd_synergy_fifod_write
                0x000019b8       0x90 ./synergy/ssp/src/framework/sf_el_ux/ux_dcd_synergy_fifod_write.o
                0x000019b8                ux_dcd_synergy_fifod_write
 .text.ux_dcd_synergy_write_dma_configure
                0x00001a48       0x70 ./synergy/ssp/src/framework/sf_el_ux/ux_dcd_synergy_fifod_write.o
                0x00001a48                ux_dcd_synergy_write_dma_configure
 .text.ux_dcd_synergy_fifo_dma_start_write
                0x00001ab8       0xc4 ./synergy/ssp/src/framework/sf_el_ux/ux_dcd_synergy_fifod_write.o
                0x00001ab8                ux_dcd_synergy_fifo_dma_start_write
 .text.ux_dcd_synergy_fifod_write_dma
                0x00001b7c      0x130 ./synergy/ssp/src/framework/sf_el_ux/ux_dcd_synergy_fifod_write.o
                0x00001b7c                ux_dcd_synergy_fifod_write_dma
 .text.ux_dcd_synergy_frame_number_get
                0x00001cac       0x14 ./synergy/ssp/src/framework/sf_el_ux/ux_dcd_synergy_frame_number_get.o
                0x00001cac                ux_dcd_synergy_frame_number_get
 .text.ux_dcd_synergy_function
                0x00001cc0       0x54 ./synergy/ssp/src/framework/sf_el_ux/ux_dcd_synergy_function.o
                0x00001cc0                ux_dcd_synergy_function
 .text.ux_dcd_synergy_initialize_common
                0x00001d14      0x30c ./synergy/ssp/src/framework/sf_el_ux/ux_dcd_synergy_initialize.o
 .text.ux_dcd_synergy_initialize
                0x00002020       0x3c ./synergy/ssp/src/framework/sf_el_ux/ux_dcd_synergy_initialize.o
                0x00002020                ux_dcd_synergy_initialize
 .text.ux_dcd_synergy_initialize_complete
                0x0000205c       0x74 ./synergy/ssp/src/framework/sf_el_ux/ux_dcd_synergy_initialize_complete.o
                0x0000205c                ux_dcd_synergy_initialize_complete
 .text.ux_dcd_synergy_interrupt_handler
                0x000020d0      0x2dc ./synergy/ssp/src/framework/sf_el_ux/ux_dcd_synergy_interrupt_handler.o
                0x000020d0                ux_dcd_synergy_interrupt_handler
 .text.ux_dcd_synergy_register_clear
                0x000023ac       0x10 ./synergy/ssp/src/framework/sf_el_ux/ux_dcd_synergy_register_clear.o
                0x000023ac                ux_dcd_synergy_register_clear
 .text.ux_dcd_synergy_usb_status_register_clear
                0x000023bc       0x10 ./synergy/ssp/src/framework/sf_el_ux/ux_dcd_synergy_register_clear.o
                0x000023bc                ux_dcd_synergy_usb_status_register_clear
 .text.ux_dcd_synergy_register_read
                0x000023cc        0x8 ./synergy/ssp/src/framework/sf_el_ux/ux_dcd_synergy_register_read.o
                0x000023cc                ux_dcd_synergy_register_read
 .text.ux_dcd_synergy_register_set
                0x000023d4        0xc ./synergy/ssp/src/framework/sf_el_ux/ux_dcd_synergy_register_set.o
                0x000023d4                ux_dcd_synergy_register_set
 .text.ux_dcd_synergy_register_write
                0x000023e0        0x8 ./synergy/ssp/src/framework/sf_el_ux/ux_dcd_synergy_register_write.o
                0x000023e0                ux_dcd_synergy_register_write
 .text.ux_dcd_synergy_transfer_abort
                0x000023e8       0xe4 ./synergy/ssp/src/framework/sf_el_ux/ux_dcd_synergy_transfer_abort.o
                0x000023e8                ux_dcd_synergy_transfer_abort
 .text.ux_dcd_synergy_transfer_callback
                0x000024cc      0x414 ./synergy/ssp/src/framework/sf_el_ux/ux_dcd_synergy_transfer_callback.o
                0x000024cc                ux_dcd_synergy_transfer_callback
 .text.ux_dcd_synergy_transfer_request
                0x000028e0      0x708 ./synergy/ssp/src/framework/sf_el_ux/ux_dcd_synergy_transfer_request.o
                0x000028e0                ux_dcd_synergy_transfer_request
 .text.ux_dcd_synergy_disconnect
                0x00002fe8       0x3c ./synergy/ssp/src/framework/sf_el_ux/ux_dcd_synergy_uninitialize.o
                0x00002fe8                ux_dcd_synergy_disconnect
 .text.ux_dcd_synergy_uninitialize_transfer_support
                0x00003024       0xdc ./synergy/ssp/src/framework/sf_el_ux/ux_dcd_synergy_uninitialize.o
                0x00003024                ux_dcd_synergy_uninitialize_transfer_support
 .text.ux_dcd_synergy_uninitialize
                0x00003100      0x174 ./synergy/ssp/src/framework/sf_el_ux/ux_dcd_synergy_uninitialize.o
                0x00003100                ux_dcd_synergy_uninitialize
 .text.ux_hcd_synergy_interrupt_handler
                0x00003274      0x3e4 ./synergy/ssp/src/framework/sf_el_ux/ux_hcd_synergy_interrupt_handler.o
                0x00003274                ux_hcd_synergy_interrupt_handler
 .text.ux_hcd_synergy_register_clear
                0x00003658        0xc ./synergy/ssp/src/framework/sf_el_ux/ux_hcd_synergy_register_clear.o
                0x00003658                ux_hcd_synergy_register_clear
 .text.ux_hcd_synergy_register_read
                0x00003664        0x8 ./synergy/ssp/src/framework/sf_el_ux/ux_hcd_synergy_register_read.o
                0x00003664                ux_hcd_synergy_register_read
 .text.ux_hcd_synergy_register_set
                0x0000366c        0xc ./synergy/ssp/src/framework/sf_el_ux/ux_hcd_synergy_register_set.o
                0x0000366c                ux_hcd_synergy_register_set
 .text.ux_hcd_synergy_register_write
                0x00003678        0x8 ./synergy/ssp/src/framework/sf_el_ux/ux_hcd_synergy_register_write.o
                0x00003678                ux_hcd_synergy_register_write
 .text.R_IOPORT_PortRead
                0x00003680       0x34 ./synergy/ssp/src/driver/r_ioport/r_ioport.o
                0x00003680                R_IOPORT_PortRead
 .text.R_IOPORT_PortWrite
                0x000036b4       0x40 ./synergy/ssp/src/driver/r_ioport/r_ioport.o
                0x000036b4                R_IOPORT_PortWrite
 .text.R_IOPORT_PortDirectionSet
                0x000036f4       0x50 ./synergy/ssp/src/driver/r_ioport/r_ioport.o
                0x000036f4                R_IOPORT_PortDirectionSet
 .text.R_IOPORT_PortEventInputRead
                0x00003744       0x34 ./synergy/ssp/src/driver/r_ioport/r_ioport.o
                0x00003744                R_IOPORT_PortEventInputRead
 .text.R_IOPORT_PortEventOutputWrite
                0x00003778       0x3c ./synergy/ssp/src/driver/r_ioport/r_ioport.o
                0x00003778                R_IOPORT_PortEventOutputWrite
 .text.R_IOPORT_VersionGet
                0x000037b4       0x10 ./synergy/ssp/src/driver/r_ioport/r_ioport.o
                0x000037b4                R_IOPORT_VersionGet
 .text.bsp_vbatt_init
                0x000037c4       0xac ./synergy/ssp/src/driver/r_ioport/r_ioport.o
 .text.R_IOPORT_PinDirectionSet
                0x00003870       0xd0 ./synergy/ssp/src/driver/r_ioport/r_ioport.o
                0x00003870                R_IOPORT_PinDirectionSet
 .text.R_IOPORT_EthernetModeCfg
                0x00003940       0x50 ./synergy/ssp/src/driver/r_ioport/r_ioport.o
                0x00003940                R_IOPORT_EthernetModeCfg
 .text.R_IOPORT_PinsCfg
                0x00003990       0xd4 ./synergy/ssp/src/driver/r_ioport/r_ioport.o
                0x00003990                R_IOPORT_PinsCfg
 .text.R_IOPORT_Init
                0x00003a64       0x74 ./synergy/ssp/src/driver/r_ioport/r_ioport.o
                0x00003a64                R_IOPORT_Init
 .text.R_IOPORT_PinRead
                0x00003ad8       0x50 ./synergy/ssp/src/driver/r_ioport/r_ioport.o
                0x00003ad8                R_IOPORT_PinRead
 .text.R_IOPORT_PinEventInputRead
                0x00003b28       0x5c ./synergy/ssp/src/driver/r_ioport/r_ioport.o
                0x00003b28                R_IOPORT_PinEventInputRead
 .text.R_IOPORT_PinEventOutputWrite
                0x00003b84       0x64 ./synergy/ssp/src/driver/r_ioport/r_ioport.o
                0x00003b84                R_IOPORT_PinEventOutputWrite
 .text.R_IOPORT_PinWrite
                0x00003be8       0x54 ./synergy/ssp/src/driver/r_ioport/r_ioport.o
                0x00003be8                R_IOPORT_PinWrite
 .text.R_IOPORT_PinCfg
                0x00003c3c       0xc8 ./synergy/ssp/src/driver/r_ioport/r_ioport.o
                0x00003c3c                R_IOPORT_PinCfg
 .text.R_ELC_LinkSet
                0x00003d04       0x14 ./synergy/ssp/src/driver/r_elc/r_elc.o
                0x00003d04                R_ELC_LinkSet
 .text.R_ELC_LinkBreak
                0x00003d18       0x14 ./synergy/ssp/src/driver/r_elc/r_elc.o
                0x00003d18                R_ELC_LinkBreak
 .text.R_ELC_Enable
                0x00003d2c       0x14 ./synergy/ssp/src/driver/r_elc/r_elc.o
                0x00003d2c                R_ELC_Enable
 .text.R_ELC_Disable
                0x00003d40       0x14 ./synergy/ssp/src/driver/r_elc/r_elc.o
                0x00003d40                R_ELC_Disable
 .text.R_ELC_VersionGet
                0x00003d54       0x10 ./synergy/ssp/src/driver/r_elc/r_elc.o
                0x00003d54                R_ELC_VersionGet
 .text.R_ELC_Init
                0x00003d64       0x80 ./synergy/ssp/src/driver/r_elc/r_elc.o
                0x00003d64                R_ELC_Init
 .text.R_ELC_SoftwareEventGenerate
                0x00003de4       0x30 ./synergy/ssp/src/driver/r_elc/r_elc.o
                0x00003de4                R_ELC_SoftwareEventGenerate
 .text.R_CGC_LCDClockCfg
                0x00003e14        0x4 ./synergy/ssp/src/driver/r_cgc/r_cgc.o
                0x00003e14                R_CGC_LCDClockCfg
 .text.R_CGC_LCDClockEnable
                0x00003e18        0x4 ./synergy/ssp/src/driver/r_cgc/r_cgc.o
                0x00003e18                R_CGC_LCDClockEnable
 .text.R_CGC_VersionGet
                0x00003e1c       0x10 ./synergy/ssp/src/driver/r_cgc/r_cgc.o
                0x00003e1c                R_CGC_VersionGet
 .text.r_cgc_init_pllfreq
                0x00003e2c       0xd8 ./synergy/ssp/src/driver/r_cgc/r_cgc.o
 .text.R_CGC_SystemClockFreqGet
                0x00003f04       0xb0 ./synergy/ssp/src/driver/r_cgc/r_cgc.o
                0x00003f04                R_CGC_SystemClockFreqGet
 .text.R_CGC_BusClockOutCfg
                0x00003fb4       0x28 ./synergy/ssp/src/driver/r_cgc/r_cgc.o
                0x00003fb4                R_CGC_BusClockOutCfg
 .text.R_CGC_BusClockOutEnable
                0x00003fdc       0x28 ./synergy/ssp/src/driver/r_cgc/r_cgc.o
                0x00003fdc                R_CGC_BusClockOutEnable
 .text.R_CGC_BusClockOutDisable
                0x00004004       0x28 ./synergy/ssp/src/driver/r_cgc/r_cgc.o
                0x00004004                R_CGC_BusClockOutDisable
 .text.R_CGC_ClockOutEnable
                0x0000402c       0x28 ./synergy/ssp/src/driver/r_cgc/r_cgc.o
                0x0000402c                R_CGC_ClockOutEnable
 .text.R_CGC_ClockOutDisable
                0x00004054       0x28 ./synergy/ssp/src/driver/r_cgc/r_cgc.o
                0x00004054                R_CGC_ClockOutDisable
 .text.R_CGC_SDRAMClockOutEnable
                0x0000407c       0x28 ./synergy/ssp/src/driver/r_cgc/r_cgc.o
                0x0000407c                R_CGC_SDRAMClockOutEnable
 .text.R_CGC_SDRAMClockOutDisable
                0x000040a4       0x28 ./synergy/ssp/src/driver/r_cgc/r_cgc.o
                0x000040a4                R_CGC_SDRAMClockOutDisable
 .text.R_CGC_USBClockCfg
                0x000040cc       0x28 ./synergy/ssp/src/driver/r_cgc/r_cgc.o
                0x000040cc                R_CGC_USBClockCfg
 .text.R_CGC_SystickUpdate.part.0
                0x000040f4       0x84 ./synergy/ssp/src/driver/r_cgc/r_cgc.o
 .text.R_CGC_SystickUpdate
                0x00004178        0xc ./synergy/ssp/src/driver/r_cgc/r_cgc.o
                0x00004178                R_CGC_SystickUpdate
 .text.R_CGC_ClockOutCfg
                0x00004184       0x5c ./synergy/ssp/src/driver/r_cgc/r_cgc.o
                0x00004184                R_CGC_ClockOutCfg
 .text.r_cgc_system_dividers_set.isra.0
                0x000041e0       0x5c ./synergy/ssp/src/driver/r_cgc/r_cgc.o
 .text.R_CGC_OscStopStatusClear
                0x0000423c       0x64 ./synergy/ssp/src/driver/r_cgc/r_cgc.o
                0x0000423c                R_CGC_OscStopStatusClear
 .text.R_CGC_SDADCClockCfg
                0x000042a0        0x4 ./synergy/ssp/src/driver/r_cgc/r_cgc.o
                0x000042a0                R_CGC_SDADCClockCfg
 .text.R_CGC_SDADCClockEnable
                0x000042a4        0x4 ./synergy/ssp/src/driver/r_cgc/r_cgc.o
                0x000042a4                R_CGC_SDADCClockEnable
 .text.R_CGC_SDADCClockDisable
                0x000042a8        0x4 ./synergy/ssp/src/driver/r_cgc/r_cgc.o
                0x000042a8                R_CGC_SDADCClockDisable
 .text.R_CGC_LCDClockDisable
                0x000042ac        0x4 ./synergy/ssp/src/driver/r_cgc/r_cgc.o
                0x000042ac                R_CGC_LCDClockDisable
 .text.R_CGC_SystemClockGet
                0x000042b0       0x5c ./synergy/ssp/src/driver/r_cgc/r_cgc.o
                0x000042b0                R_CGC_SystemClockGet
 .text.R_CGC_OscStopDetect
                0x0000430c      0x108 ./synergy/ssp/src/driver/r_cgc/r_cgc.o
                0x0000430c                R_CGC_OscStopDetect
 .text.R_CGC_Init
                0x00004414      0x11c ./synergy/ssp/src/driver/r_cgc/r_cgc.o
                0x00004414                R_CGC_Init
 .text.r_cgc_clock_run_state_get
                0x00004530       0x68 ./synergy/ssp/src/driver/r_cgc/r_cgc.o
                0x00004530                r_cgc_clock_run_state_get
 .text.R_CGC_ClockStop
                0x00004598      0x160 ./synergy/ssp/src/driver/r_cgc/r_cgc.o
                0x00004598                R_CGC_ClockStop
 .text.R_CGC_ClockCheck
                0x000046f8       0x8c ./synergy/ssp/src/driver/r_cgc/r_cgc.o
                0x000046f8                R_CGC_ClockCheck
 .text.r_cgc_operating_hw_modeset
                0x00004784      0x100 ./synergy/ssp/src/driver/r_cgc/r_cgc.o
                0x00004784                r_cgc_operating_hw_modeset
 .text.r_cgc_operating_mode_set
                0x00004884       0x50 ./synergy/ssp/src/driver/r_cgc/r_cgc.o
 .text.R_CGC_SystemClockSet
                0x000048d4      0x1e0 ./synergy/ssp/src/driver/r_cgc/r_cgc.o
                0x000048d4                R_CGC_SystemClockSet
 .text.R_CGC_ClockStart.part.0
                0x00004ab4      0x3e4 ./synergy/ssp/src/driver/r_cgc/r_cgc.o
 .text.R_CGC_ClockStart
                0x00004e98       0x70 ./synergy/ssp/src/driver/r_cgc/r_cgc.o
                0x00004e98                R_CGC_ClockStart
 .text.r_cgc_clock_start_stop
                0x00004f08       0xc8 ./synergy/ssp/src/driver/r_cgc/r_cgc.o
 .text.R_CGC_ClocksCfg
                0x00004fd0      0x16c ./synergy/ssp/src/driver/r_cgc/r_cgc.o
                0x00004fd0                R_CGC_ClocksCfg
 .text.R_BSP_CacheOff
                0x0000513c       0x28 ./synergy/ssp/src/bsp/mcu/s7g2/bsp_cache.o
                0x0000513c                R_BSP_CacheOff
 .text.R_BSP_CacheSet
                0x00005164       0x48 ./synergy/ssp/src/bsp/mcu/s7g2/bsp_cache.o
                0x00005164                R_BSP_CacheSet
 .text.bsp_clock_init
                0x000051ac       0x9c ./synergy/ssp/src/bsp/mcu/s7g2/bsp_clocks.o
                0x000051ac                bsp_clock_init
 .text.bsp_cpu_clock_get
                0x00005248       0x20 ./synergy/ssp/src/bsp/mcu/s7g2/bsp_clocks.o
                0x00005248                bsp_cpu_clock_get
 .text.bsp_clock_set_callback
                0x00005268      0x12c ./synergy/ssp/src/bsp/mcu/s7g2/bsp_clocks.o
                0x00005268                bsp_clock_set_callback
 .text.R_BSP_FeatureIoportGet
                0x00005394       0x10 ./synergy/ssp/src/bsp/mcu/s7g2/bsp_feature.o
                0x00005394                R_BSP_FeatureIoportGet
 .text.R_BSP_FeatureCgcGet
                0x000053a4        0xc ./synergy/ssp/src/bsp/mcu/s7g2/bsp_feature.o
                0x000053a4                R_BSP_FeatureCgcGet
 .text.bsp_group_interrupt_open
                0x000053b0       0x10 ./synergy/ssp/src/bsp/mcu/s7g2/bsp_group_irq.o
                0x000053b0                bsp_group_interrupt_open
 .text.R_BSP_GroupIrqWrite
                0x000053c0       0x10 ./synergy/ssp/src/bsp/mcu/s7g2/bsp_group_irq.o
                0x000053c0                R_BSP_GroupIrqWrite
 .text.NMI_Handler
                0x000053d0      0x1c8 ./synergy/ssp/src/bsp/mcu/s7g2/bsp_group_irq.o
                0x000053d0                NMI_Handler
 .text.R_BSP_ModuleStop
                0x00005598       0x54 ./synergy/ssp/src/bsp/mcu/s7g2/bsp_module_stop.o
                0x00005598                R_BSP_ModuleStop
 .text.R_BSP_ModuleStart
                0x000055ec       0x88 ./synergy/ssp/src/bsp/mcu/s7g2/bsp_module_stop.o
                0x000055ec                R_BSP_ModuleStart
 .text.R_BSP_LedsGet
                0x00005674       0x24 ./synergy/ssp/src/bsp/mcu/all/bsp_common_leds.o
                0x00005674                R_BSP_LedsGet
 .text.software_delay_loop
                0x00005698        0xc ./synergy/ssp/src/bsp/mcu/all/bsp_delay.o
 .text.R_BSP_SoftwareDelay
                0x000056a4       0x60 ./synergy/ssp/src/bsp/mcu/all/bsp_delay.o
                0x000056a4                R_BSP_SoftwareDelay
 .text.R_BSP_IrqStatusClear
                0x00005704       0x18 ./synergy/ssp/src/bsp/mcu/all/bsp_irq.o
                0x00005704                R_BSP_IrqStatusClear
 .text.bsp_irq_cfg
                0x0000571c       0x40 ./synergy/ssp/src/bsp/mcu/all/bsp_irq.o
                0x0000571c                bsp_irq_cfg
 .text.bsp_init_hardware_locks
                0x0000575c       0x60 ./synergy/ssp/src/bsp/mcu/all/bsp_locking.o
                0x0000575c                bsp_init_hardware_locks
 .text.R_BSP_RegisterProtectEnable
                0x000057bc       0x60 ./synergy/ssp/src/bsp/mcu/all/bsp_register_protection.o
                0x000057bc                R_BSP_RegisterProtectEnable
 .text.R_BSP_RegisterProtectDisable
                0x0000581c       0x54 ./synergy/ssp/src/bsp/mcu/all/bsp_register_protection.o
                0x0000581c                R_BSP_RegisterProtectDisable
 .text.bsp_register_protect_open
                0x00005870       0x10 ./synergy/ssp/src/bsp/mcu/all/bsp_register_protection.o
                0x00005870                bsp_register_protect_open
 .text._sbrk    0x00005880       0x3c ./synergy/ssp/src/bsp/mcu/all/bsp_sbrk.o
                0x00005880                _sbrk
 .text.Default_Handler
                0x000058bc        0x4 ./synergy/ssp/src/bsp/cmsis/Device/RENESAS/S7G2/Source/startup_S7G2.o
                0x000058bc                HardFault_Handler
                0x000058bc                UsageFault_Handler
                0x000058bc                Default_Handler
                0x000058bc                MemManage_Handler
                0x000058bc                SVC_Handler
                0x000058bc                BusFault_Handler
                0x000058bc                DebugMon_Handler
 .text.Reset_Handler
                0x000058c0        0xc ./synergy/ssp/src/bsp/cmsis/Device/RENESAS/S7G2/Source/startup_S7G2.o
                0x000058c0                Reset_Handler
 .text.R_BSP_WarmStart
                0x000058cc        0x4 ./synergy/ssp/src/bsp/cmsis/Device/RENESAS/S7G2/Source/system_S7G2.o
                0x000058cc                R_BSP_WarmStart
 .text.SystemInit
                0x000058d0      0x160 ./synergy/ssp/src/bsp/cmsis/Device/RENESAS/S7G2/Source/system_S7G2.o
                0x000058d0                SystemInit
 .text.bsp_init
                0x00005a30        0x4 ./synergy/board/s7g2_sk/bsp_init.o
                0x00005a30                bsp_init
 .text.bsp_qspi_xip_enter
                0x00005a34       0x58 ./synergy/board/s7g2_sk/bsp_qspi.o
                0x00005a34                bsp_qspi_xip_enter
 .text.bsp_qspi_init
                0x00005a8c      0x1b0 ./synergy/board/s7g2_sk/bsp_qspi.o
                0x00005a8c                bsp_qspi_init
 .text.ux_cdc_device0_instance_activate
                0x00005c3c       0x18 ./src/synergy_gen/Lab6.o
                0x00005c3c                ux_cdc_device0_instance_activate
 .text.ux_cdc_device0_instance_deactivate_internal
                0x00005c54       0x10 ./src/synergy_gen/Lab6.o
                0x00005c54                ux_cdc_device0_instance_deactivate
                0x00005c54                ux_cdc_device0_instance_deactivate_internal
 .text.g_sf_comms0_err_callback_internal
                0x00005c64        0x4 ./src/synergy_gen/Lab6.o
                0x00005c64                g_sf_comms0_err_callback_internal
                0x00005c64                g_sf_comms0_err_callback
 .text.Lab6_func
                0x00005c68       0x40 ./src/synergy_gen/Lab6.o
 .text.sf_el_ux_comms_device_close
                0x00005ca8       0x30 ./src/synergy_gen/Lab6.o
                0x00005ca8                sf_el_ux_comms_device_close
 .text.sf_el_ux_comms_device_open
                0x00005cd8       0x1c ./src/synergy_gen/Lab6.o
                0x00005cd8                sf_el_ux_comms_device_open
 .text.Lab6_create
                0x00005cf4       0x58 ./src/synergy_gen/Lab6.o
                0x00005cf4                Lab6_create
 .text.ux_v2_err_callback_internal
                0x00005d4c        0x4 ./src/synergy_gen/common_data.o
                0x00005d4c                ux_v2_err_callback
                0x00005d4c                ux_v2_err_callback_internal
 .text.g_sf_el_ux_dcd_fs_0_err_callback_internal
                0x00005d50        0x4 ./src/synergy_gen/common_data.o
                0x00005d50                g_sf_el_ux_dcd_fs_0_err_callback_internal
                0x00005d50                g_sf_el_ux_dcd_fs_0_err_callback
 .text.ux_dcd_initialize
                0x00005d54       0x28 ./src/synergy_gen/common_data.o
                0x00005d54                ux_dcd_initialize
 .text.ux_device_err_callback_internal
                0x00005d7c        0x4 ./src/synergy_gen/common_data.o
                0x00005d7c                ux_device_err_callback
                0x00005d7c                ux_device_err_callback_internal
 .text.ux_device_init0
                0x00005d80       0x48 ./src/synergy_gen/common_data.o
                0x00005d80                ux_device_init0
 .text.ux_device_class_cdc_acm_init0
                0x00005dc8       0x64 ./src/synergy_gen/common_data.o
                0x00005dc8                ux_device_class_cdc_acm_init0
 .text.g_ux_device_class_cdc_acm0_ux_device_open_init
                0x00005e2c       0x10 ./src/synergy_gen/common_data.o
                0x00005e2c                g_ux_device_class_cdc_acm0_ux_device_open_init
 .text.g_common_init
                0x00005e3c       0x40 ./src/synergy_gen/common_data.o
                0x00005e3c                g_common_init
 .text.g_hal_init
                0x00005e7c        0x4 ./src/synergy_gen/hal_data.o
                0x00005e7c                g_hal_init
 .text.tx_application_define_internal
                0x00005e80        0x4 ./src/synergy_gen/main.o
                0x00005e80                tx_application_define_user
                0x00005e80                tx_application_define_internal
 .text.tx_startup_err_callback_internal
                0x00005e84        0x4 ./src/synergy_gen/main.o
                0x00005e84                tx_startup_err_callback_internal
                0x00005e84                tx_startup_err_callback
 .text.tx_application_define
                0x00005e88       0x4c ./src/synergy_gen/main.o
                0x00005e88                tx_application_define
 .text.tx_startup_common_init
                0x00005ed4       0x64 ./src/synergy_gen/main.o
                0x00005ed4                tx_startup_common_init
 .text.startup.main
                0x00005f38        0xc ./src/synergy_gen/main.o
                0x00005f38                main
 .text.Lab6_entry
                0x00005f44      0x19c ./src/Lab6_entry.o
                0x00005f44                Lab6_entry
 .text.R_FMI_ProductInfoGet
                0x000060e0       0x34 C:\Users\User\e2_studio\workspace\USB\synergy\ssp\src\driver\r_fmi\libs\libfmi_cm4_s7g2_gcc.a(r_fmi.o)
 .text.R_FMI_VersionGet
                0x00006114       0x10 C:\Users\User\e2_studio\workspace\USB\synergy\ssp\src\driver\r_fmi\libs\libfmi_cm4_s7g2_gcc.a(r_fmi.o)
 .text.R_FMI_UniqueIdGet
                0x00006124       0x40 C:\Users\User\e2_studio\workspace\USB\synergy\ssp\src\driver\r_fmi\libs\libfmi_cm4_s7g2_gcc.a(r_fmi.o)
 .text.R_FMI_EventInfoGet
                0x00006164       0x8c C:\Users\User\e2_studio\workspace\USB\synergy\ssp\src\driver\r_fmi\libs\libfmi_cm4_s7g2_gcc.a(r_fmi.o)
 .text.R_FMI_Init
                0x000061f0       0x90 C:\Users\User\e2_studio\workspace\USB\synergy\ssp\src\driver\r_fmi\libs\libfmi_cm4_s7g2_gcc.a(r_fmi.o)
 .text.R_FMI_FeatureGet
                0x00006280      0x238 C:\Users\User\e2_studio\workspace\USB\synergy\ssp\src\driver\r_fmi\libs\libfmi_cm4_s7g2_gcc.a(r_fmi.o)
 .text._txe_mutex_create
                0x000064b8       0xa8 C:\Users\User\e2_studio\workspace\USB\synergy\ssp\src\framework\el\tx\cm4_gcc\libtx.a(txe_mutex_create.o)
                0x000064b8                _txe_mutex_create
 .text._txe_mutex_delete
                0x00006560       0x2c C:\Users\User\e2_studio\workspace\USB\synergy\ssp\src\framework\el\tx\cm4_gcc\libtx.a(txe_mutex_delete.o)
                0x00006560                _txe_mutex_delete
 .text._txe_mutex_get
                0x0000658c       0x54 C:\Users\User\e2_studio\workspace\USB\synergy\ssp\src\framework\el\tx\cm4_gcc\libtx.a(txe_mutex_get.o)
                0x0000658c                _txe_mutex_get
 .text._txe_mutex_put
                0x000065e0       0x38 C:\Users\User\e2_studio\workspace\USB\synergy\ssp\src\framework\el\tx\cm4_gcc\libtx.a(txe_mutex_put.o)
                0x000065e0                _txe_mutex_put
 .text._txe_semaphore_ceiling_put
                0x00006618       0x30 C:\Users\User\e2_studio\workspace\USB\synergy\ssp\src\framework\el\tx\cm4_gcc\libtx.a(txe_semaphore_ceiling_put.o)
                0x00006618                _txe_semaphore_ceiling_put
 .text._txe_semaphore_create
                0x00006648       0xa0 C:\Users\User\e2_studio\workspace\USB\synergy\ssp\src\framework\el\tx\cm4_gcc\libtx.a(txe_semaphore_create.o)
                0x00006648                _txe_semaphore_create
 .text._txe_semaphore_delete
                0x000066e8       0x2c C:\Users\User\e2_studio\workspace\USB\synergy\ssp\src\framework\el\tx\cm4_gcc\libtx.a(txe_semaphore_delete.o)
                0x000066e8                _txe_semaphore_delete
 .text._txe_semaphore_get
                0x00006714       0x2c C:\Users\User\e2_studio\workspace\USB\synergy\ssp\src\framework\el\tx\cm4_gcc\libtx.a(txe_semaphore_get.o)
                0x00006714                _txe_semaphore_get
 .text._txe_semaphore_put
                0x00006740       0x18 C:\Users\User\e2_studio\workspace\USB\synergy\ssp\src\framework\el\tx\cm4_gcc\libtx.a(txe_semaphore_put.o)
                0x00006740                _txe_semaphore_put
 .text._txe_thread_create
                0x00006758      0x14c C:\Users\User\e2_studio\workspace\USB\synergy\ssp\src\framework\el\tx\cm4_gcc\libtx.a(txe_thread_create.o)
                0x00006758                _txe_thread_create
 .text._tx_initialize_high_level
                0x000068a4       0x70 C:\Users\User\e2_studio\workspace\USB\synergy\ssp\src\framework\el\tx\cm4_gcc\libtx.a(tx_initialize_high_level.o)
                0x000068a4                _tx_initialize_high_level
 .text._tx_initialize_kernel_enter
                0x00006914       0x48 C:\Users\User\e2_studio\workspace\USB\synergy\ssp\src\framework\el\tx\cm4_gcc\libtx.a(tx_initialize_kernel_enter.o)
                0x00006914                _tx_initialize_kernel_enter
 .text.tx_isr_end
                0x0000695c        0x4 C:\Users\User\e2_studio\workspace\USB\synergy\ssp\src\framework\el\tx\cm4_gcc\libtx.a(tx_isr_end.o)
                0x0000695c                tx_isr_end
 .text.tx_isr_start
                0x00006960        0x4 C:\Users\User\e2_studio\workspace\USB\synergy\ssp\src\framework\el\tx\cm4_gcc\libtx.a(tx_isr_start.o)
                0x00006960                tx_isr_start
 .text._tx_mutex_create
                0x00006964       0x60 C:\Users\User\e2_studio\workspace\USB\synergy\ssp\src\framework\el\tx\cm4_gcc\libtx.a(tx_mutex_create.o)
                0x00006964                _tx_mutex_create
 .text._tx_mutex_delete
                0x000069c4       0xb4 C:\Users\User\e2_studio\workspace\USB\synergy\ssp\src\framework\el\tx\cm4_gcc\libtx.a(tx_mutex_delete.o)
                0x000069c4                _tx_mutex_delete
 .text._tx_mutex_get
                0x00006a78      0x100 C:\Users\User\e2_studio\workspace\USB\synergy\ssp\src\framework\el\tx\cm4_gcc\libtx.a(tx_mutex_get.o)
                0x00006a78                _tx_mutex_get
 .text._tx_mutex_priority_change
                0x00006b78       0xb4 C:\Users\User\e2_studio\workspace\USB\synergy\ssp\src\framework\el\tx\cm4_gcc\libtx.a(tx_mutex_priority_change.o)
                0x00006b78                _tx_mutex_priority_change
 .text._tx_mutex_put
                0x00006c2c      0x208 C:\Users\User\e2_studio\workspace\USB\synergy\ssp\src\framework\el\tx\cm4_gcc\libtx.a(tx_mutex_put.o)
                0x00006c2c                _tx_mutex_put
 .text._tx_semaphore_ceiling_put
                0x00006e34       0x60 C:\Users\User\e2_studio\workspace\USB\synergy\ssp\src\framework\el\tx\cm4_gcc\libtx.a(tx_semaphore_ceiling_put.o)
                0x00006e34                _tx_semaphore_ceiling_put
 .text._tx_semaphore_create
                0x00006e94       0x54 C:\Users\User\e2_studio\workspace\USB\synergy\ssp\src\framework\el\tx\cm4_gcc\libtx.a(tx_semaphore_create.o)
                0x00006e94                _tx_semaphore_create
 .text._tx_semaphore_delete
                0x00006ee8       0x98 C:\Users\User\e2_studio\workspace\USB\synergy\ssp\src\framework\el\tx\cm4_gcc\libtx.a(tx_semaphore_delete.o)
                0x00006ee8                _tx_semaphore_delete
 .text._tx_semaphore_get
                0x00006f80       0x84 C:\Users\User\e2_studio\workspace\USB\synergy\ssp\src\framework\el\tx\cm4_gcc\libtx.a(tx_semaphore_get.o)
                0x00006f80                _tx_semaphore_get
 .text._tx_semaphore_put
                0x00007004       0x54 C:\Users\User\e2_studio\workspace\USB\synergy\ssp\src\framework\el\tx\cm4_gcc\libtx.a(tx_semaphore_put.o)
                0x00007004                _tx_semaphore_put
 .text._tx_thread_create
                0x00007058      0x134 C:\Users\User\e2_studio\workspace\USB\synergy\ssp\src\framework\el\tx\cm4_gcc\libtx.a(tx_thread_create.o)
                0x00007058                _tx_thread_create
 .text._tx_thread_initialize
                0x0000718c       0x64 C:\Users\User\e2_studio\workspace\USB\synergy\ssp\src\framework\el\tx\cm4_gcc\libtx.a(tx_thread_initialize.o)
                0x0000718c                _tx_thread_initialize
 .text._tx_thread_shell_entry
                0x000071f0       0x54 C:\Users\User\e2_studio\workspace\USB\synergy\ssp\src\framework\el\tx\cm4_gcc\libtx.a(tx_thread_shell_entry.o)
                0x000071f0                _tx_thread_shell_entry
 .text._tx_thread_sleep
                0x00007244       0x60 C:\Users\User\e2_studio\workspace\USB\synergy\ssp\src\framework\el\tx\cm4_gcc\libtx.a(tx_thread_sleep.o)
                0x00007244                _tx_thread_sleep
 .text._tx_thread_system_preempt_check
                0x000072a4       0x3c C:\Users\User\e2_studio\workspace\USB\synergy\ssp\src\framework\el\tx\cm4_gcc\libtx.a(tx_thread_system_preempt_check.o)
                0x000072a4                _tx_thread_system_preempt_check
 .text._tx_thread_system_resume
                0x000072e0       0xec C:\Users\User\e2_studio\workspace\USB\synergy\ssp\src\framework\el\tx\cm4_gcc\libtx.a(tx_thread_system_resume.o)
                0x000072e0                _tx_thread_system_resume
 .text._tx_thread_system_suspend
                0x000073cc      0x100 C:\Users\User\e2_studio\workspace\USB\synergy\ssp\src\framework\el\tx\cm4_gcc\libtx.a(tx_thread_system_suspend.o)
                0x000073cc                _tx_thread_system_suspend
 .text._tx_thread_timeout
                0x000074cc       0x30 C:\Users\User\e2_studio\workspace\USB\synergy\ssp\src\framework\el\tx\cm4_gcc\libtx.a(tx_thread_timeout.o)
                0x000074cc                _tx_thread_timeout
 .text._tx_timer_initialize
                0x000074fc       0x74 C:\Users\User\e2_studio\workspace\USB\synergy\ssp\src\framework\el\tx\cm4_gcc\libtx.a(tx_timer_initialize.o)
                0x000074fc                _tx_timer_initialize
 .text._tx_timer_system_activate
                0x00007570       0x54 C:\Users\User\e2_studio\workspace\USB\synergy\ssp\src\framework\el\tx\cm4_gcc\libtx.a(tx_timer_system_activate.o)
                0x00007570                _tx_timer_system_activate
 .text._tx_timer_system_deactivate
                0x000075c4       0x2c C:\Users\User\e2_studio\workspace\USB\synergy\ssp\src\framework\el\tx\cm4_gcc\libtx.a(tx_timer_system_deactivate.o)
                0x000075c4                _tx_timer_system_deactivate
 .text._tx_initialize_low_level
                0x000075f0       0x88 C:\Users\User\e2_studio\workspace\USB\synergy\ssp\src\framework\el\tx\cm4_gcc\libtx.a(tx_initialize_low_level.o)
                0x000075f0                _tx_initialize_low_level
 .text._tx_thread_schedule
                0x00007678       0x60 C:\Users\User\e2_studio\workspace\USB\synergy\ssp\src\framework\el\tx\cm4_gcc\libtx.a(tx_thread_schedule.o)
                0x00007678                _tx_thread_schedule
 .text._tx_port_wait_thread_ready
                0x000076d8       0xa8 C:\Users\User\e2_studio\workspace\USB\synergy\ssp\src\framework\el\tx\cm4_gcc\libtx.a(tx_thread_schedule.o)
                0x000076d8                _tx_port_wait_thread_ready
 .text.PendSV_Handler
                0x00007780       0xa8 C:\Users\User\e2_studio\workspace\USB\synergy\ssp\src\framework\el\tx\cm4_gcc\libtx.a(tx_thread_schedule.o)
                0x00007780                PendSV_Handler
 .text.SysTick_Handler
                0x00007828        0x4 C:\Users\User\e2_studio\workspace\USB\synergy\ssp\src\framework\el\tx\cm4_gcc\libtx.a(tx_thread_schedule.o)
                0x00007828                SysTick_Handler
 .text._tx_thread_stack_build
                0x0000782c       0x50 C:\Users\User\e2_studio\workspace\USB\synergy\ssp\src\framework\el\tx\cm4_gcc\libtx.a(tx_thread_stack_build.o)
                0x0000782c                _tx_thread_stack_build
 .text._tx_timer_interrupt
                0x0000787c       0xc0 C:\Users\User\e2_studio\workspace\USB\synergy\ssp\src\framework\el\tx\cm4_gcc\libtx.a(tx_timer_interrupt.o)
                0x0000787c                _tx_timer_interrupt
 .text._tx_mutex_cleanup
                0x0000793c       0x80 C:\Users\User\e2_studio\workspace\USB\synergy\ssp\src\framework\el\tx\cm4_gcc\libtx.a(tx_mutex_cleanup.o)
                0x0000793c                _tx_mutex_cleanup
 .text._tx_mutex_thread_release
                0x000079bc       0x44 C:\Users\User\e2_studio\workspace\USB\synergy\ssp\src\framework\el\tx\cm4_gcc\libtx.a(tx_mutex_cleanup.o)
                0x000079bc                _tx_mutex_thread_release
 .text._tx_mutex_prioritize
                0x00007a00       0x98 C:\Users\User\e2_studio\workspace\USB\synergy\ssp\src\framework\el\tx\cm4_gcc\libtx.a(tx_mutex_prioritize.o)
                0x00007a00                _tx_mutex_prioritize
 .text._tx_semaphore_cleanup
                0x00007a98       0x80 C:\Users\User\e2_studio\workspace\USB\synergy\ssp\src\framework\el\tx\cm4_gcc\libtx.a(tx_semaphore_cleanup.o)
                0x00007a98                _tx_semaphore_cleanup
 .text._tx_thread_time_slice
                0x00007b18       0x6c C:\Users\User\e2_studio\workspace\USB\synergy\ssp\src\framework\el\tx\cm4_gcc\libtx.a(tx_thread_time_slice.o)
                0x00007b18                _tx_thread_time_slice
 .text._tx_timer_expiration_process
                0x00007b84      0x104 C:\Users\User\e2_studio\workspace\USB\synergy\ssp\src\framework\el\tx\cm4_gcc\libtx.a(tx_timer_expiration_process.o)
                0x00007b84                _tx_timer_expiration_process
 .text._ux_device_stack_class_register
                0x00007c88       0x7c C:\Users\User\e2_studio\workspace\USB\synergy\ssp\src\framework\el\ux\cm4_gcc\libux.a(ux_device_stack_class_register.o)
                0x00007c88                _ux_device_stack_class_register
 .text._ux_device_stack_class_unregister
                0x00007d04       0x78 C:\Users\User\e2_studio\workspace\USB\synergy\ssp\src\framework\el\ux\cm4_gcc\libux.a(ux_device_stack_class_unregister.o)
                0x00007d04                _ux_device_stack_class_unregister
 .text._ux_device_stack_control_request_process
                0x00007d7c      0x218 C:\Users\User\e2_studio\workspace\USB\synergy\ssp\src\framework\el\ux\cm4_gcc\libux.a(ux_device_stack_control_request_process.o)
                0x00007d7c                _ux_device_stack_control_request_process
 .text._ux_device_stack_descriptor_send
                0x00007f94      0x23c C:\Users\User\e2_studio\workspace\USB\synergy\ssp\src\framework\el\ux\cm4_gcc\libux.a(ux_device_stack_descriptor_send.o)
                0x00007f94                _ux_device_stack_descriptor_send
 .text._ux_device_stack_disconnect
                0x000081d0       0x78 C:\Users\User\e2_studio\workspace\USB\synergy\ssp\src\framework\el\ux\cm4_gcc\libux.a(ux_device_stack_disconnect.o)
                0x000081d0                _ux_device_stack_disconnect
 .text._ux_device_stack_endpoint_stall
                0x00008248       0x40 C:\Users\User\e2_studio\workspace\USB\synergy\ssp\src\framework\el\ux\cm4_gcc\libux.a(ux_device_stack_endpoint_stall.o)
                0x00008248                _ux_device_stack_endpoint_stall
 .text._ux_device_stack_get_status
                0x00008288       0xa0 C:\Users\User\e2_studio\workspace\USB\synergy\ssp\src\framework\el\ux\cm4_gcc\libux.a(ux_device_stack_get_status.o)
                0x00008288                _ux_device_stack_get_status
 .text._ux_device_stack_initialize
                0x00008328      0x1e0 C:\Users\User\e2_studio\workspace\USB\synergy\ssp\src\framework\el\ux\cm4_gcc\libux.a(ux_device_stack_initialize.o)
                0x00008328                _ux_device_stack_initialize
 .text._ux_device_stack_interface_delete
                0x00008508       0x50 C:\Users\User\e2_studio\workspace\USB\synergy\ssp\src\framework\el\ux\cm4_gcc\libux.a(ux_device_stack_interface_delete.o)
                0x00008508                _ux_device_stack_interface_delete
 .text._ux_device_stack_set_feature
                0x00008558       0x68 C:\Users\User\e2_studio\workspace\USB\synergy\ssp\src\framework\el\ux\cm4_gcc\libux.a(ux_device_stack_set_feature.o)
                0x00008558                _ux_device_stack_set_feature
 .text._ux_device_stack_transfer_abort
                0x000085c0       0x40 C:\Users\User\e2_studio\workspace\USB\synergy\ssp\src\framework\el\ux\cm4_gcc\libux.a(ux_device_stack_transfer_abort.o)
                0x000085c0                _ux_device_stack_transfer_abort
 .text._ux_device_stack_transfer_request
                0x00008600       0xa8 C:\Users\User\e2_studio\workspace\USB\synergy\ssp\src\framework\el\ux\cm4_gcc\libux.a(ux_device_stack_transfer_request.o)
                0x00008600                _ux_device_stack_transfer_request
 .text._ux_device_stack_uninitialize
                0x000086a8       0x54 C:\Users\User\e2_studio\workspace\USB\synergy\ssp\src\framework\el\ux\cm4_gcc\libux.a(ux_device_stack_uninitialize.o)
                0x000086a8                _ux_device_stack_uninitialize
 .text._ux_system_error_handler
                0x000086fc       0x24 C:\Users\User\e2_studio\workspace\USB\synergy\ssp\src\framework\el\ux\cm4_gcc\libux.a(ux_system_error_handler.o)
                0x000086fc                _ux_system_error_handler
 .text._ux_system_initialize
                0x00008720       0xb0 C:\Users\User\e2_studio\workspace\USB\synergy\ssp\src\framework\el\ux\cm4_gcc\libux.a(ux_system_initialize.o)
                0x00008720                _ux_system_initialize
 .text._ux_utility_delay_ms
                0x000087d0       0x18 C:\Users\User\e2_studio\workspace\USB\synergy\ssp\src\framework\el\ux\cm4_gcc\libux.a(ux_utility_delay_ms.o)
                0x000087d0                _ux_utility_delay_ms
 .text._ux_utility_descriptor_parse
                0x000087e8       0x48 C:\Users\User\e2_studio\workspace\USB\synergy\ssp\src\framework\el\ux\cm4_gcc\libux.a(ux_utility_descriptor_parse.o)
                0x000087e8                _ux_utility_descriptor_parse
 .text._ux_utility_long_get
                0x00008830        0x4 C:\Users\User\e2_studio\workspace\USB\synergy\ssp\src\framework\el\ux\cm4_gcc\libux.a(ux_utility_long_get.o)
                0x00008830                _ux_utility_long_get
 .text._ux_utility_memory_allocate
                0x00008834      0x130 C:\Users\User\e2_studio\workspace\USB\synergy\ssp\src\framework\el\ux\cm4_gcc\libux.a(ux_utility_memory_allocate.o)
                0x00008834                _ux_utility_memory_allocate
 .text._ux_utility_memory_allocate_mulc_safe
                0x00008964       0x28 C:\Users\User\e2_studio\workspace\USB\synergy\ssp\src\framework\el\ux\cm4_gcc\libux.a(ux_utility_memory_allocate_mulc_safe.o)
                0x00008964                _ux_utility_memory_allocate_mulc_safe
 .text._ux_utility_memory_compare
                0x0000898c       0x1c C:\Users\User\e2_studio\workspace\USB\synergy\ssp\src\framework\el\ux\cm4_gcc\libux.a(ux_utility_memory_compare.o)
                0x0000898c                _ux_utility_memory_compare
 .text._ux_utility_memory_copy
                0x000089a8       0x14 C:\Users\User\e2_studio\workspace\USB\synergy\ssp\src\framework\el\ux\cm4_gcc\libux.a(ux_utility_memory_copy.o)
                0x000089a8                _ux_utility_memory_copy
 .text._ux_utility_memory_free
                0x000089bc       0xac C:\Users\User\e2_studio\workspace\USB\synergy\ssp\src\framework\el\ux\cm4_gcc\libux.a(ux_utility_memory_free.o)
                0x000089bc                _ux_utility_memory_free
 .text._ux_utility_memory_free_block_best_get
                0x00008a68       0x64 C:\Users\User\e2_studio\workspace\USB\synergy\ssp\src\framework\el\ux\cm4_gcc\libux.a(ux_utility_memory_free_block_best_get.o)
                0x00008a68                _ux_utility_memory_free_block_best_get
 .text._ux_utility_memory_set
                0x00008acc        0x8 C:\Users\User\e2_studio\workspace\USB\synergy\ssp\src\framework\el\ux\cm4_gcc\libux.a(ux_utility_memory_set.o)
                0x00008acc                _ux_utility_memory_set
 .text._ux_utility_mutex_create
                0x00008ad4       0x20 C:\Users\User\e2_studio\workspace\USB\synergy\ssp\src\framework\el\ux\cm4_gcc\libux.a(ux_utility_mutex_create.o)
                0x00008ad4                _ux_utility_mutex_create
 .text._ux_utility_mutex_off
                0x00008af4        0x4 C:\Users\User\e2_studio\workspace\USB\synergy\ssp\src\framework\el\ux\cm4_gcc\libux.a(ux_utility_mutex_off.o)
                0x00008af4                _ux_utility_mutex_off
 .text._ux_utility_mutex_on
                0x00008af8       0x1c C:\Users\User\e2_studio\workspace\USB\synergy\ssp\src\framework\el\ux\cm4_gcc\libux.a(ux_utility_mutex_on.o)
                0x00008af8                _ux_utility_mutex_on
 .text._ux_utility_semaphore_create
                0x00008b14       0x20 C:\Users\User\e2_studio\workspace\USB\synergy\ssp\src\framework\el\ux\cm4_gcc\libux.a(ux_utility_semaphore_create.o)
                0x00008b14                _ux_utility_semaphore_create
 .text._ux_utility_semaphore_delete
                0x00008b34        0x4 C:\Users\User\e2_studio\workspace\USB\synergy\ssp\src\framework\el\ux\cm4_gcc\libux.a(ux_utility_semaphore_delete.o)
                0x00008b34                _ux_utility_semaphore_delete
 .text._ux_utility_semaphore_get
                0x00008b38       0x48 C:\Users\User\e2_studio\workspace\USB\synergy\ssp\src\framework\el\ux\cm4_gcc\libux.a(ux_utility_semaphore_get.o)
                0x00008b38                _ux_utility_semaphore_get
 .text._ux_utility_semaphore_put
                0x00008b80        0x4 C:\Users\User\e2_studio\workspace\USB\synergy\ssp\src\framework\el\ux\cm4_gcc\libux.a(ux_utility_semaphore_put.o)
                0x00008b80                _ux_utility_semaphore_put
 .text._ux_utility_short_get
                0x00008b84        0x4 C:\Users\User\e2_studio\workspace\USB\synergy\ssp\src\framework\el\ux\cm4_gcc\libux.a(ux_utility_short_get.o)
                0x00008b84                _ux_utility_short_get
 .text._ux_utility_short_put
                0x00008b88        0x8 C:\Users\User\e2_studio\workspace\USB\synergy\ssp\src\framework\el\ux\cm4_gcc\libux.a(ux_utility_short_put.o)
                0x00008b88                _ux_utility_short_put
 .text._ux_utility_string_length_check
                0x00008b90       0x38 C:\Users\User\e2_studio\workspace\USB\synergy\ssp\src\framework\el\ux\cm4_gcc\libux.a(ux_utility_string_length_check.o)
                0x00008b90                _ux_utility_string_length_check
 .text._ux_device_stack_alternate_setting_get
                0x00008bc8       0x50 C:\Users\User\e2_studio\workspace\USB\synergy\ssp\src\framework\el\ux\cm4_gcc\libux.a(ux_device_stack_alternate_setting_get.o)
                0x00008bc8                _ux_device_stack_alternate_setting_get
 .text._ux_device_stack_alternate_setting_set
                0x00008c18      0x228 C:\Users\User\e2_studio\workspace\USB\synergy\ssp\src\framework\el\ux\cm4_gcc\libux.a(ux_device_stack_alternate_setting_set.o)
                0x00008c18                _ux_device_stack_alternate_setting_set
 .text._ux_device_stack_clear_feature
                0x00008e40       0x68 C:\Users\User\e2_studio\workspace\USB\synergy\ssp\src\framework\el\ux\cm4_gcc\libux.a(ux_device_stack_clear_feature.o)
                0x00008e40                _ux_device_stack_clear_feature
 .text._ux_device_stack_configuration_get
                0x00008ea8       0x28 C:\Users\User\e2_studio\workspace\USB\synergy\ssp\src\framework\el\ux\cm4_gcc\libux.a(ux_device_stack_configuration_get.o)
                0x00008ea8                _ux_device_stack_configuration_get
 .text._ux_device_stack_configuration_set
                0x00008ed0      0x240 C:\Users\User\e2_studio\workspace\USB\synergy\ssp\src\framework\el\ux\cm4_gcc\libux.a(ux_device_stack_configuration_set.o)
                0x00008ed0                _ux_device_stack_configuration_set
 .text._ux_device_stack_interface_set
                0x00009110      0x148 C:\Users\User\e2_studio\workspace\USB\synergy\ssp\src\framework\el\ux\cm4_gcc\libux.a(ux_device_stack_interface_set.o)
                0x00009110                _ux_device_stack_interface_set
 .text._ux_device_stack_interface_start
                0x00009258       0x5c C:\Users\User\e2_studio\workspace\USB\synergy\ssp\src\framework\el\ux\cm4_gcc\libux.a(ux_device_stack_interface_start.o)
                0x00009258                _ux_device_stack_interface_start
 .text._ux_device_stack_transfer_all_request_abort
                0x000092b4        0xc C:\Users\User\e2_studio\workspace\USB\synergy\ssp\src\framework\el\ux\cm4_gcc\libux.a(ux_device_stack_transfer_all_request_abort.o)
                0x000092b4                _ux_device_stack_transfer_all_request_abort
 .text._ux_device_class_cdc_acm_entry
                0x000092c0       0x38 C:\Users\User\e2_studio\workspace\USB\synergy\ssp\src\framework\el\ux_device_class_cdc_acm\cm4_gcc\libux_device_class_cdc_acm.a(ux_device_class_cdc_acm_entry.o)
                0x000092c0                _ux_device_class_cdc_acm_entry
 .text._ux_device_class_cdc_acm_initialize
                0x000092f8       0x70 C:\Users\User\e2_studio\workspace\USB\synergy\ssp\src\framework\el\ux_device_class_cdc_acm\cm4_gcc\libux_device_class_cdc_acm.a(ux_device_class_cdc_acm_initialize.o)
                0x000092f8                _ux_device_class_cdc_acm_initialize
 .text._ux_device_class_cdc_acm_ioctl
                0x00009368       0xec C:\Users\User\e2_studio\workspace\USB\synergy\ssp\src\framework\el\ux_device_class_cdc_acm\cm4_gcc\libux_device_class_cdc_acm.a(ux_device_class_cdc_acm_ioctl.o)
                0x00009368                _ux_device_class_cdc_acm_ioctl
 .text._ux_device_class_cdc_acm_read
                0x00009454       0xc8 C:\Users\User\e2_studio\workspace\USB\synergy\ssp\src\framework\el\ux_device_class_cdc_acm\cm4_gcc\libux_device_class_cdc_acm.a(ux_device_class_cdc_acm_read.o)
                0x00009454                _ux_device_class_cdc_acm_read
 .text._ux_device_class_cdc_acm_uninitialize
                0x0000951c       0x24 C:\Users\User\e2_studio\workspace\USB\synergy\ssp\src\framework\el\ux_device_class_cdc_acm\cm4_gcc\libux_device_class_cdc_acm.a(ux_device_class_cdc_acm_unitialize.o)
                0x0000951c                _ux_device_class_cdc_acm_uninitialize
 .text._ux_device_class_cdc_acm_write
                0x00009540      0x110 C:\Users\User\e2_studio\workspace\USB\synergy\ssp\src\framework\el\ux_device_class_cdc_acm\cm4_gcc\libux_device_class_cdc_acm.a(ux_device_class_cdc_acm_write.o)
                0x00009540                _ux_device_class_cdc_acm_write
 .text._ux_device_class_cdc_acm_activate
                0x00009650       0x18 C:\Users\User\e2_studio\workspace\USB\synergy\ssp\src\framework\el\ux_device_class_cdc_acm\cm4_gcc\libux_device_class_cdc_acm.a(ux_device_class_cdc_acm_activate.o)
                0x00009650                _ux_device_class_cdc_acm_activate
 .text._ux_device_class_cdc_acm_control_request
                0x00009668       0xdc C:\Users\User\e2_studio\workspace\USB\synergy\ssp\src\framework\el\ux_device_class_cdc_acm\cm4_gcc\libux_device_class_cdc_acm.a(ux_device_class_cdc_acm_control_request.o)
                0x00009668                _ux_device_class_cdc_acm_control_request
 .text._ux_device_class_cdc_acm_deactivate
                0x00009744       0x44 C:\Users\User\e2_studio\workspace\USB\synergy\ssp\src\framework\el\ux_device_class_cdc_acm\cm4_gcc\libux_device_class_cdc_acm.a(ux_device_class_cdc_acm_deactivate.o)
                0x00009744                _ux_device_class_cdc_acm_deactivate
 .text._txe_thread_info_get
                0x00009788       0x24 C:\Users\User\e2_studio\workspace\USB\synergy\ssp\src\framework\el\tx\cm4_gcc\libtx.a(txe_thread_info_get.o)
                0x00009788                _txe_thread_info_get
 .text._tx_thread_identify
                0x000097ac       0x14 C:\Users\User\e2_studio\workspace\USB\synergy\ssp\src\framework\el\tx\cm4_gcc\libtx.a(tx_thread_identify.o)
                0x000097ac                _tx_thread_identify
 .text._tx_thread_info_get
                0x000097c0       0x64 C:\Users\User\e2_studio\workspace\USB\synergy\ssp\src\framework\el\tx\cm4_gcc\libtx.a(tx_thread_info_get.o)
                0x000097c0                _tx_thread_info_get
 .text._ux_utility_long_put
                0x00009824       0x14 C:\Users\User\e2_studio\workspace\USB\synergy\ssp\src\framework\el\ux\cm4_gcc\libux.a(ux_utility_long_put.o)
                0x00009824                _ux_utility_long_put
 .text._ux_utility_mutex_delete
                0x00009838        0x4 C:\Users\User\e2_studio\workspace\USB\synergy\ssp\src\framework\el\ux\cm4_gcc\libux.a(ux_utility_mutex_delete.o)
                0x00009838                _ux_utility_mutex_delete
 .text.__errno  0x0000983c        0xc c:/renesas/synergy/e2studio_v2024-01.1_ssp_v2.6.1/toolchains/gcc_arm/gcc-arm-none-eabi-10.3-2021.10/bin/../lib/gcc/arm-none-eabi/10.3.1/../../../../arm-none-eabi/lib/thumb/v7e-m+fp/hard\libg_nano.a(lib_a-errno.o)
                0x0000983c                __errno
 .text.memcpy   0x00009848       0x1c c:/renesas/synergy/e2studio_v2024-01.1_ssp_v2.6.1/toolchains/gcc_arm/gcc-arm-none-eabi-10.3-2021.10/bin/../lib/gcc/arm-none-eabi/10.3.1/../../../../arm-none-eabi/lib/thumb/v7e-m+fp/hard\libg_nano.a(lib_a-memcpy-stub.o)
                0x00009848                memcpy
 .text.memset   0x00009864       0x10 c:/renesas/synergy/e2studio_v2024-01.1_ssp_v2.6.1/toolchains/gcc_arm/gcc-arm-none-eabi-10.3-2021.10/bin/../lib/gcc/arm-none-eabi/10.3.1/../../../../arm-none-eabi/lib/thumb/v7e-m+fp/hard\libg_nano.a(lib_a-memset.o)
                0x00009864                memset
 .text.srand    0x00009874       0x5c c:/renesas/synergy/e2studio_v2024-01.1_ssp_v2.6.1/toolchains/gcc_arm/gcc-arm-none-eabi-10.3-2021.10/bin/../lib/gcc/arm-none-eabi/10.3.1/../../../../arm-none-eabi/lib/thumb/v7e-m+fp/hard\libg_nano.a(lib_a-rand.o)
                0x00009874                srand
 .text.__assert_func
                0x000098d0       0x3c c:/renesas/synergy/e2studio_v2024-01.1_ssp_v2.6.1/toolchains/gcc_arm/gcc-arm-none-eabi-10.3-2021.10/bin/../lib/gcc/arm-none-eabi/10.3.1/../../../../arm-none-eabi/lib/thumb/v7e-m+fp/hard\libg_nano.a(lib_a-assert.o)
                0x000098d0                __assert_func